Reading file /tmp/tmppospouor/repo/gds/user_project_wrapper.gds for cell user_project_wrapper
dbu=0.001
cell user_project_wrapper dbu-bbox(ll;ur)=(-4800,-4800;2924800,3524800)
cell user_project_wrapper dbu-bbox(left,bottom,right,top)=(-4800,-4800,2924800,3524800)
cell user_project_wrapper dbu-size(width,height)=(2929600,3529600)
cell user_project_wrapper micron-bbox(left,bottom,right,top)=(-4.8,-4.8,2924.8,3524.8)
cell user_project_wrapper micron-size(width,height)=(2929.6,3529.6)
Done.

Magic 8.3 revision 471 - Compiled on Wed Apr 22 16:23:58 UTC 2026.
Starting magic under Tcl interpreter
Using the terminal as the console.
Using NULL graphics device.
Processing system .magicrc file
Sourcing design .magicrc for technology sky130A ...
2 Magic internal units = 1 Lambda
Input style sky130(): scaleFactor=2, multiplier=2
The following types are not handled by extraction and will be treated as non-electrical types:
    ubm 
Scaled tech values by 2 / 1 to match internal grid scaling
Loading sky130A Device Generator Menu ...
Loading "/usr/local/lib/python3.9/site-packages/cf_precheck/drc_scripts/erase_box.tcl" from command line.
Input style sky130(vendor): scaleFactor=2, multiplier=2
CIF input style is now "sky130(vendor)"
Warning: Calma reading is not undoable!  I hope that's OK.
Library written using GDS-II Release 6.0
Library name: LIB
Reading "VIA_M2M3_PR".
Reading "VIA_M1M2_PR".
Reading "VIA_L1M1_PR_MR".
Reading "VIA_via2_3_3100_480_1_9_320_320".
Reading "VIA_via3_4_3100_480_1_7_400_400".
Reading "VIA_via4_5_3100_480_1_7_400_400".
Reading "VIA_via5_6_3100_3100_2_2_1600_1600".
Reading "sky130_fd_sc_hd__conb_1".
Reading "sky130_fd_sc_hd__buf_6".
Reading "sky130_fd_sc_hd__dlygate4sd3_1".
Reading "sky130_fd_sc_hd__buf_2".
Reading "sky130_fd_sc_hd__dlymetal6s2s_1".
Reading "sky130_fd_sc_hd__clkinvlp_4".
Reading "sky130_fd_sc_hd__clkinv_2".
Reading "sky130_fd_sc_hd__clkbuf_8".
Reading "sky130_fd_sc_hd__clkbuf_16".
Reading "sky130_fd_sc_hd__buf_12".
Reading "sky130_fd_sc_hd__clkbuf_1".
Reading "sky130_fd_sc_hd__buf_1".
Reading "sky130_fd_sc_hd__clkbuf_2".
Reading "sky130_fd_sc_hd__clkbuf_4".
Reading "sky130_fd_sc_hd__buf_4".
Reading "sky130_fd_sc_hd__dfstp_1".
Reading "sky130_fd_sc_hd__dfrtp_2".
Reading "sky130_fd_sc_hd__dfrtp_4".
Reading "sky130_fd_sc_hd__dfrtp_1".
Reading "sky130_fd_sc_hd__nand4_1".
Reading "sky130_fd_sc_hd__or3b_1".
Reading "sky130_fd_sc_hd__a31oi_1".
Reading "sky130_fd_sc_hd__o31ai_1".
Reading "sky130_fd_sc_hd__o21a_1".
Reading "sky130_fd_sc_hd__a2bb2o_1".
Reading "sky130_fd_sc_hd__and4_4".
Reading "sky130_fd_sc_hd__o21ai_1".
Reading "sky130_fd_sc_hd__a22o_1".
Reading "sky130_fd_sc_hd__a211o_1".
Reading "sky130_fd_sc_hd__nand2b_4".
Reading "sky130_fd_sc_hd__and3b_1".
Reading "sky130_fd_sc_hd__nand2b_1".
Reading "sky130_fd_sc_hd__nor3_1".
Reading "sky130_fd_sc_hd__or3_2".
Reading "sky130_fd_sc_hd__or4b_1".
Reading "sky130_fd_sc_hd__or4_1".
Reading "sky130_fd_sc_hd__nor4_1".
Reading "sky130_fd_sc_hd__and2_1".
Reading "sky130_fd_sc_hd__or4bb_1".
Reading "sky130_fd_sc_hd__xnor2_1".
Reading "sky130_fd_sc_hd__and2b_1".
Reading "sky130_fd_sc_hd__xor2_1".
Reading "sky130_fd_sc_hd__a21oi_1".
Reading "sky130_fd_sc_hd__and4_1".
Reading "sky130_fd_sc_hd__or2_1".
Reading "sky130_fd_sc_hd__a32o_1".
Reading "sky130_fd_sc_hd__a21o_1".
Reading "sky130_fd_sc_hd__a21bo_1".
Reading "sky130_fd_sc_hd__a31o_1".
Reading "sky130_fd_sc_hd__o22a_1".
Reading "sky130_fd_sc_hd__nor2_1".
Reading "sky130_fd_sc_hd__nand3_1".
Reading "sky130_fd_sc_hd__and3_1".
Reading "sky130_fd_sc_hd__nand2_1".
Reading "sky130_fd_sc_hd__mux2_1".
Reading "sky130_fd_sc_hd__inv_2".
Reading "sky130_fd_sc_hd__tapvpwrvgnd_1".
Reading "sky130_fd_sc_hd__decap_3".
Reading "sky130_ef_sc_hd__decap_40_12".
Reading "sky130_fd_sc_hd__fill_8".
Reading "sky130_fd_sc_hd__fill_4".
Reading "sky130_fd_sc_hd__fill_1".
Reading "sky130_fd_sc_hd__fill_2".
Reading "sky130_fd_sc_hd__diode_2".
Reading "user_project_wrapper".
    5000 uses
    10000 uses
    15000 uses
    20000 uses
    25000 uses
    30000 uses
    35000 uses
    40000 uses
    45000 uses
    50000 uses
    55000 uses
    60000 uses
    65000 uses
    70000 uses
    75000 uses
    80000 uses
    85000 uses
    90000 uses
    95000 uses
    100000 uses
    105000 uses
    110000 uses
    115000 uses
    120000 uses
    125000 uses
    130000 uses
    135000 uses
    140000 uses
    145000 uses
    150000 uses
    155000 uses
    160000 uses
    165000 uses
    170000 uses
    175000 uses
    180000 uses
    185000 uses
    190000 uses
    195000 uses
    200000 uses
    205000 uses
    210000 uses
    215000 uses
    220000 uses
    225000 uses
    230000 uses
    235000 uses
    240000 uses
    245000 uses
    250000 uses
    255000 uses
    260000 uses
    265000 uses
    270000 uses
    275000 uses
    280000 uses
    285000 uses
    290000 uses
    295000 uses
    300000 uses
    305000 uses
    310000 uses
    315000 uses
    320000 uses
    325000 uses
    330000 uses
    335000 uses
    340000 uses
    345000 uses
    350000 uses
    355000 uses
    360000 uses
    365000 uses
    370000 uses
    375000 uses
    380000 uses
    385000 uses
    390000 uses
    395000 uses
    400000 uses
    405000 uses
    410000 uses
    415000 uses
    420000 uses
    425000 uses
    430000 uses
    435000 uses
    440000 uses
    445000 uses
    450000 uses
    455000 uses
    460000 uses
    465000 uses
    470000 uses
    475000 uses
    480000 uses
    485000 uses
    490000 uses
    495000 uses
    500000 uses
    505000 uses
    510000 uses
    515000 uses
    520000 uses
    525000 uses
    530000 uses
    535000 uses
    540000 uses
    545000 uses
    550000 uses
    555000 uses
    560000 uses
    565000 uses
    570000 uses
    575000 uses
    580000 uses
    585000 uses
    590000 uses
    595000 uses
    600000 uses
    605000 uses
    610000 uses
    615000 uses
    620000 uses
    625000 uses
    630000 uses
    635000 uses
    640000 uses
    645000 uses
    650000 uses
    655000 uses
    660000 uses
    665000 uses
    670000 uses
    675000 uses
    680000 uses
    685000 uses
    690000 uses
    695000 uses
    700000 uses
    705000 uses
    710000 uses
    715000 uses
    720000 uses
    725000 uses
    730000 uses
    735000 uses
    740000 uses
    745000 uses
    750000 uses
    755000 uses
    760000 uses
    765000 uses
    770000 uses
    775000 uses
    780000 uses
    785000 uses
    790000 uses
    795000 uses
    800000 uses
    805000 uses
    810000 uses
    815000 uses
    820000 uses
    825000 uses
    830000 uses
    835000 uses
    840000 uses
    845000 uses
    850000 uses
    855000 uses
    860000 uses
    865000 uses
    870000 uses
    875000 uses
    880000 uses
    885000 uses
    890000 uses
    895000 uses
    900000 uses
    905000 uses
    910000 uses
    915000 uses
    920000 uses
    925000 uses
    930000 uses
    935000 uses
    940000 uses
    945000 uses
    950000 uses
    955000 uses
    960000 uses
    965000 uses
    970000 uses
    975000 uses
    980000 uses
    985000 uses
    990000 uses
    995000 uses
    1000000 uses
    1005000 uses
    1010000 uses
    1015000 uses
    1020000 uses
    1025000 uses
    1030000 uses
    1035000 uses
    1040000 uses
    1045000 uses
    1050000 uses
    1055000 uses
    1060000 uses
    1065000 uses
    1070000 uses
    1075000 uses
    1080000 uses
    1085000 uses
    1090000 uses
    1095000 uses
    1100000 uses
    1105000 uses
    1110000 uses
    1115000 uses
    1120000 uses
    1125000 uses
    1130000 uses
    1135000 uses
    1140000 uses
    1145000 uses
    1150000 uses
    1155000 uses
    1160000 uses
    1165000 uses
    1170000 uses
    1175000 uses
    1180000 uses
    1185000 uses
    1190000 uses
    1195000 uses
    1200000 uses
    1205000 uses
    1210000 uses
    1215000 uses
    1220000 uses
    1225000 uses
    1230000 uses
    1235000 uses
    1240000 uses
Root cell box:
           width x height  (   llx,  lly  ), (   urx,  ury  )  area (units^2)

microns:  43.630 x 3520.000  (-43.630,  0.000), ( 0.000,  3520.000)  153577.594
lambda:   4363.00 x 352000.00  (-4363.00,  0.00 ), (  0.00,  352000.00)  1535776000.00
internal:   8726 x 704000  ( -8726,  0    ), (     0,  704000)  6143104000
Root cell box:
           width x height  (   llx,  lly  ), (   urx,  ury  )  area (units^2)

microns:  43.250 x 3520.000  ( 2920.000,  0.000), ( 2963.250,  3520.000)  152240.000
lambda:   4325.00 x 352000.00  ( 292000.00,  0.00 ), ( 296325.00,  352000.00)  1522400000.00
internal:   8650 x 704000  ( 584000,  0    ), ( 592650,  704000)  6089600000
Root cell box:
           width x height  (   llx,  lly  ), (   urx,  ury  )  area (units^2)

microns:  3006.880 x 38.270  (-43.630, -38.270), ( 2963.250,  0.000)  115073.289
lambda:   300688.00 x 3827.00  (-4363.00, -3827.00), ( 296325.00,  0.00 )  1150732928.00
internal: 601376 x 7654    ( -8726, -7654 ), ( 592650,  0    )  4602931904
Root cell box:
           width x height  (   llx,  lly  ), (   urx,  ury  )  area (units^2)

microns:  3006.880 x 37.950  (-43.630,  3520.000), ( 2963.250,  3557.950)  114111.086
lambda:   300688.00 x 3795.00  (-4363.00,  352000.00), ( 296325.00,  355795.00)  1141110912.00
internal: 601376 x 7590    ( -8726,  704000), ( 592650,  711590)  4564443840
   Generating output for cell xor_target

Magic 8.3 revision 471 - Compiled on Wed Apr 22 16:23:58 UTC 2026.
Starting magic under Tcl interpreter
Using the terminal as the console.
Using NULL graphics device.
Processing system .magicrc file
Sourcing design .magicrc for technology sky130A ...
2 Magic internal units = 1 Lambda
Input style sky130(): scaleFactor=2, multiplier=2
The following types are not handled by extraction and will be treated as non-electrical types:
    ubm 
Scaled tech values by 2 / 1 to match internal grid scaling
Loading sky130A Device Generator Menu ...
Loading "/usr/local/lib/python3.9/site-packages/cf_precheck/drc_scripts/erase_box.tcl" from command line.
Input style sky130(vendor): scaleFactor=2, multiplier=2
CIF input style is now "sky130(vendor)"
Warning: Calma reading is not undoable!  I hope that's OK.
Library written using GDS-II Release 3.0
Library name: user_project_wrapper
Reading "user_project_wrapper".
Root cell box:
           width x height  (   llx,  lly  ), (   urx,  ury  )  area (units^2)

microns:  43.630 x 3520.000  (-43.630,  0.000), ( 0.000,  3520.000)  153577.594
lambda:   4363.00 x 352000.00  (-4363.00,  0.00 ), (  0.00,  352000.00)  1535776000.00
internal:   8726 x 704000  ( -8726,  0    ), (     0,  704000)  6143104000
Root cell box:
           width x height  (   llx,  lly  ), (   urx,  ury  )  area (units^2)

microns:  43.250 x 3520.000  ( 2920.000,  0.000), ( 2963.250,  3520.000)  152240.000
lambda:   4325.00 x 352000.00  ( 292000.00,  0.00 ), ( 296325.00,  352000.00)  1522400000.00
internal:   8650 x 704000  ( 584000,  0    ), ( 592650,  704000)  6089600000
Root cell box:
           width x height  (   llx,  lly  ), (   urx,  ury  )  area (units^2)

microns:  3006.880 x 38.270  (-43.630, -38.270), ( 2963.250,  0.000)  115073.289
lambda:   300688.00 x 3827.00  (-4363.00, -3827.00), ( 296325.00,  0.00 )  1150732928.00
internal: 601376 x 7654    ( -8726, -7654 ), ( 592650,  0    )  4602931904
Root cell box:
           width x height  (   llx,  lly  ), (   urx,  ury  )  area (units^2)

microns:  3006.880 x 37.950  (-43.630,  3520.000), ( 2963.250,  3557.950)  114111.086
lambda:   300688.00 x 3795.00  (-4363.00,  352000.00), ( 296325.00,  355795.00)  1141110912.00
internal: 601376 x 7590    ( -8726,  704000), ( 592650,  711590)  4564443840
   Generating output for cell xor_target
Reading /tmp/tmppospouor/repo/precheck_results/02_MAY_2026___06_03_18/outputs/user_project_wrapper_erased.gds ..
Reading /tmp/tmppospouor/repo/precheck_results/02_MAY_2026___06_03_18/outputs/user_project_wrapper_empty_erased.gds ..
--- Running XOR for 69/20 ---
"input" in: xor.rb.drc:39
    Polygons (raw): 530 (flat)  530 (hierarchical)
    Elapsed: 0.000s  Memory: 571.00M
"input" in: xor.rb.drc:39
    Polygons (raw): 530 (flat)  530 (hierarchical)
    Elapsed: 0.000s  Memory: 571.00M
"^" in: xor.rb.drc:39
    Polygons (raw): 0 (flat)  0 (hierarchical)
    Elapsed: 0.020s  Memory: 571.00M
XOR differences: 0
"output" in: xor.rb.drc:43
    Polygons (raw): 0 (flat)  0 (hierarchical)
    Elapsed: 0.000s  Memory: 571.00M
--- Running XOR for 70/20 ---
"input" in: xor.rb.drc:39
    Polygons (raw): 107 (flat)  107 (hierarchical)
    Elapsed: 0.000s  Memory: 571.00M
"input" in: xor.rb.drc:39
    Polygons (raw): 107 (flat)  107 (hierarchical)
    Elapsed: 0.000s  Memory: 571.00M
"^" in: xor.rb.drc:39
    Polygons (raw): 0 (flat)  0 (hierarchical)
    Elapsed: 0.000s  Memory: 571.00M
XOR differences: 0
"output" in: xor.rb.drc:43
    Polygons (raw): 0 (flat)  0 (hierarchical)
    Elapsed: 0.000s  Memory: 571.00M
--- Running XOR for 71/20 ---
"input" in: xor.rb.drc:39
    Polygons (raw): 0 (flat)  0 (hierarchical)
    Elapsed: 0.000s  Memory: 571.00M
"input" in: xor.rb.drc:39
    Polygons (raw): 16 (flat)  16 (hierarchical)
    Elapsed: 0.000s  Memory: 571.00M
"^" in: xor.rb.drc:39
    Polygons (raw): 16 (flat)  16 (hierarchical)
    Elapsed: 0.000s  Memory: 571.00M
XOR differences: 16
"output" in: xor.rb.drc:43
    Polygons (raw): 16 (flat)  16 (hierarchical)
    Elapsed: 0.000s  Memory: 571.00M
--- Running XOR for 71/44 ---
"input" in: xor.rb.drc:39
    Polygons (raw): 0 (flat)  0 (hierarchical)
    Elapsed: 0.000s  Memory: 571.00M
"input" in: xor.rb.drc:39
    Polygons (raw): 128 (flat)  128 (hierarchical)
    Elapsed: 0.000s  Memory: 571.00M
"^" in: xor.rb.drc:39
    Polygons (raw): 128 (flat)  128 (hierarchical)
    Elapsed: 0.000s  Memory: 571.00M
XOR differences: 128
"output" in: xor.rb.drc:43
    Polygons (raw): 128 (flat)  128 (hierarchical)
    Elapsed: 0.000s  Memory: 571.00M
--- Running XOR for 72/20 ---
"input" in: xor.rb.drc:39
    Polygons (raw): 0 (flat)  0 (hierarchical)
    Elapsed: 0.000s  Memory: 571.00M
"input" in: xor.rb.drc:39
    Polygons (raw): 16 (flat)  16 (hierarchical)
    Elapsed: 0.000s  Memory: 571.00M
"^" in: xor.rb.drc:39
    Polygons (raw): 16 (flat)  16 (hierarchical)
    Elapsed: 0.000s  Memory: 571.00M
XOR differences: 16
"output" in: xor.rb.drc:43
    Polygons (raw): 16 (flat)  16 (hierarchical)
    Elapsed: 0.000s  Memory: 571.00M
--- Running XOR for 81/14 ---
"input" in: xor.rb.drc:39
    Polygons (raw): 1 (flat)  1 (hierarchical)
    Elapsed: 0.000s  Memory: 571.00M
"input" in: xor.rb.drc:39
    Polygons (raw): 1 (flat)  1 (hierarchical)
    Elapsed: 0.000s  Memory: 571.00M
"^" in: xor.rb.drc:39
    Polygons (raw): 1 (flat)  1 (hierarchical)
    Elapsed: 0.000s  Memory: 571.00M
XOR differences: 1
"output" in: xor.rb.drc:43
    Polygons (raw): 1 (flat)  1 (hierarchical)
    Elapsed: 0.000s  Memory: 571.00M
Writing layout file: /tmp/tmppospouor/repo/precheck_results/02_MAY_2026___06_03_18/outputs/user_project_wrapper.xor.gds ..
Total elapsed: 0.060s  Memory: 571.00M
