"polygons" in: met_min_ca_density.lydrc:35
    Polygons (raw): 4980289 (flat)  5831 (hierarchical)
    Elapsed: 0.430s  Memory: 1488.00M
"polygons" in: met_min_ca_density.lydrc:36
    Polygons (raw): 16268620 (flat)  5604 (hierarchical)
    Elapsed: 0.240s  Memory: 1491.00M
"polygons" in: met_min_ca_density.lydrc:38
    Polygons (raw): 4686269 (flat)  19399 (hierarchical)
    Elapsed: 0.260s  Memory: 1491.00M
"polygons" in: met_min_ca_density.lydrc:39
    Polygons (raw): 201185 (flat)  201185 (hierarchical)
    Elapsed: 0.490s  Memory: 1492.00M
"polygons" in: met_min_ca_density.lydrc:41
    Polygons (raw): 30627 (flat)  30627 (hierarchical)
    Elapsed: 0.340s  Memory: 1492.00M
"polygons" in: met_min_ca_density.lydrc:42
    Polygons (raw): 153279 (flat)  153279 (hierarchical)
    Elapsed: 0.420s  Memory: 1492.00M
"polygons" in: met_min_ca_density.lydrc:44
    Polygons (raw): 22496 (flat)  22496 (hierarchical)
    Elapsed: 0.340s  Memory: 1492.00M
"polygons" in: met_min_ca_density.lydrc:45
    Polygons (raw): 153153 (flat)  153153 (hierarchical)
    Elapsed: 0.430s  Memory: 1492.00M
"polygons" in: met_min_ca_density.lydrc:47
    Polygons (raw): 278 (flat)  278 (hierarchical)
    Elapsed: 0.330s  Memory: 1492.00M
"polygons" in: met_min_ca_density.lydrc:48
    Polygons (raw): 0 (flat)  0 (hierarchical)
    Elapsed: 0.000s  Memory: 1492.00M
"polygons" in: met_min_ca_density.lydrc:49
    Polygons (raw): 10608 (flat)  10608 (hierarchical)
    Elapsed: 0.330s  Memory: 1492.00M
"polygons" in: met_min_ca_density.lydrc:51
    Polygons (raw): 336 (flat)  336 (hierarchical)
    Elapsed: 0.310s  Memory: 1492.00M
"input" in: met_min_ca_density.lydrc:53
    Polygons (raw): 1 (flat)  1 (hierarchical)
    Elapsed: 0.330s  Memory: 1492.00M
"area" in: met_min_ca_density.lydrc:55
    Elapsed: 0.440s  Memory: 1519.00M
"polygons" in: met_min_ca_density.lydrc:59
    Polygons (raw): 4980289 (flat)  5831 (hierarchical)
    Elapsed: 0.270s  Memory: 1519.00M
"area" in: met_min_ca_density.lydrc:59
    Elapsed: 40.460s  Memory: 2170.00M
li1_ca_density is 0.59356771767493
"polygons" in: met_min_ca_density.lydrc:69
    Polygons (raw): 4686269 (flat)  19399 (hierarchical)
    Elapsed: 0.270s  Memory: 2170.00M
"area" in: met_min_ca_density.lydrc:69
    Elapsed: 42.350s  Memory: 2159.00M
m1_ca_density is 0.8243696201840753
"polygons" in: met_min_ca_density.lydrc:79
    Polygons (raw): 30627 (flat)  30627 (hierarchical)
    Elapsed: 0.350s  Memory: 2159.00M
"area" in: met_min_ca_density.lydrc:79
    Elapsed: 0.650s  Memory: 2159.00M
m2_ca_density is 0.9967145116798335
"polygons" in: met_min_ca_density.lydrc:89
    Polygons (raw): 22496 (flat)  22496 (hierarchical)
    Elapsed: 0.340s  Memory: 2159.00M
"area" in: met_min_ca_density.lydrc:89
    Elapsed: 0.580s  Memory: 2159.00M
m3_ca_density is 0.9977915682304639
"polygons" in: met_min_ca_density.lydrc:99
    Polygons (raw): 278 (flat)  278 (hierarchical)
    Elapsed: 0.320s  Memory: 2159.00M
"area" in: met_min_ca_density.lydrc:99
    Elapsed: 0.570s  Memory: 2159.00M
m4_ca_density is 0.8445861036737236
"polygons" in: met_min_ca_density.lydrc:109
    Polygons (raw): 336 (flat)  336 (hierarchical)
    Elapsed: 0.330s  Memory: 2159.00M
"area" in: met_min_ca_density.lydrc:109
    Elapsed: 0.440s  Memory: 2159.00M
m5_ca_density is 0.8452708156911581
Writing report database: /tmp/tmpoqmmylzl/repo/precheck_results/05_MAY_2026___14_55_16/outputs/reports/klayout_met_min_ca_density_check.xml ..
Total elapsed: 101.010s  Memory: 2111.00M
