2026-05-05 14:55:16 [INFO] Extracting compressed files in: /tmp/tmpoqmmylzl/repo
2026-05-05 14:55:16 [INFO] make uncompress produced 1 gds/*.gds file(s): user_project_wrapper.gds (make exit 0)
2026-05-05 14:55:16 [INFO] Project type: digital
2026-05-05 14:55:16 [INFO] GDS hash (user_project_wrapper): f7ddc2b4607dc8d45d10173806a87334154e4da0
2026-05-05 14:55:17 [INFO] Tools: KLayout v0.29.2 | Magic v8.3.471
2026-05-05 14:55:17 [INFO] PDK: SKY130A unknown
2026-05-05 14:55:17 [INFO] Running 13 checks: [topcell_check, gpio_defines, xor, klayout_feol, klayout_beol, klayout_offgrid, klayout_met_min_ca_density, klayout_pin_label_purposes_overlapping_drawing, klayout_zeroarea, spike_check, illegal_cellname_check, lvs, oeb]
2026-05-05 14:55:21 [INFO] Single top cell 'user_project_wrapper' found
2026-05-05 14:55:21 [INFO] GPIO defines: parsing verilog/rtl/user_defines.v
2026-05-05 14:55:22 [INFO] GPIO defines report: /tmp/tmpoqmmylzl/repo/precheck_results/05_MAY_2026___14_55_16/outputs/reports/gpio_defines.report
2026-05-05 14:56:12 [INFO] Total XOR differences: 0
2026-05-05 14:56:12 [INFO] Running: klayout -b -r /usr/local/lib/python3.9/site-packages/cf_precheck/drc_scripts/sky130A_mr.drc -rd input=/tmp/tmpoqmmylzl/repo/gds/user_project_wrapper.gds -rd topcell=user_project_wrapper -rd report=/tmp/tmpoqmmylzl/repo/precheck_results/05_MAY_2026___14_55_16/outputs/reports/klayout_feol_check.xml -rd thr=2 -rd feol=true
2026-05-05 15:07:30 [INFO] No DRC violations found
2026-05-05 15:07:30 [INFO] Running: klayout -b -r /usr/local/lib/python3.9/site-packages/cf_precheck/drc_scripts/sky130A_mr.drc -rd input=/tmp/tmpoqmmylzl/repo/gds/user_project_wrapper.gds -rd topcell=user_project_wrapper -rd report=/tmp/tmpoqmmylzl/repo/precheck_results/05_MAY_2026___14_55_16/outputs/reports/klayout_beol_check.xml -rd thr=2 -rd beol=true
2026-05-05 15:17:41 [ERROR] klayout_beol failed (stat=-9), see /tmp/tmpoqmmylzl/repo/precheck_results/05_MAY_2026___14_55_16/logs/klayout_beol_check.log
2026-05-05 15:17:41 [INFO] Running: klayout -b -r /usr/local/lib/python3.9/site-packages/cf_precheck/drc_scripts/sky130A_mr.drc -rd input=/tmp/tmpoqmmylzl/repo/gds/user_project_wrapper.gds -rd topcell=user_project_wrapper -rd report=/tmp/tmpoqmmylzl/repo/precheck_results/05_MAY_2026___14_55_16/outputs/reports/klayout_offgrid_check.xml -rd thr=2 -rd offgrid=true
2026-05-05 15:24:43 [INFO] No DRC violations found
2026-05-05 15:24:43 [INFO] Running: klayout -b -r /usr/local/lib/python3.9/site-packages/cf_precheck/drc_scripts/met_min_ca_density.lydrc -rd input=/tmp/tmpoqmmylzl/repo/gds/user_project_wrapper.gds -rd topcell=user_project_wrapper -rd report=/tmp/tmpoqmmylzl/repo/precheck_results/05_MAY_2026___14_55_16/outputs/reports/klayout_met_min_ca_density_check.xml -rd thr=2
2026-05-05 15:26:27 [INFO] No DRC violations found
2026-05-05 15:26:27 [INFO] Running: klayout -b -r /usr/local/lib/python3.9/site-packages/cf_precheck/drc_scripts/pin_label_purposes_overlapping_drawing.rb.drc -rd input=/tmp/tmpoqmmylzl/repo/gds/user_project_wrapper.gds -rd topcell=user_project_wrapper -rd report=/tmp/tmpoqmmylzl/repo/precheck_results/05_MAY_2026___14_55_16/outputs/reports/klayout_pin_label_purposes_overlapping_drawing_check.xml -rd thr=2 -rd top_cell_name=user_project_wrapper
2026-05-05 15:27:46 [INFO] No DRC violations found
2026-05-05 15:27:46 [INFO] Running: klayout -b -r /usr/local/lib/python3.9/site-packages/cf_precheck/drc_scripts/zeroarea.rb.drc -rd input=/tmp/tmpoqmmylzl/repo/gds/user_project_wrapper.gds -rd topcell=user_project_wrapper -rd report=/tmp/tmpoqmmylzl/repo/precheck_results/05_MAY_2026___14_55_16/outputs/reports/klayout_zeroarea_check.xml -rd thr=2 -rd cleaned_output=/tmp/tmpoqmmylzl/repo/precheck_results/05_MAY_2026___14_55_16/outputs/user_project_wrapper_no_zero_areas.gds
2026-05-05 15:28:05 [INFO] No DRC violations found
2026-05-05 15:28:05 [INFO] Running: bash /usr/local/lib/python3.9/site-packages/cf_precheck/drc_scripts/gdsArea0 -V -m /tmp/tmpoqmmylzl/repo/precheck_results/05_MAY_2026___14_55_16/outputs/reports/spike_check.xml /tmp/tmpoqmmylzl/repo/gds/user_project_wrapper.gds
2026-05-05 15:28:17 [INFO] No spikes found
2026-05-05 15:28:21 [INFO] Loading LVS environment from /tmp/tmpoqmmylzl/repo/lvs/user_project_wrapper/lvs_config.json
2026-05-05 15:28:21 [INFO] Loading LVS environment from /usr/local/lib/python3.9/site-packages/cf_precheck/be_checks/tech/sky130A/lvs_config.base.json
2026-05-05 15:28:21 [INFO] EXTRACT_FLATGLOB: *sky130_fd_pr__*[A-Z]*
2026-05-05 15:28:21 [INFO] EXTRACT_ABSTRACT: *__fill_* *__fakediode_* *__tapvpwrvgnd_*
2026-05-05 15:28:21 [INFO] EXTRACT_CREATE_SUBCUT: 
2026-05-05 15:28:21 [INFO] LVS_FLATTEN: 
2026-05-05 15:28:21 [INFO] LVS_NOFLATTEN: 
2026-05-05 15:28:21 [INFO] LVS_IGNORE: 
2026-05-05 15:28:21 [INFO] LVS_SPICE_FILES: /opt/pdks/sky130A/libs.ref/sky130_fd_sc_hd/spice/*.spice 
2026-05-05 15:28:21 [INFO] LVS_VERILOG_FILES: /tmp/tmpoqmmylzl/repo/verilog/gl/user_project_wrapper.v
2026-05-05 15:28:21 [INFO] LAYOUT_FILE: /tmp/tmpoqmmylzl/repo/gds/user_project_wrapper.gds
2026-05-05 15:28:21 [INFO] Running: run_be_checks --nooeb
2026-05-05 15:28:21 [INFO] LVS output directory: /tmp/tmpoqmmylzl/repo/precheck_results/05_MAY_2026___14_55_16
2026-05-05 15:50:05 [INFO] Loading LVS environment from /tmp/tmpoqmmylzl/repo/lvs/user_project_wrapper/lvs_config.json
2026-05-05 15:50:05 [INFO] Loading LVS environment from /usr/local/lib/python3.9/site-packages/cf_precheck/be_checks/tech/sky130A/lvs_config.base.json
2026-05-05 15:50:05 [INFO] EXTRACT_FLATGLOB: *sky130_fd_pr__*[A-Z]*
2026-05-05 15:50:05 [INFO] EXTRACT_ABSTRACT: *__fill_* *__fakediode_* *__tapvpwrvgnd_*
2026-05-05 15:50:05 [INFO] EXTRACT_CREATE_SUBCUT: 
2026-05-05 15:50:05 [INFO] LVS_FLATTEN: 
2026-05-05 15:50:05 [INFO] LVS_NOFLATTEN: 
2026-05-05 15:50:05 [INFO] LVS_IGNORE: 
2026-05-05 15:50:05 [INFO] LVS_SPICE_FILES: /opt/pdks/sky130A/libs.ref/sky130_fd_sc_hd/spice/*.spice 
2026-05-05 15:50:05 [INFO] LVS_VERILOG_FILES: /tmp/tmpoqmmylzl/repo/verilog/gl/user_project_wrapper.v
2026-05-05 15:50:05 [INFO] LAYOUT_FILE: /tmp/tmpoqmmylzl/repo/gds/user_project_wrapper.gds
2026-05-05 15:50:05 [INFO] Running: run_oeb_check --noextract
2026-05-05 15:50:05 [INFO] OEB output directory: /tmp/tmpoqmmylzl/repo/precheck_results/05_MAY_2026___14_55_16
2026-05-05 15:50:21 [WARNING] ERC check failed (stat=4), see /tmp/tmpoqmmylzl/repo/precheck_results/05_MAY_2026___14_55_16/logs/OEB_check.log
