"input" in: sky130A_mr.drc:180
    Polygons (raw): 1167474 (flat)  171 (hierarchical)
    Elapsed: 0.450s  Memory: 1477.00M
"polygons" in: sky130A_mr.drc:181
    Polygons (raw): 289800 (flat)  2 (hierarchical)
    Elapsed: 0.320s  Memory: 1482.00M
"polygons" in: sky130A_mr.drc:182
    Polygons (raw): 1166497 (flat)  64 (hierarchical)
    Elapsed: 0.260s  Memory: 1482.00M
"polygons" in: sky130A_mr.drc:183
    Polygons (raw): 0 (flat)  0 (hierarchical)
    Elapsed: 0.040s  Memory: 1482.00M
"polygons" in: sky130A_mr.drc:184
    Polygons (raw): 0 (flat)  0 (hierarchical)
    Elapsed: 0.000s  Memory: 1482.00M
"polygons" in: sky130A_mr.drc:185
    Polygons (raw): 0 (flat)  0 (hierarchical)
    Elapsed: 0.020s  Memory: 1482.00M
"polygons" in: sky130A_mr.drc:186
    Polygons (raw): 0 (flat)  0 (hierarchical)
    Elapsed: 0.000s  Memory: 1482.00M
"polygons" in: sky130A_mr.drc:187
    Polygons (raw): 0 (flat)  0 (hierarchical)
    Elapsed: 0.020s  Memory: 1482.00M
"polygons" in: sky130A_mr.drc:188
    Polygons (raw): 1166658 (flat)  70 (hierarchical)
    Elapsed: 0.240s  Memory: 1482.00M
"polygons" in: sky130A_mr.drc:189
    Polygons (raw): 0 (flat)  0 (hierarchical)
    Elapsed: 0.020s  Memory: 1482.00M
"polygons" in: sky130A_mr.drc:190
    Polygons (raw): 0 (flat)  0 (hierarchical)
    Elapsed: 0.010s  Memory: 1482.00M
"polygons" in: sky130A_mr.drc:191
    Polygons (raw): 0 (flat)  0 (hierarchical)
    Elapsed: 0.020s  Memory: 1482.00M
"polygons" in: sky130A_mr.drc:192
    Polygons (raw): 0 (flat)  0 (hierarchical)
    Elapsed: 0.000s  Memory: 1482.00M
"polygons" in: sky130A_mr.drc:193
    Polygons (raw): 1170573 (flat)  359 (hierarchical)
    Elapsed: 0.280s  Memory: 1482.00M
"polygons" in: sky130A_mr.drc:194
    Polygons (raw): 0 (flat)  0 (hierarchical)
    Elapsed: 0.020s  Memory: 1482.00M
"polygons" in: sky130A_mr.drc:195
    Polygons (raw): 1311397 (flat)  65 (hierarchical)
    Elapsed: 0.230s  Memory: 1482.00M
"polygons" in: sky130A_mr.drc:196
    Polygons (raw): 1311397 (flat)  65 (hierarchical)
    Elapsed: 0.260s  Memory: 1482.00M
"polygons" in: sky130A_mr.drc:197
    Polygons (raw): 0 (flat)  0 (hierarchical)
    Elapsed: 0.020s  Memory: 1482.00M
"polygons" in: sky130A_mr.drc:198
    Polygons (raw): 0 (flat)  0 (hierarchical)
    Elapsed: 0.000s  Memory: 1482.00M
"polygons" in: sky130A_mr.drc:199
    Polygons (raw): 583220 (flat)  86 (hierarchical)
    Elapsed: 0.290s  Memory: 1482.00M
"polygons" in: sky130A_mr.drc:200
    Polygons (raw): 6277107 (flat)  1386 (hierarchical)
    Elapsed: 0.290s  Memory: 1482.00M
"polygons" in: sky130A_mr.drc:202
    Polygons (raw): 4955328 (flat)  736 (hierarchical)
    Elapsed: 0.260s  Memory: 1482.00M
"polygons" in: sky130A_mr.drc:203
    Polygons (raw): 0 (flat)  0 (hierarchical)
    Elapsed: 0.030s  Memory: 1482.00M
"polygons" in: sky130A_mr.drc:204
    Polygons (raw): 16268620 (flat)  959 (hierarchical)
    Elapsed: 0.240s  Memory: 1482.00M
"polygons" in: sky130A_mr.drc:206
    Polygons (raw): 2371264 (flat)  6580 (hierarchical)
    Elapsed: 0.260s  Memory: 1482.00M
"polygons" in: sky130A_mr.drc:207
    Polygons (raw): 201185 (flat)  10 (hierarchical)
    Elapsed: 0.330s  Memory: 1482.00M
"polygons" in: sky130A_mr.drc:209
    Polygons (raw): 74023 (flat)  25869 (hierarchical)
    Elapsed: 0.360s  Memory: 1482.00M
"polygons" in: sky130A_mr.drc:210
    Polygons (raw): 153279 (flat)  8 (hierarchical)
    Elapsed: 0.330s  Memory: 1482.00M
"polygons" in: sky130A_mr.drc:212
    Polygons (raw): 66099 (flat)  22218 (hierarchical)
    Elapsed: 0.360s  Memory: 1482.00M
"polygons" in: sky130A_mr.drc:213
    Polygons (raw): 153153 (flat)  7 (hierarchical)
    Elapsed: 0.330s  Memory: 1482.00M
"polygons" in: sky130A_mr.drc:215
    Polygons (raw): 24907 (flat)  410 (hierarchical)
    Elapsed: 0.330s  Memory: 1482.00M
"polygons" in: sky130A_mr.drc:216
    Polygons (raw): 23040 (flat)  12564 (hierarchical)
    Elapsed: 0.340s  Memory: 1482.00M
"polygons" in: sky130A_mr.drc:218
    Polygons (raw): 3112 (flat)  493 (hierarchical)
    Elapsed: 0.330s  Memory: 1482.00M
"polygons" in: sky130A_mr.drc:220
    Polygons (raw): 0 (flat)  0 (hierarchical)
    Elapsed: 0.030s  Memory: 1482.00M
"polygons" in: sky130A_mr.drc:221
    Polygons (raw): 0 (flat)  0 (hierarchical)
    Elapsed: 0.000s  Memory: 1482.00M
"polygons" in: sky130A_mr.drc:222
    Polygons (raw): 0 (flat)  0 (hierarchical)
    Elapsed: 0.020s  Memory: 1482.00M
"polygons" in: sky130A_mr.drc:223
    Polygons (raw): 0 (flat)  0 (hierarchical)
    Elapsed: 0.000s  Memory: 1482.00M
"polygons" in: sky130A_mr.drc:224
    Polygons (raw): 0 (flat)  0 (hierarchical)
    Elapsed: 0.020s  Memory: 1482.00M
"polygons" in: sky130A_mr.drc:225
    Polygons (raw): 0 (flat)  0 (hierarchical)
    Elapsed: 0.000s  Memory: 1482.00M
"polygons" in: sky130A_mr.drc:226
    Polygons (raw): 0 (flat)  0 (hierarchical)
    Elapsed: 0.020s  Memory: 1482.00M
"polygons" in: sky130A_mr.drc:227
    Polygons (raw): 0 (flat)  0 (hierarchical)
    Elapsed: 0.000s  Memory: 1482.00M
"polygons" in: sky130A_mr.drc:228
    Polygons (raw): 0 (flat)  0 (hierarchical)
    Elapsed: 0.020s  Memory: 1482.00M
"polygons" in: sky130A_mr.drc:229
    Polygons (raw): 0 (flat)  0 (hierarchical)
    Elapsed: 0.000s  Memory: 1482.00M
"polygons" in: sky130A_mr.drc:230
    Polygons (raw): 0 (flat)  0 (hierarchical)
    Elapsed: 0.020s  Memory: 1482.00M
"polygons" in: sky130A_mr.drc:231
    Polygons (raw): 0 (flat)  0 (hierarchical)
    Elapsed: 0.000s  Memory: 1482.00M
"polygons" in: sky130A_mr.drc:232
    Polygons (raw): 0 (flat)  0 (hierarchical)
    Elapsed: 0.020s  Memory: 1482.00M
"polygons" in: sky130A_mr.drc:233
    Polygons (raw): 0 (flat)  0 (hierarchical)
    Elapsed: 0.000s  Memory: 1482.00M
"polygons" in: sky130A_mr.drc:234
    Polygons (raw): 0 (flat)  0 (hierarchical)
    Elapsed: 0.020s  Memory: 1482.00M
"polygons" in: sky130A_mr.drc:235
    Polygons (raw): 0 (flat)  0 (hierarchical)
    Elapsed: 0.000s  Memory: 1482.00M
"polygons" in: sky130A_mr.drc:236
    Polygons (raw): 0 (flat)  0 (hierarchical)
    Elapsed: 0.020s  Memory: 1482.00M
"polygons" in: sky130A_mr.drc:237
    Polygons (raw): 0 (flat)  0 (hierarchical)
    Elapsed: 0.000s  Memory: 1482.00M
"polygons" in: sky130A_mr.drc:238
    Polygons (raw): 1166497 (flat)  64 (hierarchical)
    Elapsed: 0.260s  Memory: 1482.00M
"polygons" in: sky130A_mr.drc:239
    Polygons (raw): 0 (flat)  0 (hierarchical)
    Elapsed: 0.020s  Memory: 1482.00M
"polygons" in: sky130A_mr.drc:240
    Polygons (raw): 0 (flat)  0 (hierarchical)
    Elapsed: 0.000s  Memory: 1482.00M
"polygons" in: sky130A_mr.drc:241
    Polygons (raw): 0 (flat)  0 (hierarchical)
    Elapsed: 0.020s  Memory: 1482.00M
"polygons" in: sky130A_mr.drc:242
    Polygons (raw): 0 (flat)  0 (hierarchical)
    Elapsed: 0.000s  Memory: 1482.00M
"polygons" in: sky130A_mr.drc:243
    Polygons (raw): 0 (flat)  0 (hierarchical)
    Elapsed: 0.020s  Memory: 1482.00M
"polygons" in: sky130A_mr.drc:244
    Polygons (raw): 0 (flat)  0 (hierarchical)
    Elapsed: 0.000s  Memory: 1482.00M
"polygons" in: sky130A_mr.drc:245
    Polygons (raw): 0 (flat)  0 (hierarchical)
    Elapsed: 0.020s  Memory: 1482.00M
"polygons" in: sky130A_mr.drc:246
    Polygons (raw): 1 (flat)  1 (hierarchical)
    Elapsed: 0.300s  Memory: 1482.00M
"polygons" in: sky130A_mr.drc:247
    Polygons (raw): 0 (flat)  0 (hierarchical)
    Elapsed: 0.020s  Memory: 1482.00M
"polygons" in: sky130A_mr.drc:248
    Polygons (raw): 0 (flat)  0 (hierarchical)
    Elapsed: 0.000s  Memory: 1482.00M
"polygons" in: sky130A_mr.drc:249
    Polygons (raw): 0 (flat)  0 (hierarchical)
    Elapsed: 0.020s  Memory: 1482.00M
"polygons" in: sky130A_mr.drc:250
    Polygons (raw): 0 (flat)  0 (hierarchical)
    Elapsed: 0.000s  Memory: 1482.00M
"polygons" in: sky130A_mr.drc:251
    Polygons (raw): 1181 (flat)  1 (hierarchical)
    Elapsed: 0.330s  Memory: 1482.00M
"polygons" in: sky130A_mr.drc:252
    Polygons (raw): 0 (flat)  0 (hierarchical)
    Elapsed: 0.020s  Memory: 1482.00M
"polygons" in: sky130A_mr.drc:253
    Polygons (raw): 0 (flat)  0 (hierarchical)
    Elapsed: 0.000s  Memory: 1482.00M
"polygons" in: sky130A_mr.drc:254
    Polygons (raw): 0 (flat)  0 (hierarchical)
    Elapsed: 0.020s  Memory: 1482.00M
"polygons" in: sky130A_mr.drc:255
    Polygons (raw): 0 (flat)  0 (hierarchical)
    Elapsed: 0.000s  Memory: 1482.00M
"polygons" in: sky130A_mr.drc:256
    Polygons (raw): 0 (flat)  0 (hierarchical)
    Elapsed: 0.020s  Memory: 1482.00M
"polygons" in: sky130A_mr.drc:257
    Polygons (raw): 0 (flat)  0 (hierarchical)
    Elapsed: 0.000s  Memory: 1482.00M
"polygons" in: sky130A_mr.drc:258
    Polygons (raw): 0 (flat)  0 (hierarchical)
    Elapsed: 0.020s  Memory: 1482.00M
"polygons" in: sky130A_mr.drc:259
    Polygons (raw): 0 (flat)  0 (hierarchical)
    Elapsed: 0.000s  Memory: 1482.00M
"polygons" in: sky130A_mr.drc:260
    Polygons (raw): 0 (flat)  0 (hierarchical)
    Elapsed: 0.020s  Memory: 1482.00M
"polygons" in: sky130A_mr.drc:261
    Polygons (raw): 0 (flat)  0 (hierarchical)
    Elapsed: 0.000s  Memory: 1482.00M
"polygons" in: sky130A_mr.drc:262
    Polygons (raw): 0 (flat)  0 (hierarchical)
    Elapsed: 0.020s  Memory: 1482.00M
"polygons" in: sky130A_mr.drc:263
    Polygons (raw): 0 (flat)  0 (hierarchical)
    Elapsed: 0.000s  Memory: 1482.00M
"polygons" in: sky130A_mr.drc:264
    Polygons (raw): 0 (flat)  0 (hierarchical)
    Elapsed: 0.030s  Memory: 1482.00M
"polygons" in: sky130A_mr.drc:265
    Polygons (raw): 0 (flat)  0 (hierarchical)
    Elapsed: 0.000s  Memory: 1482.00M
"polygons" in: sky130A_mr.drc:266
    Polygons (raw): 0 (flat)  0 (hierarchical)
    Elapsed: 0.020s  Memory: 1482.00M
"polygons" in: sky130A_mr.drc:267
    Polygons (raw): 0 (flat)  0 (hierarchical)
    Elapsed: 0.000s  Memory: 1482.00M
"polygons" in: sky130A_mr.drc:268
    Polygons (raw): 0 (flat)  0 (hierarchical)
    Elapsed: 0.030s  Memory: 1482.00M
"polygons" in: sky130A_mr.drc:269
    Polygons (raw): 0 (flat)  0 (hierarchical)
    Elapsed: 0.000s  Memory: 1482.00M
"polygons" in: sky130A_mr.drc:270
    Polygons (raw): 0 (flat)  0 (hierarchical)
    Elapsed: 0.020s  Memory: 1482.00M
"polygons" in: sky130A_mr.drc:271
    Polygons (raw): 0 (flat)  0 (hierarchical)
    Elapsed: 0.000s  Memory: 1482.00M
"polygons" in: sky130A_mr.drc:272
    Polygons (raw): 0 (flat)  0 (hierarchical)
    Elapsed: 0.030s  Memory: 1482.00M
"polygons" in: sky130A_mr.drc:273
    Polygons (raw): 0 (flat)  0 (hierarchical)
    Elapsed: 0.000s  Memory: 1482.00M
"polygons" in: sky130A_mr.drc:274
    Polygons (raw): 0 (flat)  0 (hierarchical)
    Elapsed: 0.020s  Memory: 1482.00M
"polygons" in: sky130A_mr.drc:275
    Polygons (raw): 0 (flat)  0 (hierarchical)
    Elapsed: 0.000s  Memory: 1482.00M
"merged" in: sky130A_mr.drc:277
    Polygons (raw): 0 (flat)  0 (hierarchical)
    Elapsed: 0.160s  Memory: 1482.00M
DRC section
BEOL section
START: 67/20 (li)
"outside" in: sky130A_mr.drc:1067
    Polygons (raw): 4955328 (flat)  736 (hierarchical)
    Elapsed: 0.140s  Memory: 1482.00M
"interacting" in: sky130A_mr.drc:1068
    Polygons (raw): 0 (flat)  0 (hierarchical)
    Elapsed: 0.150s  Memory: 1482.00M
"inside" in: sky130A_mr.drc:1068
    Polygons (raw): 0 (flat)  0 (hierarchical)
    Elapsed: 0.130s  Memory: 1482.00M
"-" in: sky130A_mr.drc:1068
    Polygons (raw): 0 (flat)  0 (hierarchical)
    Elapsed: 0.160s  Memory: 1482.00M
"or" in: sky130A_mr.drc:1067
    Polygons (raw): 9805 (flat)  6220 (hierarchical)
    Elapsed: 41.700s  Memory: 2145.00M
"width" in: sky130A_mr.drc:1070
    Edge pairs: 0 (flat)  0 (hierarchical)
    Elapsed: 8.980s  Memory: 2145.00M
"output" in: sky130A_mr.drc:1070
    Edge pairs: 0 (flat)  0 (hierarchical)
    Elapsed: 0.190s  Memory: 2145.00M
"space" in: sky130A_mr.drc:1074
    Edge pairs: 0 (flat)  0 (hierarchical)
    Elapsed: 14.540s  Memory: 2433.00M
"output" in: sky130A_mr.drc:1074
    Edge pairs: 0 (flat)  0 (hierarchical)
    Elapsed: 0.190s  Memory: 2433.00M
"-" in: sky130A_mr.drc:1078
    Polygons (raw): 6277107 (flat)  1386 (hierarchical)
    Elapsed: 0.140s  Memory: 2433.00M
"enclosing" in: sky130A_mr.drc:1080
    Edge pairs: 6121873 (flat)  6106604 (hierarchical)
    Elapsed: 297.930s  Memory: 3605.00M
"second_edges" in: sky130A_mr.drc:1080
    Edges: 6121873 (flat)  6106604 (hierarchical)
    Elapsed: 0.510s  Memory: 3698.00M
"width" in: sky130A_mr.drc:1081
    Edge pairs: 0 (flat)  0 (hierarchical)
    Elapsed: 25.140s  Memory: 4946.00M
"polygons" in: sky130A_mr.drc:1082
    Polygons (raw): 0 (flat)  0 (hierarchical)
    Elapsed: 0.020s  Memory: 4946.00M
"interacting" in: sky130A_mr.drc:1082
    Polygons (raw): 0 (flat)  0 (hierarchical)
    Elapsed: 0.130s  Memory: 4946.00M
"output" in: sky130A_mr.drc:1083
    Polygons (raw): 0 (flat)  0 (hierarchical)
    Elapsed: 0.200s  Memory: 4946.00M
"interacting" in: sky130A_mr.drc:1087
    Polygons (raw): 0 (flat)  0 (hierarchical)
    Elapsed: 0.130s  Memory: 4946.00M
"-" in: sky130A_mr.drc:1087
    Polygons (raw): 4955328 (flat)  736 (hierarchical)
    Elapsed: 0.160s  Memory: 4946.00M
"with_area" in: sky130A_mr.drc:1088
    Polygons (raw): 0 (flat)  0 (hierarchical)
    Elapsed: 40.790s  Memory: 4946.00M
"output" in: sky130A_mr.drc:1088
    Polygons (raw): 0 (flat)  0 (hierarchical)
    Elapsed: 0.200s  Memory: 4946.00M
"&" in: sky130A_mr.drc:1092
    Polygons (raw): 0 (flat)  0 (hierarchical)
    Elapsed: 0.130s  Memory: 4946.00M
"space" in: sky130A_mr.drc:1093
    Edge pairs: 0 (flat)  0 (hierarchical)
    Elapsed: 0.160s  Memory: 4946.00M
"output" in: sky130A_mr.drc:1093
    Edge pairs: 0 (flat)  0 (hierarchical)
    Elapsed: 0.180s  Memory: 4946.00M
"width" in: sky130A_mr.drc:1097
    Edge pairs: 0 (flat)  0 (hierarchical)
    Elapsed: 0.160s  Memory: 4946.00M
"output" in: sky130A_mr.drc:1097
    Edge pairs: 0 (flat)  0 (hierarchical)
    Elapsed: 0.180s  Memory: 4946.00M
END: 67/20 (li)
START: 67/13 (li_res)
"width" in: sky130A_mr.drc:1105
    Edge pairs: 0 (flat)  0 (hierarchical)
    Elapsed: 0.160s  Memory: 4946.00M
"output" in: sky130A_mr.drc:1105
    Edge pairs: 0 (flat)  0 (hierarchical)
    Elapsed: 0.180s  Memory: 4946.00M
END: 67/13 (li_res)
START: 67/44 (mcon)
"-" in: sky130A_mr.drc:1113
    Polygons (raw): 16268620 (flat)  959 (hierarchical)
    Elapsed: 0.160s  Memory: 4946.00M
"drc" in: sky130A_mr.drc:1115
    Polygons (raw): 0 (flat)  0 (hierarchical)
    Elapsed: 172.890s  Memory: 7394.00M
"-" in: sky130A_mr.drc:1116
    Polygons (raw): 16268620 (flat)  959 (hierarchical)
    Elapsed: 0.260s  Memory: 7394.00M
"outside" in: sky130A_mr.drc:1120
    Polygons (raw): 16268620 (flat)  959 (hierarchical)
    Elapsed: 0.160s  Memory: 7394.00M
"non_rectangles" in: sky130A_mr.drc:1121
    Polygons (raw): 0 (flat)  0 (hierarchical)
    Elapsed: 145.130s  Memory: 7522.00M
"output" in: sky130A_mr.drc:1121
    Polygons (raw): 0 (flat)  0 (hierarchical)
    Elapsed: 0.200s  Memory: 7522.00M
"drc" in: sky130A_mr.drc:1126
