"input" in: sky130A_mr.drc:180
    Polygons (raw): 1167474 (flat)  171 (hierarchical)
    Elapsed: 0.480s  Memory: 1477.00M
"polygons" in: sky130A_mr.drc:181
    Polygons (raw): 289800 (flat)  2 (hierarchical)
    Elapsed: 0.320s  Memory: 1482.00M
"polygons" in: sky130A_mr.drc:182
    Polygons (raw): 1166497 (flat)  64 (hierarchical)
    Elapsed: 0.260s  Memory: 1482.00M
"polygons" in: sky130A_mr.drc:183
    Polygons (raw): 0 (flat)  0 (hierarchical)
    Elapsed: 0.020s  Memory: 1482.00M
"polygons" in: sky130A_mr.drc:184
    Polygons (raw): 0 (flat)  0 (hierarchical)
    Elapsed: 0.000s  Memory: 1482.00M
"polygons" in: sky130A_mr.drc:185
    Polygons (raw): 0 (flat)  0 (hierarchical)
    Elapsed: 0.030s  Memory: 1482.00M
"polygons" in: sky130A_mr.drc:186
    Polygons (raw): 0 (flat)  0 (hierarchical)
    Elapsed: 0.000s  Memory: 1482.00M
"polygons" in: sky130A_mr.drc:187
    Polygons (raw): 0 (flat)  0 (hierarchical)
    Elapsed: 0.020s  Memory: 1482.00M
"polygons" in: sky130A_mr.drc:188
    Polygons (raw): 1166658 (flat)  70 (hierarchical)
    Elapsed: 0.230s  Memory: 1482.00M
"polygons" in: sky130A_mr.drc:189
    Polygons (raw): 0 (flat)  0 (hierarchical)
    Elapsed: 0.020s  Memory: 1482.00M
"polygons" in: sky130A_mr.drc:190
    Polygons (raw): 0 (flat)  0 (hierarchical)
    Elapsed: 0.000s  Memory: 1482.00M
"polygons" in: sky130A_mr.drc:191
    Polygons (raw): 0 (flat)  0 (hierarchical)
    Elapsed: 0.000s  Memory: 1482.00M
"polygons" in: sky130A_mr.drc:192
    Polygons (raw): 0 (flat)  0 (hierarchical)
    Elapsed: 0.020s  Memory: 1482.00M
"polygons" in: sky130A_mr.drc:193
    Polygons (raw): 1170573 (flat)  359 (hierarchical)
    Elapsed: 0.280s  Memory: 1482.00M
"polygons" in: sky130A_mr.drc:194
    Polygons (raw): 0 (flat)  0 (hierarchical)
    Elapsed: 0.020s  Memory: 1482.00M
"polygons" in: sky130A_mr.drc:195
    Polygons (raw): 1311397 (flat)  65 (hierarchical)
    Elapsed: 0.240s  Memory: 1482.00M
"polygons" in: sky130A_mr.drc:196
    Polygons (raw): 1311397 (flat)  65 (hierarchical)
    Elapsed: 0.270s  Memory: 1482.00M
"polygons" in: sky130A_mr.drc:197
    Polygons (raw): 0 (flat)  0 (hierarchical)
    Elapsed: 0.020s  Memory: 1482.00M
"polygons" in: sky130A_mr.drc:198
    Polygons (raw): 0 (flat)  0 (hierarchical)
    Elapsed: 0.000s  Memory: 1482.00M
"polygons" in: sky130A_mr.drc:199
    Polygons (raw): 583220 (flat)  86 (hierarchical)
    Elapsed: 0.300s  Memory: 1482.00M
"polygons" in: sky130A_mr.drc:200
    Polygons (raw): 6277107 (flat)  1386 (hierarchical)
    Elapsed: 0.290s  Memory: 1482.00M
"polygons" in: sky130A_mr.drc:202
    Polygons (raw): 4955328 (flat)  736 (hierarchical)
    Elapsed: 0.260s  Memory: 1482.00M
"polygons" in: sky130A_mr.drc:203
    Polygons (raw): 0 (flat)  0 (hierarchical)
    Elapsed: 0.020s  Memory: 1482.00M
"polygons" in: sky130A_mr.drc:204
    Polygons (raw): 16268620 (flat)  959 (hierarchical)
    Elapsed: 0.240s  Memory: 1482.00M
"polygons" in: sky130A_mr.drc:206
    Polygons (raw): 2371264 (flat)  6580 (hierarchical)
    Elapsed: 0.270s  Memory: 1482.00M
"polygons" in: sky130A_mr.drc:207
    Polygons (raw): 201185 (flat)  10 (hierarchical)
    Elapsed: 0.340s  Memory: 1482.00M
"polygons" in: sky130A_mr.drc:209
    Polygons (raw): 74023 (flat)  25869 (hierarchical)
    Elapsed: 0.360s  Memory: 1482.00M
"polygons" in: sky130A_mr.drc:210
    Polygons (raw): 153279 (flat)  8 (hierarchical)
    Elapsed: 0.340s  Memory: 1482.00M
"polygons" in: sky130A_mr.drc:212
    Polygons (raw): 66099 (flat)  22218 (hierarchical)
    Elapsed: 0.360s  Memory: 1482.00M
"polygons" in: sky130A_mr.drc:213
    Polygons (raw): 153153 (flat)  7 (hierarchical)
    Elapsed: 0.340s  Memory: 1482.00M
"polygons" in: sky130A_mr.drc:215
    Polygons (raw): 24907 (flat)  410 (hierarchical)
    Elapsed: 0.330s  Memory: 1482.00M
"polygons" in: sky130A_mr.drc:216
    Polygons (raw): 23040 (flat)  12564 (hierarchical)
    Elapsed: 0.350s  Memory: 1482.00M
"polygons" in: sky130A_mr.drc:218
    Polygons (raw): 3112 (flat)  493 (hierarchical)
    Elapsed: 0.340s  Memory: 1482.00M
"polygons" in: sky130A_mr.drc:220
    Polygons (raw): 0 (flat)  0 (hierarchical)
    Elapsed: 0.020s  Memory: 1482.00M
"polygons" in: sky130A_mr.drc:221
    Polygons (raw): 0 (flat)  0 (hierarchical)
    Elapsed: 0.000s  Memory: 1482.00M
"polygons" in: sky130A_mr.drc:222
    Polygons (raw): 0 (flat)  0 (hierarchical)
    Elapsed: 0.010s  Memory: 1482.00M
"polygons" in: sky130A_mr.drc:223
    Polygons (raw): 0 (flat)  0 (hierarchical)
    Elapsed: 0.000s  Memory: 1482.00M
"polygons" in: sky130A_mr.drc:224
    Polygons (raw): 0 (flat)  0 (hierarchical)
    Elapsed: 0.030s  Memory: 1482.00M
"polygons" in: sky130A_mr.drc:225
    Polygons (raw): 0 (flat)  0 (hierarchical)
    Elapsed: 0.000s  Memory: 1482.00M
"polygons" in: sky130A_mr.drc:226
    Polygons (raw): 0 (flat)  0 (hierarchical)
    Elapsed: 0.030s  Memory: 1482.00M
"polygons" in: sky130A_mr.drc:227
    Polygons (raw): 0 (flat)  0 (hierarchical)
    Elapsed: 0.000s  Memory: 1482.00M
"polygons" in: sky130A_mr.drc:228
    Polygons (raw): 0 (flat)  0 (hierarchical)
    Elapsed: 0.020s  Memory: 1482.00M
"polygons" in: sky130A_mr.drc:229
    Polygons (raw): 0 (flat)  0 (hierarchical)
    Elapsed: 0.000s  Memory: 1482.00M
"polygons" in: sky130A_mr.drc:230
    Polygons (raw): 0 (flat)  0 (hierarchical)
    Elapsed: 0.020s  Memory: 1482.00M
"polygons" in: sky130A_mr.drc:231
    Polygons (raw): 0 (flat)  0 (hierarchical)
    Elapsed: 0.000s  Memory: 1482.00M
"polygons" in: sky130A_mr.drc:232
    Polygons (raw): 0 (flat)  0 (hierarchical)
    Elapsed: 0.030s  Memory: 1482.00M
"polygons" in: sky130A_mr.drc:233
    Polygons (raw): 0 (flat)  0 (hierarchical)
    Elapsed: 0.000s  Memory: 1482.00M
"polygons" in: sky130A_mr.drc:234
    Polygons (raw): 0 (flat)  0 (hierarchical)
    Elapsed: 0.020s  Memory: 1482.00M
"polygons" in: sky130A_mr.drc:235
    Polygons (raw): 0 (flat)  0 (hierarchical)
    Elapsed: 0.000s  Memory: 1482.00M
"polygons" in: sky130A_mr.drc:236
    Polygons (raw): 0 (flat)  0 (hierarchical)
    Elapsed: 0.020s  Memory: 1482.00M
"polygons" in: sky130A_mr.drc:237
    Polygons (raw): 0 (flat)  0 (hierarchical)
    Elapsed: 0.000s  Memory: 1482.00M
"polygons" in: sky130A_mr.drc:238
    Polygons (raw): 1166497 (flat)  64 (hierarchical)
    Elapsed: 0.250s  Memory: 1482.00M
"polygons" in: sky130A_mr.drc:239
    Polygons (raw): 0 (flat)  0 (hierarchical)
    Elapsed: 0.030s  Memory: 1482.00M
"polygons" in: sky130A_mr.drc:240
    Polygons (raw): 0 (flat)  0 (hierarchical)
    Elapsed: 0.000s  Memory: 1482.00M
"polygons" in: sky130A_mr.drc:241
    Polygons (raw): 0 (flat)  0 (hierarchical)
    Elapsed: 0.020s  Memory: 1482.00M
"polygons" in: sky130A_mr.drc:242
    Polygons (raw): 0 (flat)  0 (hierarchical)
    Elapsed: 0.010s  Memory: 1482.00M
"polygons" in: sky130A_mr.drc:243
    Polygons (raw): 0 (flat)  0 (hierarchical)
    Elapsed: 0.030s  Memory: 1482.00M
"polygons" in: sky130A_mr.drc:244
    Polygons (raw): 0 (flat)  0 (hierarchical)
    Elapsed: 0.000s  Memory: 1482.00M
"polygons" in: sky130A_mr.drc:245
    Polygons (raw): 0 (flat)  0 (hierarchical)
    Elapsed: 0.020s  Memory: 1482.00M
"polygons" in: sky130A_mr.drc:246
    Polygons (raw): 1 (flat)  1 (hierarchical)
    Elapsed: 0.310s  Memory: 1482.00M
"polygons" in: sky130A_mr.drc:247
    Polygons (raw): 0 (flat)  0 (hierarchical)
    Elapsed: 0.030s  Memory: 1482.00M
"polygons" in: sky130A_mr.drc:248
    Polygons (raw): 0 (flat)  0 (hierarchical)
    Elapsed: 0.000s  Memory: 1482.00M
"polygons" in: sky130A_mr.drc:249
    Polygons (raw): 0 (flat)  0 (hierarchical)
    Elapsed: 0.020s  Memory: 1482.00M
"polygons" in: sky130A_mr.drc:250
    Polygons (raw): 0 (flat)  0 (hierarchical)
    Elapsed: 0.000s  Memory: 1482.00M
"polygons" in: sky130A_mr.drc:251
    Polygons (raw): 1181 (flat)  1 (hierarchical)
    Elapsed: 0.330s  Memory: 1482.00M
"polygons" in: sky130A_mr.drc:252
    Polygons (raw): 0 (flat)  0 (hierarchical)
    Elapsed: 0.020s  Memory: 1482.00M
"polygons" in: sky130A_mr.drc:253
    Polygons (raw): 0 (flat)  0 (hierarchical)
    Elapsed: 0.000s  Memory: 1482.00M
"polygons" in: sky130A_mr.drc:254
    Polygons (raw): 0 (flat)  0 (hierarchical)
    Elapsed: 0.020s  Memory: 1482.00M
"polygons" in: sky130A_mr.drc:255
    Polygons (raw): 0 (flat)  0 (hierarchical)
    Elapsed: 0.000s  Memory: 1482.00M
"polygons" in: sky130A_mr.drc:256
    Polygons (raw): 0 (flat)  0 (hierarchical)
    Elapsed: 0.030s  Memory: 1482.00M
"polygons" in: sky130A_mr.drc:257
    Polygons (raw): 0 (flat)  0 (hierarchical)
    Elapsed: 0.000s  Memory: 1482.00M
"polygons" in: sky130A_mr.drc:258
    Polygons (raw): 0 (flat)  0 (hierarchical)
    Elapsed: 0.030s  Memory: 1482.00M
"polygons" in: sky130A_mr.drc:259
    Polygons (raw): 0 (flat)  0 (hierarchical)
    Elapsed: 0.000s  Memory: 1482.00M
"polygons" in: sky130A_mr.drc:260
    Polygons (raw): 0 (flat)  0 (hierarchical)
    Elapsed: 0.020s  Memory: 1482.00M
"polygons" in: sky130A_mr.drc:261
    Polygons (raw): 0 (flat)  0 (hierarchical)
    Elapsed: 0.000s  Memory: 1482.00M
"polygons" in: sky130A_mr.drc:262
    Polygons (raw): 0 (flat)  0 (hierarchical)
    Elapsed: 0.030s  Memory: 1482.00M
"polygons" in: sky130A_mr.drc:263
    Polygons (raw): 0 (flat)  0 (hierarchical)
    Elapsed: 0.000s  Memory: 1482.00M
"polygons" in: sky130A_mr.drc:264
    Polygons (raw): 0 (flat)  0 (hierarchical)
    Elapsed: 0.020s  Memory: 1482.00M
"polygons" in: sky130A_mr.drc:265
    Polygons (raw): 0 (flat)  0 (hierarchical)
    Elapsed: 0.010s  Memory: 1482.00M
"polygons" in: sky130A_mr.drc:266
    Polygons (raw): 0 (flat)  0 (hierarchical)
    Elapsed: 0.020s  Memory: 1482.00M
"polygons" in: sky130A_mr.drc:267
    Polygons (raw): 0 (flat)  0 (hierarchical)
    Elapsed: 0.000s  Memory: 1482.00M
"polygons" in: sky130A_mr.drc:268
    Polygons (raw): 0 (flat)  0 (hierarchical)
    Elapsed: 0.020s  Memory: 1482.00M
"polygons" in: sky130A_mr.drc:269
    Polygons (raw): 0 (flat)  0 (hierarchical)
    Elapsed: 0.000s  Memory: 1482.00M
"polygons" in: sky130A_mr.drc:270
    Polygons (raw): 0 (flat)  0 (hierarchical)
    Elapsed: 0.020s  Memory: 1482.00M
"polygons" in: sky130A_mr.drc:271
    Polygons (raw): 0 (flat)  0 (hierarchical)
    Elapsed: 0.000s  Memory: 1482.00M
"polygons" in: sky130A_mr.drc:272
    Polygons (raw): 0 (flat)  0 (hierarchical)
    Elapsed: 0.030s  Memory: 1482.00M
"polygons" in: sky130A_mr.drc:273
    Polygons (raw): 0 (flat)  0 (hierarchical)
    Elapsed: 0.000s  Memory: 1482.00M
"polygons" in: sky130A_mr.drc:274
    Polygons (raw): 0 (flat)  0 (hierarchical)
    Elapsed: 0.020s  Memory: 1482.00M
"polygons" in: sky130A_mr.drc:275
    Polygons (raw): 0 (flat)  0 (hierarchical)
    Elapsed: 0.000s  Memory: 1482.00M
"merged" in: sky130A_mr.drc:277
    Polygons (raw): 0 (flat)  0 (hierarchical)
    Elapsed: 0.160s  Memory: 1482.00M
DRC section
FEOL section
START: 64/18 (dnwell)
"width" in: sky130A_mr.drc:301
    Edge pairs: 0 (flat)  0 (hierarchical)
    Elapsed: 0.140s  Memory: 1482.00M
"output" in: sky130A_mr.drc:302
    Edge pairs: 0 (flat)  0 (hierarchical)
    Elapsed: 0.210s  Memory: 1482.00M
"or" in: sky130A_mr.drc:307
    Polygons (raw): 0 (flat)  0 (hierarchical)
    Elapsed: 0.270s  Memory: 1482.00M
"-" in: sky130A_mr.drc:307
    Polygons (raw): 0 (flat)  0 (hierarchical)
    Elapsed: 0.150s  Memory: 1482.00M
"space" in: sky130A_mr.drc:308
    Edge pairs: 0 (flat)  0 (hierarchical)
    Elapsed: 0.130s  Memory: 1482.00M
"output" in: sky130A_mr.drc:309
    Edge pairs: 0 (flat)  0 (hierarchical)
    Elapsed: 0.210s  Memory: 1482.00M
END: 64/18 (dnwell)
"input" in: sky130A_mr.drc:316
    Polygons (raw): 1311397 (flat)  65 (hierarchical)
    Elapsed: 0.230s  Memory: 1482.00M
"input" in: sky130A_mr.drc:317
    Polygons (raw): 1311397 (flat)  65 (hierarchical)
    Elapsed: 0.260s  Memory: 1482.00M
"input" in: sky130A_mr.drc:318
    Polygons (raw): 1166497 (flat)  64 (hierarchical)
    Elapsed: 0.260s  Memory: 1482.00M
"input" in: sky130A_mr.drc:327
    Polygons (raw): 1166497 (flat)  64 (hierarchical)
    Elapsed: 0.260s  Memory: 1482.00M
START: 64/20 (nwell)
"width" in: sky130A_mr.drc:331
    Edge pairs: 0 (flat)  0 (hierarchical)
    Elapsed: 18.440s  Memory: 1824.00M
"output" in: sky130A_mr.drc:331
    Edge pairs: 0 (flat)  0 (hierarchical)
    Elapsed: 0.200s  Memory: 1824.00M
"space" in: sky130A_mr.drc:335
    Edge pairs: 0 (flat)  0 (hierarchical)
    Elapsed: 29.920s  Memory: 2752.00M
"output" in: sky130A_mr.drc:335
    Edge pairs: 0 (flat)  0 (hierarchical)
    Elapsed: 0.200s  Memory: 2112.00M
"&" in: sky130A_mr.drc:339
    Polygons (raw): 1166497 (flat)  64 (hierarchical)
    Elapsed: 24.030s  Memory: 2624.00M
"merge" in: sky130A_mr.drc:339
    Polygons (raw): 643 (flat)  643 (hierarchical)
    Elapsed: 18.290s  Memory: 2687.00M
"holes" in: sky130A_mr.drc:340
    Polygons (raw): 0 (flat)  0 (hierarchical)
    Elapsed: 0.030s  Memory: 2687.00M
"enclosing" in: sky130A_mr.drc:340
    Edge pairs: 0 (flat)  0 (hierarchical)
    Elapsed: 0.130s  Memory: 2687.00M
"output" in: sky130A_mr.drc:340
    Edge pairs: 0 (flat)  0 (hierarchical)
    Elapsed: 0.200s  Memory: 2687.00M
"or" in: sky130A_mr.drc:344
    Polygons (raw): 0 (flat)  0 (hierarchical)
    Elapsed: 0.280s  Memory: 2687.00M
"or" in: sky130A_mr.drc:344
    Polygons (raw): 0 (flat)  0 (hierarchical)
    Elapsed: 0.300s  Memory: 2687.00M
"or" in: sky130A_mr.drc:344
    Polygons (raw): 0 (flat)  0 (hierarchical)
    Elapsed: 0.300s  Memory: 2687.00M
"&" in: sky130A_mr.drc:346
    Polygons (raw): 0 (flat)  0 (hierarchical)
    Elapsed: 0.160s  Memory: 2687.00M
"interacting" in: sky130A_mr.drc:346
    Polygons (raw): 0 (flat)  0 (hierarchical)
    Elapsed: 0.140s  Memory: 2687.00M
"-" in: sky130A_mr.drc:347
    Polygons (raw): 0 (flat)  0 (hierarchical)
    Elapsed: 0.160s  Memory: 2687.00M
"output" in: sky130A_mr.drc:348
    Polygons (raw): 0 (flat)  0 (hierarchical)
    Elapsed: 0.180s  Memory: 2687.00M
END: 64/20 (nwell)
START: 78/44 (hvtp)
"width" in: sky130A_mr.drc:353
    Edge pairs: 0 (flat)  0 (hierarchical)
    Elapsed: 16.490s  Memory: 2710.00M
"output" in: sky130A_mr.drc:353
    Edge pairs: 0 (flat)  0 (hierarchical)
    Elapsed: 0.210s  Memory: 2710.00M
"space" in: sky130A_mr.drc:357
    Edge pairs: 0 (flat)  0 (hierarchical)
    Elapsed: 22.780s  Memory: 3222.00M
"output" in: sky130A_mr.drc:357
    Edge pairs: 0 (flat)  0 (hierarchical)
    Elapsed: 0.210s  Memory: 2710.00M
END: 78/44 (hvtp)
START: 124/20 (pwde)
"width" in: sky130A_mr.drc:365
    Edge pairs: 0 (flat)  0 (hierarchical)
    Elapsed: 0.140s  Memory: 2710.00M
"output" in: sky130A_mr.drc:365
    Edge pairs: 0 (flat)  0 (hierarchical)
    Elapsed: 0.200s  Memory: 2710.00M
"or" in: sky130A_mr.drc:370
    Polygons (raw): 0 (flat)  0 (hierarchical)
    Elapsed: 0.280s  Memory: 2710.00M
"&" in: sky130A_mr.drc:370
    Polygons (raw): 0 (flat)  0 (hierarchical)
    Elapsed: 0.150s  Memory: 2710.00M
"space" in: sky130A_mr.drc:371
    Edge pairs: 0 (flat)  0 (hierarchical)
    Elapsed: 0.140s  Memory: 2710.00M
"output" in: sky130A_mr.drc:372
    Edge pairs: 0 (flat)  0 (hierarchical)
    Elapsed: 0.200s  Memory: 2710.00M
END: 124/20 (pwde)
START: 18/20 (htvr)
"width" in: sky130A_mr.drc:377
    Edge pairs: 0 (flat)  0 (hierarchical)
    Elapsed: 0.140s  Memory: 2710.00M
"output" in: sky130A_mr.drc:377
    Edge pairs: 0 (flat)  0 (hierarchical)
    Elapsed: 0.210s  Memory: 2710.00M
"separation" in: sky130A_mr.drc:381
    Edge pairs: 0 (flat)  0 (hierarchical)
    Elapsed: 0.130s  Memory: 2710.00M
"output" in: sky130A_mr.drc:381
    Edge pairs: 0 (flat)  0 (hierarchical)
    Elapsed: 0.200s  Memory: 2710.00M
"&" in: sky130A_mr.drc:385
    Polygons (raw): 0 (flat)  0 (hierarchical)
    Elapsed: 0.130s  Memory: 2710.00M
"output" in: sky130A_mr.drc:385
    Polygons (raw): 0 (flat)  0 (hierarchical)
    Elapsed: 0.210s  Memory: 2710.00M
END: 18/20 (htvr)
START: 25/44 (lvtn)
"width" in: sky130A_mr.drc:390
    Edge pairs: 0 (flat)  0 (hierarchical)
    Elapsed: 0.130s  Memory: 2710.00M
"output" in: sky130A_mr.drc:390
    Edge pairs: 0 (flat)  0 (hierarchical)
    Elapsed: 0.210s  Memory: 2710.00M
"space" in: sky130A_mr.drc:394
    Edge pairs: 0 (flat)  0 (hierarchical)
    Elapsed: 0.130s  Memory: 2710.00M
"output" in: sky130A_mr.drc:394
    Edge pairs: 0 (flat)  0 (hierarchical)
    Elapsed: 0.210s  Memory: 2710.00M
"interacting" in: sky130A_mr.drc:399
    Polygons (raw): 0 (flat)  0 (hierarchical)
    Elapsed: 0.140s  Memory: 2710.00M
"not_inside" in: sky130A_mr.drc:400
    Polygons (raw): 0 (flat)  0 (hierarchical)
    Elapsed: 0.170s  Memory: 2710.00M
"edges" in: sky130A_mr.drc:401
    Edges: 0 (flat)  0 (hierarchical)
    Elapsed: 0.160s  Memory: 2710.00M
"&" in: sky130A_mr.drc:402
    Edges: 0 (flat)  0 (hierarchical)
    Elapsed: 0.140s  Memory: 2710.00M
"output" in: sky130A_mr.drc:403
    Edges: 0 (flat)  0 (hierarchical)
    Elapsed: 0.200s  Memory: 2710.00M
END: 25/44 (lvtn)
START: 92/44 (ncm)
"width" in: sky130A_mr.drc:408
    Edge pairs: 0 (flat)  0 (hierarchical)
    Elapsed: 0.140s  Memory: 2710.00M
"output" in: sky130A_mr.drc:408
    Edge pairs: 0 (flat)  0 (hierarchical)
    Elapsed: 0.210s  Memory: 2710.00M
"space" in: sky130A_mr.drc:409
    Edge pairs: 0 (flat)  0 (hierarchical)
    Elapsed: 0.140s  Memory: 2710.00M
"output" in: sky130A_mr.drc:409
    Edge pairs: 0 (flat)  0 (hierarchical)
    Elapsed: 0.200s  Memory: 2710.00M
END: 92/44 (ncm)
START: 65/20 (diff)
"or" in: sky130A_mr.drc:417
    Polygons (raw): 1457113 (flat)  166 (hierarchical)
    Elapsed: 3.150s  Memory: 2710.00M
"rectangles" in: sky130A_mr.drc:418
    Polygons (raw): 1165556 (flat)  103 (hierarchical)
    Elapsed: 1.970s  Memory: 2710.00M
"width" in: sky130A_mr.drc:418
    Edge pairs: 0 (flat)  0 (hierarchical)
    Elapsed: 0.190s  Memory: 2710.00M
"polygons" in: sky130A_mr.drc:418
    Polygons (raw): 0 (flat)  0 (hierarchical)
    Elapsed: 0.000s  Memory: 2710.00M
"edges" in: sky130A_mr.drc:421
    Edges: 0 (flat)  0 (hierarchical)
    Elapsed: 0.540s  Memory: 2710.00M
"outside_part" in: sky130A_mr.drc:422
    Edges: 0 (flat)  0 (hierarchical)
    Elapsed: 0.160s  Memory: 2710.00M
"outside" in: sky130A_mr.drc:423
    Polygons (raw): 0 (flat)  0 (hierarchical)
    Elapsed: 0.130s  Memory: 2710.00M
"edges" in: sky130A_mr.drc:423
    Edges: 0 (flat)  0 (hierarchical)
    Elapsed: 0.160s  Memory: 2710.00M
"-" in: sky130A_mr.drc:423
    Edges: 0 (flat)  0 (hierarchical)
    Elapsed: 0.140s  Memory: 2710.00M
"output" in: sky130A_mr.drc:424
    Edges: 0 (flat)  0 (hierarchical)
    Elapsed: 0.200s  Memory: 2710.00M
"outside" in: sky130A_mr.drc:429
    Polygons (raw): 1167474 (flat)  171 (hierarchical)
    Elapsed: 0.130s  Memory: 2710.00M
"width" in: sky130A_mr.drc:430
    Edge pairs: 0 (flat)  0 (hierarchical)
    Elapsed: 0.190s  Memory: 2710.00M
"output" in: sky130A_mr.drc:431
    Edge pairs: 0 (flat)  0 (hierarchical)
    Elapsed: 0.180s  Memory: 2710.00M
"inside" in: sky130A_mr.drc:436
    Polygons (raw): 0 (flat)  0 (hierarchical)
    Elapsed: 0.530s  Memory: 2710.00M
"width" in: sky130A_mr.drc:437
    Edge pairs: 0 (flat)  0 (hierarchical)
    Elapsed: 0.160s  Memory: 2710.00M
"output" in: sky130A_mr.drc:438
    Edge pairs: 0 (flat)  0 (hierarchical)
    Elapsed: 0.180s  Memory: 2710.00M
END: 65/20 (diff)
START: 65/44 (tap)
"rectangles" in: sky130A_mr.drc:445
    Polygons (raw): 289800 (flat)  2 (hierarchical)
    Elapsed: 0.680s  Memory: 2710.00M
"width" in: sky130A_mr.drc:445
    Edge pairs: 0 (flat)  0 (hierarchical)
    Elapsed: 0.190s  Memory: 2710.00M
"polygons" in: sky130A_mr.drc:445
    Polygons (raw): 0 (flat)  0 (hierarchical)
    Elapsed: 0.000s  Memory: 2710.00M
"edges" in: sky130A_mr.drc:448
    Edges: 0 (flat)  0 (hierarchical)
    Elapsed: 0.540s  Memory: 2710.00M
"outside_part" in: sky130A_mr.drc:449
    Edges: 0 (flat)  0 (hierarchical)
    Elapsed: 0.160s  Memory: 2710.00M
"outside" in: sky130A_mr.drc:450
    Polygons (raw): 0 (flat)  0 (hierarchical)
    Elapsed: 0.140s  Memory: 2710.00M
"edges" in: sky130A_mr.drc:450
    Edges: 0 (flat)  0 (hierarchical)
    Elapsed: 0.160s  Memory: 2710.00M
"-" in: sky130A_mr.drc:450
    Edges: 0 (flat)  0 (hierarchical)
    Elapsed: 0.140s  Memory: 2710.00M
"output" in: sky130A_mr.drc:451
    Edges: 0 (flat)  0 (hierarchical)
    Elapsed: 0.210s  Memory: 2710.00M
"-" in: sky130A_mr.drc:456
    Polygons (raw): 289800 (flat)  2 (hierarchical)
    Elapsed: 0.120s  Memory: 2710.00M
"width" in: sky130A_mr.drc:457
    Edge pairs: 0 (flat)  0 (hierarchical)
    Elapsed: 1.220s  Memory: 2710.00M
"output" in: sky130A_mr.drc:458
    Edge pairs: 0 (flat)  0 (hierarchical)
    Elapsed: 0.580s  Memory: 2710.00M
END: 65/44 (tap)
"space" in: sky130A_mr.drc:461
    Edge pairs: 0 (flat)  0 (hierarchical)
    Elapsed: 6.170s  Memory: 2774.00M
"output" in: sky130A_mr.drc:461
    Edge pairs: 0 (flat)  0 (hierarchical)
    Elapsed: 0.210s  Memory: 2710.00M
START: 80/20 (tunm)
"width" in: sky130A_mr.drc:468
    Edge pairs: 0 (flat)  0 (hierarchical)
    Elapsed: 0.140s  Memory: 2710.00M
"output" in: sky130A_mr.drc:468
    Edge pairs: 0 (flat)  0 (hierarchical)
    Elapsed: 0.200s  Memory: 2710.00M
"space" in: sky130A_mr.drc:472
    Edge pairs: 0 (flat)  0 (hierarchical)
    Elapsed: 0.140s  Memory: 2710.00M
"output" in: sky130A_mr.drc:472
    Edge pairs: 0 (flat)  0 (hierarchical)
    Elapsed: 0.200s  Memory: 2710.00M
"output" in: sky130A_mr.drc:476
    Polygons (raw): 0 (flat)  0 (hierarchical)
    Elapsed: 0.170s  Memory: 2710.00M
END: 80/20 (tunm)
START: 80/20 (thkox)
"-" in: sky130A_mr.drc:484
    Polygons (raw): 0 (flat)  0 (hierarchical)
    Elapsed: 0.160s  Memory: 2710.00M
"width" in: sky130A_mr.drc:485
    Edge pairs: 0 (flat)  0 (hierarchical)
    Elapsed: 0.140s  Memory: 2710.00M
"output" in: sky130A_mr.drc:485
    Edge pairs: 0 (flat)  0 (hierarchical)
    Elapsed: 0.210s  Memory: 2710.00M
"space" in: sky130A_mr.drc:489
    Edge pairs: 0 (flat)  0 (hierarchical)
    Elapsed: 0.140s  Memory: 2710.00M
"output" in: sky130A_mr.drc:489
    Edge pairs: 0 (flat)  0 (hierarchical)
    Elapsed: 0.210s  Memory: 2710.00M
"interacting" in: sky130A_mr.drc:495
    Polygons (raw): 0 (flat)  0 (hierarchical)
    Elapsed: 0.130s  Memory: 2710.00M
"not_inside" in: sky130A_mr.drc:496
    Polygons (raw): 0 (flat)  0 (hierarchical)
    Elapsed: 0.160s  Memory: 2710.00M
"edges" in: sky130A_mr.drc:497
    Edges: 0 (flat)  0 (hierarchical)
    Elapsed: 0.140s  Memory: 2710.00M
"&" in: sky130A_mr.drc:498
    Edges: 0 (flat)  0 (hierarchical)
    Elapsed: 0.170s  Memory: 2710.00M
"output" in: sky130A_mr.drc:499
    Edges: 0 (flat)  0 (hierarchical)
    Elapsed: 0.180s  Memory: 2710.00M
"&" in: sky130A_mr.drc:504
    Polygons (raw): 144900 (flat)  1 (hierarchical)
    Elapsed: 4.820s  Memory: 2710.00M
"&" in: sky130A_mr.drc:504
    Polygons (raw): 0 (flat)  0 (hierarchical)
    Elapsed: 0.160s  Memory: 2710.00M
"&" in: sky130A_mr.drc:505
    Polygons (raw): 584165 (flat)  80 (hierarchical)
    Elapsed: 6.990s  Memory: 2774.00M
"&" in: sky130A_mr.drc:505
    Polygons (raw): 0 (flat)  0 (hierarchical)
    Elapsed: 0.530s  Memory: 2774.00M
"not_interacting" in: sky130A_mr.drc:505
    Polygons (raw): 0 (flat)  0 (hierarchical)
    Elapsed: 0.540s  Memory: 2774.00M
"separation" in: sky130A_mr.drc:508
    Edge pairs: 0 (flat)  0 (hierarchical)
    Elapsed: 0.170s  Memory: 2774.00M
"polygons" in: sky130A_mr.drc:508
    Polygons (raw): 0 (flat)  0 (hierarchical)
    Elapsed: 0.000s  Memory: 2774.00M
"interacting" in: sky130A_mr.drc:509
    Polygons (raw): 0 (flat)  0 (hierarchical)
    Elapsed: 0.160s  Memory: 2774.00M
"output" in: sky130A_mr.drc:509
    Polygons (raw): 0 (flat)  0 (hierarchical)
    Elapsed: 0.180s  Memory: 2774.00M
END: 80/20 (thkox)
START: 66/20 (poly)
"width" in: sky130A_mr.drc:517
    Edge pairs: 0 (flat)  0 (hierarchical)
    Elapsed: 2.530s  Memory: 2774.00M
"output" in: sky130A_mr.drc:517
    Edge pairs: 0 (flat)  0 (hierarchical)
    Elapsed: 0.210s  Memory: 2774.00M
"-" in: sky130A_mr.drc:522
    Polygons (raw): 1170573 (flat)  359 (hierarchical)
    Elapsed: 0.130s  Memory: 2774.00M
"space" in: sky130A_mr.drc:523
    Edge pairs: 0 (flat)  0 (hierarchical)
    Elapsed: 5.020s  Memory: 2262.00M
"output" in: sky130A_mr.drc:524
    Edge pairs: 0 (flat)  0 (hierarchical)
    Elapsed: 0.600s  Memory: 2198.00M
"inside" in: sky130A_mr.drc:525
    Polygons (raw): 0 (flat)  0 (hierarchical)
    Elapsed: 0.150s  Memory: 2198.00M
"drc" in: sky130A_mr.drc:525
    Edge pairs: 0 (flat)  0 (hierarchical)
    Elapsed: 0.680s  Memory: 2198.00M
"polygons" in: sky130A_mr.drc:525
    Polygons (raw): 0 (flat)  0 (hierarchical)
    Elapsed: 0.020s  Memory: 2198.00M
"interacting" in: sky130A_mr.drc:527
    Polygons (raw): 0 (flat)  0 (hierarchical)
    Elapsed: 0.140s  Memory: 2198.00M
"isolated" in: sky130A_mr.drc:528
    Edge pairs: 0 (flat)  0 (hierarchical)
    Elapsed: 0.160s  Memory: 2198.00M
"output" in: sky130A_mr.drc:529
    Edge pairs: 0 (flat)  0 (hierarchical)
    Elapsed: 0.190s  Memory: 2198.00M
"drc" in: sky130A_mr.drc:533
    Polygons (raw): 0 (flat)  0 (hierarchical)
    Elapsed: 0.740s  Memory: 2198.00M
"output" in: sky130A_mr.drc:533
    Polygons (raw): 0 (flat)  0 (hierarchical)
    Elapsed: 0.210s  Memory: 2198.00M
"width" in: sky130A_mr.drc:539
    Edge pairs: 0 (flat)  0 (hierarchical)
    Elapsed: 0.130s  Memory: 2198.00M
"output" in: sky130A_mr.drc:539
    Edge pairs: 0 (flat)  0 (hierarchical)
    Elapsed: 0.210s  Memory: 2198.00M
END: 66/20 (poly)
START: 80/20 (ldntm)
"&" in: sky130A_mr.drc:548
    Polygons (raw): 0 (flat)  0 (hierarchical)
    Elapsed: 0.140s  Memory: 2198.00M
"width" in: sky130A_mr.drc:549
    Edge pairs: 0 (flat)  0 (hierarchical)
    Elapsed: 0.170s  Memory: 2198.00M
"output" in: sky130A_mr.drc:549
    Edge pairs: 0 (flat)  0 (hierarchical)
    Elapsed: 0.190s  Memory: 2198.00M
"space" in: sky130A_mr.drc:553
    Edge pairs: 0 (flat)  0 (hierarchical)
    Elapsed: 0.170s  Memory: 2198.00M
"output" in: sky130A_mr.drc:553
    Edge pairs: 0 (flat)  0 (hierarchical)
    Elapsed: 0.190s  Memory: 2198.00M
END: 80/20 (ldntm)
START: 86/20 (rpm)
"width" in: sky130A_mr.drc:561
    Edge pairs: 0 (flat)  0 (hierarchical)
    Elapsed: 0.160s  Memory: 2198.00M
"output" in: sky130A_mr.drc:561
    Edge pairs: 0 (flat)  0 (hierarchical)
    Elapsed: 0.190s  Memory: 2198.00M
"space" in: sky130A_mr.drc:565
    Edge pairs: 0 (flat)  0 (hierarchical)
    Elapsed: 0.160s  Memory: 2198.00M
"output" in: sky130A_mr.drc:565
    Edge pairs: 0 (flat)  0 (hierarchical)
    Elapsed: 0.190s  Memory: 2198.00M
END: 86/20 (rpm)
START: 74/20 (rdl)
"width" in: sky130A_mr.drc:573
    Edge pairs: 0 (flat)  0 (hierarchical)
    Elapsed: 0.150s  Memory: 2198.00M
"output" in: sky130A_mr.drc:573
    Edge pairs: 0 (flat)  0 (hierarchical)
    Elapsed: 0.190s  Memory: 2198.00M
"space" in: sky130A_mr.drc:574
    Edge pairs: 0 (flat)  0 (hierarchical)
    Elapsed: 0.150s  Memory: 2198.00M
"output" in: sky130A_mr.drc:574
    Edge pairs: 0 (flat)  0 (hierarchical)
    Elapsed: 0.180s  Memory: 2198.00M
"output" in: sky130A_mr.drc:575
    Polygons (raw): 0 (flat)  0 (hierarchical)
    Elapsed: 0.190s  Memory: 2198.00M
END: 74/20 (rdl)
START: 79/20 (urpm)
"width" in: sky130A_mr.drc:580
    Edge pairs: 0 (flat)  0 (hierarchical)
    Elapsed: 0.130s  Memory: 2198.00M
"output" in: sky130A_mr.drc:580
    Edge pairs: 0 (flat)  0 (hierarchical)
    Elapsed: 0.210s  Memory: 2198.00M
"space" in: sky130A_mr.drc:584
    Edge pairs: 0 (flat)  0 (hierarchical)
    Elapsed: 0.140s  Memory: 2198.00M
"output" in: sky130A_mr.drc:584
    Edge pairs: 0 (flat)  0 (hierarchical)
    Elapsed: 0.210s  Memory: 2198.00M
END: 79/20 (urpm)
START: 95/20 (npc)
"width" in: sky130A_mr.drc:592
    Edge pairs: 0 (flat)  0 (hierarchical)
    Elapsed: 6.740s  Memory: 2198.00M
"output" in: sky130A_mr.drc:592
    Edge pairs: 0 (flat)  0 (hierarchical)
    Elapsed: 0.210s  Memory: 2198.00M
"space" in: sky130A_mr.drc:593
    Edge pairs: 0 (flat)  0 (hierarchical)
    Elapsed: 6.920s  Memory: 2390.00M
"output" in: sky130A_mr.drc:593
    Edge pairs: 0 (flat)  0 (hierarchical)
    Elapsed: 0.210s  Memory: 2198.00M
END: 95/20 (npc)
START: 93/44 (nsdm)
"-" in: sky130A_mr.drc:644
    Polygons (raw): 1311397 (flat)  65 (hierarchical)
    Elapsed: 0.130s  Memory: 2198.00M
"space" in: sky130A_mr.drc:645
    Edge pairs: 0 (flat)  0 (hierarchical)
    Elapsed: 28.200s  Memory: 2710.00M
"output" in: sky130A_mr.drc:646
    Edge pairs: 0 (flat)  0 (hierarchical)
    Elapsed: 0.570s  Memory: 2198.00M
"outside" in: sky130A_mr.drc:648
    Polygons (raw): 1311397 (flat)  65 (hierarchical)
    Elapsed: 0.160s  Memory: 2198.00M
"width" in: sky130A_mr.drc:649
    Edge pairs: 0 (flat)  0 (hierarchical)
    Elapsed: 20.320s  Memory: 2203.00M
"output" in: sky130A_mr.drc:650
    Edge pairs: 0 (flat)  0 (hierarchical)
    Elapsed: 0.580s  Memory: 2203.00M
"width" in: sky130A_mr.drc:652
    Edge pairs: 0 (flat)  0 (hierarchical)
    Elapsed: 20.080s  Memory: 2203.00M
"polygons" in: sky130A_mr.drc:652
    Polygons (raw): 0 (flat)  0 (hierarchical)
    Elapsed: 0.030s  Memory: 2203.00M
"interacting" in: sky130A_mr.drc:652
    Polygons (raw): 0 (flat)  0 (hierarchical)
    Elapsed: 0.140s  Memory: 2203.00M
"edges" in: sky130A_mr.drc:654
    Edges: 0 (flat)  0 (hierarchical)
    Elapsed: 0.160s  Memory: 2203.00M
"outside_part" in: sky130A_mr.drc:654
    Edges: 0 (flat)  0 (hierarchical)
    Elapsed: 0.140s  Memory: 2203.00M
"interacting" in: sky130A_mr.drc:653
    Polygons (raw): 0 (flat)  0 (hierarchical)
    Elapsed: 0.160s  Memory: 2203.00M
"output" in: sky130A_mr.drc:655
    Polygons (raw): 0 (flat)  0 (hierarchical)
    Elapsed: 0.190s  Memory: 2203.00M
"space" in: sky130A_mr.drc:657
    Edge pairs: 0 (flat)  0 (hierarchical)
    Elapsed: 27.360s  Memory: 2715.00M
"polygons" in: sky130A_mr.drc:657
    Polygons (raw): 0 (flat)  0 (hierarchical)
    Elapsed: 0.020s  Memory: 2203.00M
"interacting" in: sky130A_mr.drc:657
    Polygons (raw): 0 (flat)  0 (hierarchical)
    Elapsed: 0.150s  Memory: 2203.00M
"edges" in: sky130A_mr.drc:659
    Edges: 0 (flat)  0 (hierarchical)
    Elapsed: 0.160s  Memory: 2203.00M
"outside_part" in: sky130A_mr.drc:659
    Edges: 0 (flat)  0 (hierarchical)
    Elapsed: 0.140s  Memory: 2203.00M
"interacting" in: sky130A_mr.drc:658
    Polygons (raw): 0 (flat)  0 (hierarchical)
    Elapsed: 0.160s  Memory: 2203.00M
"output" in: sky130A_mr.drc:660
    Polygons (raw): 0 (flat)  0 (hierarchical)
    Elapsed: 0.190s  Memory: 2203.00M
"inside" in: sky130A_mr.drc:662
    Polygons (raw): 0 (flat)  0 (hierarchical)
    Elapsed: 0.150s  Memory: 2203.00M
"width" in: sky130A_mr.drc:663
    Edge pairs: 0 (flat)  0 (hierarchical)
    Elapsed: 0.140s  Memory: 2203.00M
"output" in: sky130A_mr.drc:664
    Edge pairs: 0 (flat)  0 (hierarchical)
    Elapsed: 0.210s  Memory: 2203.00M
"inside" in: sky130A_mr.drc:666
    Polygons (raw): 0 (flat)  0 (hierarchical)
    Elapsed: 0.130s  Memory: 2203.00M
"space" in: sky130A_mr.drc:667
    Edge pairs: 0 (flat)  0 (hierarchical)
    Elapsed: 0.170s  Memory: 2203.00M
"output" in: sky130A_mr.drc:668
    Edge pairs: 0 (flat)  0 (hierarchical)
    Elapsed: 0.190s  Memory: 2203.00M
"inside" in: sky130A_mr.drc:670
    Polygons (raw): 0 (flat)  0 (hierarchical)
    Elapsed: 0.150s  Memory: 2203.00M
"space" in: sky130A_mr.drc:671
    Edge pairs: 0 (flat)  0 (hierarchical)
    Elapsed: 0.140s  Memory: 2203.00M
"with_internal_angle" in: sky130A_mr.drc:672
    Edge pairs: 0 (flat)  0 (hierarchical)
    Elapsed: 0.030s  Memory: 2203.00M
"output" in: sky130A_mr.drc:673
    Edge pairs: 0 (flat)  0 (hierarchical)
    Elapsed: 0.180s  Memory: 2203.00M
END: 93/44 (nsdm)
START: 94/20 (psdm)
"-" in: sky130A_mr.drc:733
    Polygons (raw): 1311397 (flat)  65 (hierarchical)
    Elapsed: 0.120s  Memory: 2203.00M
"space" in: sky130A_mr.drc:734
    Edge pairs: 0 (flat)  0 (hierarchical)
    Elapsed: 24.600s  Memory: 2715.00M
"output" in: sky130A_mr.drc:735
    Edge pairs: 0 (flat)  0 (hierarchical)
    Elapsed: 0.580s  Memory: 2203.00M
"outside" in: sky130A_mr.drc:737
    Polygons (raw): 1311397 (flat)  65 (hierarchical)
    Elapsed: 0.150s  Memory: 2203.00M
"width" in: sky130A_mr.drc:738
    Edge pairs: 0 (flat)  0 (hierarchical)
    Elapsed: 19.610s  Memory: 2219.00M
"output" in: sky130A_mr.drc:739
    Edge pairs: 0 (flat)  0 (hierarchical)
    Elapsed: 0.580s  Memory: 2219.00M
"width" in: sky130A_mr.drc:741
    Edge pairs: 0 (flat)  0 (hierarchical)
    Elapsed: 19.850s  Memory: 2219.00M
"polygons" in: sky130A_mr.drc:741
    Polygons (raw): 0 (flat)  0 (hierarchical)
    Elapsed: 0.020s  Memory: 2219.00M
"interacting" in: sky130A_mr.drc:741
    Polygons (raw): 0 (flat)  0 (hierarchical)
    Elapsed: 0.150s  Memory: 2219.00M
"edges" in: sky130A_mr.drc:743
    Edges: 0 (flat)  0 (hierarchical)
    Elapsed: 0.170s  Memory: 2219.00M
"outside_part" in: sky130A_mr.drc:743
    Edges: 0 (flat)  0 (hierarchical)
    Elapsed: 0.150s  Memory: 2219.00M
"interacting" in: sky130A_mr.drc:742
    Polygons (raw): 0 (flat)  0 (hierarchical)
    Elapsed: 0.160s  Memory: 2219.00M
"output" in: sky130A_mr.drc:744
    Polygons (raw): 0 (flat)  0 (hierarchical)
    Elapsed: 0.190s  Memory: 2219.00M
"space" in: sky130A_mr.drc:746
    Edge pairs: 0 (flat)  0 (hierarchical)
    Elapsed: 24.410s  Memory: 2731.00M
"polygons" in: sky130A_mr.drc:746
    Polygons (raw): 0 (flat)  0 (hierarchical)
    Elapsed: 0.030s  Memory: 2219.00M
"interacting" in: sky130A_mr.drc:746
    Polygons (raw): 0 (flat)  0 (hierarchical)
    Elapsed: 0.150s  Memory: 2219.00M
"edges" in: sky130A_mr.drc:748
    Edges: 0 (flat)  0 (hierarchical)
    Elapsed: 0.170s  Memory: 2219.00M
"outside_part" in: sky130A_mr.drc:748
    Edges: 0 (flat)  0 (hierarchical)
    Elapsed: 0.140s  Memory: 2219.00M
"interacting" in: sky130A_mr.drc:747
    Polygons (raw): 0 (flat)  0 (hierarchical)
    Elapsed: 0.160s  Memory: 2219.00M
"output" in: sky130A_mr.drc:749
    Polygons (raw): 0 (flat)  0 (hierarchical)
    Elapsed: 0.190s  Memory: 2219.00M
"inside" in: sky130A_mr.drc:751
    Polygons (raw): 0 (flat)  0 (hierarchical)
    Elapsed: 0.150s  Memory: 2219.00M
"width" in: sky130A_mr.drc:752
    Edge pairs: 0 (flat)  0 (hierarchical)
    Elapsed: 0.150s  Memory: 2219.00M
"output" in: sky130A_mr.drc:753
    Edge pairs: 0 (flat)  0 (hierarchical)
    Elapsed: 0.210s  Memory: 2219.00M
"inside" in: sky130A_mr.drc:755
    Polygons (raw): 0 (flat)  0 (hierarchical)
    Elapsed: 0.130s  Memory: 2219.00M
"space" in: sky130A_mr.drc:756
    Edge pairs: 0 (flat)  0 (hierarchical)
    Elapsed: 0.160s  Memory: 2219.00M
"output" in: sky130A_mr.drc:757
    Edge pairs: 0 (flat)  0 (hierarchical)
    Elapsed: 0.190s  Memory: 2219.00M
"inside" in: sky130A_mr.drc:759
    Polygons (raw): 0 (flat)  0 (hierarchical)
    Elapsed: 0.150s  Memory: 2219.00M
"space" in: sky130A_mr.drc:760
    Edge pairs: 0 (flat)  0 (hierarchical)
    Elapsed: 0.140s  Memory: 2219.00M
"with_internal_angle" in: sky130A_mr.drc:761
    Edge pairs: 0 (flat)  0 (hierarchical)
    Elapsed: 0.020s  Memory: 2219.00M
"output" in: sky130A_mr.drc:762
    Edge pairs: 0 (flat)  0 (hierarchical)
    Elapsed: 0.190s  Memory: 2219.00M
"&" in: sky130A_mr.drc:767
    Polygons (raw): 0 (flat)  0 (hierarchical)
    Elapsed: 9.650s  Memory: 2411.00M
"&" in: sky130A_mr.drc:768
    Polygons (raw): 0 (flat)  0 (hierarchical)
    Elapsed: 0.170s  Memory: 2219.00M
"output" in: sky130A_mr.drc:769
    Polygons (raw): 0 (flat)  0 (hierarchical)
    Elapsed: 0.190s  Memory: 2219.00M
END: 94/20 (psdm)
START: 66/44 (licon)
"&" in: sky130A_mr.drc:779
    Polygons (raw): 0 (flat)  0 (hierarchical)
    Elapsed: 0.150s  Memory: 2219.00M
"&" in: sky130A_mr.drc:780
    Polygons (raw): 0 (flat)  0 (hierarchical)
    Elapsed: 0.150s  Memory: 2219.00M
"&" in: sky130A_mr.drc:780
    Polygons (raw): 0 (flat)  0 (hierarchical)
    Elapsed: 0.170s  Memory: 2219.00M
"outside" in: sky130A_mr.drc:781
    Polygons (raw): 6277107 (flat)  1386 (hierarchical)
    Elapsed: 0.130s  Memory: 2219.00M
"drc" in: sky130A_mr.drc:783
    Polygons (raw): 6277107 (flat)  1386 (hierarchical)
    Elapsed: 9.740s  Memory: 2283.00M
"-" in: sky130A_mr.drc:784
    Polygons (raw): 0 (flat)  0 (hierarchical)
    Elapsed: 6.120s  Memory: 2283.00M
"drc" in: sky130A_mr.drc:785
    Polygons (raw): 0 (flat)  0 (hierarchical)
    Elapsed: 6.420s  Memory: 2347.00M
"drc" in: sky130A_mr.drc:795
    Polygons (raw): 0 (flat)  0 (hierarchical)
    Elapsed: 6.240s  Memory: 2283.00M
"-" in: sky130A_mr.drc:796
    Polygons (raw): 6277107 (flat)  1386 (hierarchical)
    Elapsed: 0.170s  Memory: 2283.00M
"non_rectangles" in: sky130A_mr.drc:800
    Polygons (raw): 0 (flat)  0 (hierarchical)
    Elapsed: 2.410s  Memory: 2283.00M
"output" in: sky130A_mr.drc:800
    Polygons (raw): 0 (flat)  0 (hierarchical)
    Elapsed: 0.210s  Memory: 2283.00M
"|" in: sky130A_mr.drc:804
    Polygons (raw): 0 (flat)  0 (hierarchical)
    Elapsed: 0.280s  Memory: 2283.00M
"&" in: sky130A_mr.drc:804
    Polygons (raw): 0 (flat)  0 (hierarchical)
    Elapsed: 0.160s  Memory: 2283.00M
"interacting" in: sky130A_mr.drc:804
    Polygons (raw): 0 (flat)  0 (hierarchical)
    Elapsed: 0.140s  Memory: 2283.00M
"&" in: sky130A_mr.drc:804
    Polygons (raw): 0 (flat)  0 (hierarchical)
    Elapsed: 0.170s  Memory: 2283.00M
"-" in: sky130A_mr.drc:805
    Polygons (raw): 6277107 (flat)  1386 (hierarchical)
    Elapsed: 0.140s  Memory: 2283.00M
"space" in: sky130A_mr.drc:805
    Edge pairs: 0 (flat)  0 (hierarchical)
    Elapsed: 6.360s  Memory: 2347.00M
"output" in: sky130A_mr.drc:805
    Edge pairs: 0 (flat)  0 (hierarchical)
    Elapsed: 0.580s  Memory: 2283.00M
"-" in: sky130A_mr.drc:809
    Polygons (raw): 6277107 (flat)  1386 (hierarchical)
    Elapsed: 0.160s  Memory: 2283.00M
"drc" in: sky130A_mr.drc:810
    Edges: 0 (flat)  0 (hierarchical)
    Elapsed: 9.130s  Memory: 2347.00M
"output" in: sky130A_mr.drc:810
    Edges: 0 (flat)  0 (hierarchical)
    Elapsed: 0.210s  Memory: 2283.00M
"&" in: sky130A_mr.drc:815
    Polygons (raw): 5106961 (flat)  1076 (hierarchical)
    Elapsed: 6.930s  Memory: 2347.00M
"separation" in: sky130A_mr.drc:816
    Edge pairs: 0 (flat)  0 (hierarchical)
    Elapsed: 8.310s  Memory: 2347.00M
"output" in: sky130A_mr.drc:817
    Edge pairs: 0 (flat)  0 (hierarchical)
    Elapsed: 0.580s  Memory: 2347.00M
"&" in: sky130A_mr.drc:822
    Polygons (raw): 5106961 (flat)  1076 (hierarchical)
    Elapsed: 6.910s  Memory: 2411.00M
"&" in: sky130A_mr.drc:823
    Polygons (raw): 0 (flat)  0 (hierarchical)
    Elapsed: 5.270s  Memory: 2411.00M
"output" in: sky130A_mr.drc:824
    Polygons (raw): 0 (flat)  0 (hierarchical)
    Elapsed: 0.590s  Memory: 2411.00M
"&" in: sky130A_mr.drc:829
    Polygons (raw): 1170146 (flat)  310 (hierarchical)
    Elapsed: 5.850s  Memory: 2411.00M
"&" in: sky130A_mr.drc:830
    Polygons (raw): 0 (flat)  0 (hierarchical)
    Elapsed: 5.110s  Memory: 2411.00M
"output" in: sky130A_mr.drc:831
    Polygons (raw): 0 (flat)  0 (hierarchical)
    Elapsed: 0.580s  Memory: 2411.00M
"-" in: sky130A_mr.drc:835
    Polygons (raw): 2634175 (flat)  809 (hierarchical)
    Elapsed: 5.970s  Memory: 2411.00M
"&" in: sky130A_mr.drc:836
    Polygons (raw): 5106961 (flat)  1076 (hierarchical)
    Elapsed: 6.590s  Memory: 2475.00M
"interacting" in: sky130A_mr.drc:836
    Polygons (raw): 5106961 (flat)  1076 (hierarchical)
    Elapsed: 6.580s  Memory: 2475.00M
"-" in: sky130A_mr.drc:838
    Polygons (raw): 1170146 (flat)  310 (hierarchical)
    Elapsed: 6.980s  Memory: 2475.00M
"-" in: sky130A_mr.drc:838
    Polygons (raw): 1170146 (flat)  310 (hierarchical)
    Elapsed: 6.500s  Memory: 2475.00M
"&" in: sky130A_mr.drc:838
    Polygons (raw): 1170146 (flat)  310 (hierarchical)
    Elapsed: 5.370s  Memory: 2475.00M
"interacting" in: sky130A_mr.drc:838
    Polygons (raw): 1170146 (flat)  310 (hierarchical)
    Elapsed: 8.200s  Memory: 2475.00M
"&" in: sky130A_mr.drc:839
    Polygons (raw): 0 (flat)  0 (hierarchical)
    Elapsed: 0.540s  Memory: 2475.00M
"enclosing" in: sky130A_mr.drc:840
    Edge pairs: 0 (flat)  0 (hierarchical)
    Elapsed: 0.160s  Memory: 2475.00M
"output" in: sky130A_mr.drc:840
    Edge pairs: 0 (flat)  0 (hierarchical)
    Elapsed: 0.190s  Memory: 2475.00M
"-" in: sky130A_mr.drc:844
    Polygons (raw): 0 (flat)  0 (hierarchical)
    Elapsed: 0.170s  Memory: 2475.00M
"output" in: sky130A_mr.drc:844
    Polygons (raw): 0 (flat)  0 (hierarchical)
    Elapsed: 0.180s  Memory: 2475.00M
"outside" in: sky130A_mr.drc:851
    Polygons (raw): 6277107 (flat)  1386 (hierarchical)
    Elapsed: 0.160s  Memory: 2475.00M
"with_angle" in: sky130A_mr.drc:852
    Edge pairs: 0 (flat)  0 (hierarchical)
    Elapsed: 0.020s  Memory: 2475.00M
"output" in: sky130A_mr.drc:852
    Edge pairs: 0 (flat)  0 (hierarchical)
    Elapsed: 0.190s  Memory: 2475.00M
"outside" in: sky130A_mr.drc:858
    Polygons (raw): 0 (flat)  0 (hierarchical)
    Elapsed: 0.140s  Memory: 2475.00M
"output" in: sky130A_mr.drc:859
    Polygons (raw): 0 (flat)  0 (hierarchical)
    Elapsed: 0.210s  Memory: 2475.00M
"|" in: sky130A_mr.drc:864
    Polygons (raw): 0 (flat)  0 (hierarchical)
    Elapsed: 0.280s  Memory: 2475.00M
"interacting" in: sky130A_mr.drc:864
    Polygons (raw): 0 (flat)  0 (hierarchical)
    Elapsed: 0.170s  Memory: 2475.00M
"output" in: sky130A_mr.drc:865
    Polygons (raw): 0 (flat)  0 (hierarchical)
    Elapsed: 0.180s  Memory: 2475.00M
"drc" in: sky130A_mr.drc:871
    Edges: 0 (flat)  0 (hierarchical)
    Elapsed: 0.520s  Memory: 2475.00M
"space" in: sky130A_mr.drc:871
    Edge pairs: 0 (flat)  0 (hierarchical)
    Elapsed: 0.700s  Memory: 2475.00M
"output" in: sky130A_mr.drc:871
    Edge pairs: 0 (flat)  0 (hierarchical)
    Elapsed: 0.210s  Memory: 2475.00M
"drc" in: sky130A_mr.drc:878
    Edges: 0 (flat)  0 (hierarchical)
    Elapsed: 0.200s  Memory: 2475.00M
"space" in: sky130A_mr.drc:878
    Edge pairs: 0 (flat)  0 (hierarchical)
    Elapsed: 0.690s  Memory: 2475.00M
"output" in: sky130A_mr.drc:878
    Edge pairs: 0 (flat)  0 (hierarchical)
    Elapsed: 0.210s  Memory: 2475.00M
"separation" in: sky130A_mr.drc:884
    Edge pairs: 0 (flat)  0 (hierarchical)
    Elapsed: 0.140s  Memory: 2475.00M
"output" in: sky130A_mr.drc:884
    Edge pairs: 0 (flat)  0 (hierarchical)
    Elapsed: 0.210s  Memory: 2475.00M
"space" in: sky130A_mr.drc:897
    Edge pairs: 0 (flat)  0 (hierarchical)
    Elapsed: 0.140s  Memory: 2475.00M
"polygons" in: sky130A_mr.drc:900
    Polygons (raw): 0 (flat)  0 (hierarchical)
    Elapsed: 0.020s  Memory: 2475.00M
"sized" in: sky130A_mr.drc:900
    Polygons (raw): 0 (flat)  0 (hierarchical)
    Elapsed: 0.140s  Memory: 2475.00M
"interacting" in: sky130A_mr.drc:903
    Polygons (raw): 0 (flat)  0 (hierarchical)
    Elapsed: 0.160s  Memory: 2475.00M
"-" in: sky130A_mr.drc:910
    Polygons (raw): 0 (flat)  0 (hierarchical)
    Elapsed: 0.140s  Memory: 2475.00M
"sized" in: sky130A_mr.drc:913
    Polygons (raw): 0 (flat)  0 (hierarchical)
    Elapsed: 0.160s  Memory: 2475.00M
"space" in: sky130A_mr.drc:917
    Edge pairs: 0 (flat)  0 (hierarchical)
    Elapsed: 0.140s  Memory: 2475.00M
"output" in: sky130A_mr.drc:917
    Edge pairs: 0 (flat)  0 (hierarchical)
    Elapsed: 0.210s  Memory: 2475.00M
"space" in: sky130A_mr.drc:925
    Edge pairs: 0 (flat)  0 (hierarchical)
    Elapsed: 0.150s  Memory: 2475.00M
"with_internal_angle" in: sky130A_mr.drc:925
    Edge pairs: 0 (flat)  0 (hierarchical)
    Elapsed: 0.030s  Memory: 2475.00M
"output" in: sky130A_mr.drc:925
    Edge pairs: 0 (flat)  0 (hierarchical)
    Elapsed: 0.190s  Memory: 2475.00M
"&" in: sky130A_mr.drc:931
    Polygons (raw): 434700 (flat)  3 (hierarchical)
    Elapsed: 3.840s  Memory: 2539.00M
"separation" in: sky130A_mr.drc:932
    Edge pairs: 0 (flat)  0 (hierarchical)
    Elapsed: 3.370s  Memory: 2475.00M
"output" in: sky130A_mr.drc:932
    Edge pairs: 0 (flat)  0 (hierarchical)
    Elapsed: 0.220s  Memory: 2475.00M
"&" in: sky130A_mr.drc:938
    Polygons (raw): 1170146 (flat)  310 (hierarchical)
    Elapsed: 5.780s  Memory: 2475.00M
"separation" in: sky130A_mr.drc:939
    Edge pairs: 0 (flat)  0 (hierarchical)
    Elapsed: 9.010s  Memory: 2475.00M
"output" in: sky130A_mr.drc:939
    Edge pairs: 0 (flat)  0 (hierarchical)
    Elapsed: 0.210s  Memory: 2475.00M
"&" in: sky130A_mr.drc:945
    Polygons (raw): 5106961 (flat)  1076 (hierarchical)
    Elapsed: 6.610s  Memory: 2475.00M
"outside" in: sky130A_mr.drc:946
    Polygons (raw): 0 (flat)  0 (hierarchical)
    Elapsed: 10.110s  Memory: 2475.00M
"separation" in: sky130A_mr.drc:947
    Edge pairs: 0 (flat)  0 (hierarchical)
    Elapsed: 0.170s  Memory: 2475.00M
"output" in: sky130A_mr.drc:947
    Edge pairs: 0 (flat)  0 (hierarchical)
    Elapsed: 0.200s  Memory: 2475.00M
"drc" in: sky130A_mr.drc:953
    Polygons (raw): 0 (flat)  0 (hierarchical)
    Elapsed: 6.330s  Memory: 2475.00M
"drc" in: sky130A_mr.drc:954
    Edges: 0 (flat)  0 (hierarchical)
    Elapsed: 0.510s  Memory: 2475.00M
"output" in: sky130A_mr.drc:954
    Edges: 0 (flat)  0 (hierarchical)
    Elapsed: 0.200s  Memory: 2475.00M
"drc" in: sky130A_mr.drc:960
    Edges: 0 (flat)  0 (hierarchical)
    Elapsed: 0.190s  Memory: 2475.00M
"output" in: sky130A_mr.drc:960
    Edges: 0 (flat)  0 (hierarchical)
    Elapsed: 0.210s  Memory: 2475.00M
"drc" in: sky130A_mr.drc:964
    Polygons (raw): 0 (flat)  0 (hierarchical)
    Elapsed: 0.360s  Memory: 2475.00M
"output" in: sky130A_mr.drc:964
    Polygons (raw): 0 (flat)  0 (hierarchical)
    Elapsed: 0.210s  Memory: 2475.00M
END: 66/44 (licon)
START: 61/20 (nsm)
"space" in: sky130A_mr.drc:973
    Edge pairs: 0 (flat)  0 (hierarchical)
    Elapsed: 0.140s  Memory: 2475.00M
"output" in: sky130A_mr.drc:973
    Edge pairs: 0 (flat)  0 (hierarchical)
    Elapsed: 0.210s  Memory: 2475.00M
"width" in: sky130A_mr.drc:974
    Edge pairs: 0 (flat)  0 (hierarchical)
    Elapsed: 0.130s  Memory: 2475.00M
"output" in: sky130A_mr.drc:974
    Edge pairs: 0 (flat)  0 (hierarchical)
    Elapsed: 0.210s  Memory: 2475.00M
END: 61/20 (nsm)
START: 89/44 (capm)
"width" in: sky130A_mr.drc:979
    Edge pairs: 0 (flat)  0 (hierarchical)
    Elapsed: 0.140s  Memory: 2475.00M
"output" in: sky130A_mr.drc:979
    Edge pairs: 0 (flat)  0 (hierarchical)
    Elapsed: 0.210s  Memory: 2475.00M
"space" in: sky130A_mr.drc:983
    Edge pairs: 0 (flat)  0 (hierarchical)
    Elapsed: 0.140s  Memory: 2475.00M
"output" in: sky130A_mr.drc:983
    Edge pairs: 0 (flat)  0 (hierarchical)
    Elapsed: 0.210s  Memory: 2475.00M
"&" in: sky130A_mr.drc:987
    Polygons (raw): 0 (flat)  0 (hierarchical)
    Elapsed: 0.130s  Memory: 2475.00M
"sized" in: sky130A_mr.drc:987
    Polygons (raw): 0 (flat)  0 (hierarchical)
    Elapsed: 0.160s  Memory: 2475.00M
"isolated" in: sky130A_mr.drc:989
    Edge pairs: 0 (flat)  0 (hierarchical)
    Elapsed: 0.140s  Memory: 2475.00M
"polygons" in: sky130A_mr.drc:990
    Polygons (raw): 0 (flat)  0 (hierarchical)
    Elapsed: 0.030s  Memory: 2475.00M
"-" in: sky130A_mr.drc:991
    Polygons (raw): 0 (flat)  0 (hierarchical)
    Elapsed: 0.140s  Memory: 2475.00M
"output" in: sky130A_mr.drc:992
    Polygons (raw): 0 (flat)  0 (hierarchical)
    Elapsed: 0.210s  Memory: 2475.00M
"not_interacting" in: sky130A_mr.drc:993
    Polygons (raw): 66099 (flat)  22218 (hierarchical)
    Elapsed: 0.140s  Memory: 2475.00M
"separation" in: sky130A_mr.drc:993
    Edge pairs: 0 (flat)  0 (hierarchical)
    Elapsed: 0.170s  Memory: 2475.00M
"output" in: sky130A_mr.drc:997
    Edge pairs: 0 (flat)  0 (hierarchical)
    Elapsed: 0.190s  Memory: 2475.00M
"enclosing" in: sky130A_mr.drc:1002
    Edge pairs: 0 (flat)  0 (hierarchical)
    Elapsed: 0.530s  Memory: 2475.00M
"output" in: sky130A_mr.drc:1002
    Edge pairs: 0 (flat)  0 (hierarchical)
    Elapsed: 0.200s  Memory: 2475.00M
"enclosing" in: sky130A_mr.drc:1006
    Edge pairs: 0 (flat)  0 (hierarchical)
    Elapsed: 0.140s  Memory: 2475.00M
"output" in: sky130A_mr.drc:1006
    Edge pairs: 0 (flat)  0 (hierarchical)
    Elapsed: 0.200s  Memory: 2475.00M
"separation" in: sky130A_mr.drc:1010
    Edge pairs: 0 (flat)  0 (hierarchical)
    Elapsed: 0.140s  Memory: 2475.00M
"output" in: sky130A_mr.drc:1010
    Edge pairs: 0 (flat)  0 (hierarchical)
    Elapsed: 0.210s  Memory: 2475.00M
"not_interacting" in: sky130A_mr.drc:1014
    Polygons (raw): 66099 (flat)  22218 (hierarchical)
    Elapsed: 0.130s  Memory: 2475.00M
"separation" in: sky130A_mr.drc:1014
    Edge pairs: 0 (flat)  0 (hierarchical)
    Elapsed: 0.160s  Memory: 2475.00M
"output" in: sky130A_mr.drc:1014
    Edge pairs: 0 (flat)  0 (hierarchical)
    Elapsed: 0.190s  Memory: 2475.00M
END: 89/44 (capm)
START: 97/44 (cap2m)
"width" in: sky130A_mr.drc:1022
    Edge pairs: 0 (flat)  0 (hierarchical)
    Elapsed: 0.540s  Memory: 2475.00M
"output" in: sky130A_mr.drc:1022
    Edge pairs: 0 (flat)  0 (hierarchical)
    Elapsed: 0.200s  Memory: 2475.00M
"space" in: sky130A_mr.drc:1026
    Edge pairs: 0 (flat)  0 (hierarchical)
    Elapsed: 0.150s  Memory: 2475.00M
"output" in: sky130A_mr.drc:1026
    Edge pairs: 0 (flat)  0 (hierarchical)
    Elapsed: 0.210s  Memory: 2475.00M
"interacting" in: sky130A_mr.drc:1031
    Polygons (raw): 0 (flat)  0 (hierarchical)
    Elapsed: 0.140s  Memory: 2475.00M
"isolated" in: sky130A_mr.drc:1032
    Edge pairs: 0 (flat)  0 (hierarchical)
    Elapsed: 0.160s  Memory: 2475.00M
"output" in: sky130A_mr.drc:1033
    Edge pairs: 0 (flat)  0 (hierarchical)
    Elapsed: 0.190s  Memory: 2475.00M
"interacting" in: sky130A_mr.drc:1034
    Polygons (raw): 0 (flat)  0 (hierarchical)
    Elapsed: 0.150s  Memory: 2475.00M
"isolated" in: sky130A_mr.drc:1034
    Edge pairs: 0 (flat)  0 (hierarchical)
    Elapsed: 0.150s  Memory: 2475.00M
"output" in: sky130A_mr.drc:1034
    Edge pairs: 0 (flat)  0 (hierarchical)
    Elapsed: 0.210s  Memory: 2475.00M
"&" in: sky130A_mr.drc:1039
    Polygons (raw): 0 (flat)  0 (hierarchical)
    Elapsed: 0.130s  Memory: 2475.00M
"enclosing" in: sky130A_mr.drc:1040
    Edge pairs: 0 (flat)  0 (hierarchical)
    Elapsed: 0.170s  Memory: 2475.00M
"output" in: sky130A_mr.drc:1041
    Edge pairs: 0 (flat)  0 (hierarchical)
    Elapsed: 0.190s  Memory: 2475.00M
"enclosing" in: sky130A_mr.drc:1042
    Edge pairs: 0 (flat)  0 (hierarchical)
    Elapsed: 0.160s  Memory: 2475.00M
"output" in: sky130A_mr.drc:1042
    Edge pairs: 0 (flat)  0 (hierarchical)
    Elapsed: 0.180s  Memory: 2475.00M
"enclosing" in: sky130A_mr.drc:1046
    Edge pairs: 0 (flat)  0 (hierarchical)
    Elapsed: 0.160s  Memory: 2475.00M
"output" in: sky130A_mr.drc:1046
    Edge pairs: 0 (flat)  0 (hierarchical)
    Elapsed: 0.190s  Memory: 2475.00M
"separation" in: sky130A_mr.drc:1050
    Edge pairs: 0 (flat)  0 (hierarchical)
    Elapsed: 0.160s  Memory: 2475.00M
"output" in: sky130A_mr.drc:1050
    Edge pairs: 0 (flat)  0 (hierarchical)
    Elapsed: 0.180s  Memory: 2475.00M
"not_interacting" in: sky130A_mr.drc:1054
    Polygons (raw): 24907 (flat)  410 (hierarchical)
    Elapsed: 0.160s  Memory: 2475.00M
"separation" in: sky130A_mr.drc:1054
    Edge pairs: 0 (flat)  0 (hierarchical)
    Elapsed: 0.160s  Memory: 2475.00M
"output" in: sky130A_mr.drc:1054
    Edge pairs: 0 (flat)  0 (hierarchical)
    Elapsed: 0.180s  Memory: 2475.00M
END: 97/44 (cap2m)
FEOL section
START: 75/20 (hvi)
"-" in: sky130A_mr.drc:1647
    Polygons (raw): 0 (flat)  0 (hierarchical)
    Elapsed: 0.530s  Memory: 2475.00M
"width" in: sky130A_mr.drc:1648
    Edge pairs: 0 (flat)  0 (hierarchical)
    Elapsed: 0.170s  Memory: 2475.00M
"output" in: sky130A_mr.drc:1648
    Edge pairs: 0 (flat)  0 (hierarchical)
    Elapsed: 0.180s  Memory: 2475.00M
"space" in: sky130A_mr.drc:1652
    Edge pairs: 0 (flat)  0 (hierarchical)
    Elapsed: 0.160s  Memory: 2475.00M
"output" in: sky130A_mr.drc:1652
    Edge pairs: 0 (flat)  0 (hierarchical)
    Elapsed: 0.180s  Memory: 2475.00M
END: 75/20 (hvi)
START: 125/20 (hvntm)
"-" in: sky130A_mr.drc:1660
    Polygons (raw): 0 (flat)  0 (hierarchical)
    Elapsed: 0.160s  Memory: 2475.00M
"width" in: sky130A_mr.drc:1661
    Edge pairs: 0 (flat)  0 (hierarchical)
    Elapsed: 0.130s  Memory: 2475.00M
"output" in: sky130A_mr.drc:1661
    Edge pairs: 0 (flat)  0 (hierarchical)
    Elapsed: 0.210s  Memory: 2475.00M
"space" in: sky130A_mr.drc:1665
    Edge pairs: 0 (flat)  0 (hierarchical)
    Elapsed: 0.150s  Memory: 2475.00M
"output" in: sky130A_mr.drc:1665
    Edge pairs: 0 (flat)  0 (hierarchical)
    Elapsed: 0.210s  Memory: 2475.00M
END: 125/20 (hvntm)
Writing report database: /tmp/tmpass0y0tk/repo/precheck_results/02_MAY_2026___13_01_49/outputs/reports/klayout_feol_check.xml ..
Total elapsed: 725.200s  Memory: 2363.00M
Args:
	sram_exclude: false
	feol: true
	beol: false
	floating_met: false
	offgrid: false
	seal: 
 
Cell exclusion list:
   rule    | cell
   nwell.6 | sky130_fd_io__gpiov2_amux, sky130_fd_io__simple_pad_and_busses
 
release 2025.11.17_01.10
