BEGIN: Sun May  3 05:01:03 2026
Extracting as digital. Top ports unique.

Magic 8.3 revision 471 - Compiled on Wed Apr 22 16:23:58 UTC 2026.
Starting magic under Tcl interpreter
Using the terminal as the console.
Using NULL graphics device.
Processing system .magicrc file
Sourcing design magicrc.well for technology sky130A ...
2 Magic internal units = 1 Lambda
Loading tech file /tmp/tmprkrkh26s/repo/precheck_results/03_MAY_2026___05_00_45/tmp/sky130A.tech
Input style sky130(): scaleFactor=2, multiplier=2
The following types are not handled by extraction and will be treated as non-electrical types:
    ubm 
Scaled tech values by 2 / 1 to match internal grid scaling
Loading "/tmp/tmprkrkh26s/repo/precheck_results/03_MAY_2026___05_00_45/tmp/ext/abstract.tcl" from command line.
Abstracting
CIF input style is now "sky130()"
Abstracting /tmp/tmprkrkh26s/repo/gds/user_project_wrapper.gds
Warning: Calma reading is not undoable!  I hope that's OK.
Library written using GDS-II Release 6.0
Library name: LIB
Reading "sky130_fd_sc_hd__diode_2".
Reading "sky130_fd_sc_hd__fill_2".
Reading "sky130_fd_sc_hd__fill_1".
Reading "sky130_fd_sc_hd__fill_4".
Reading "sky130_fd_sc_hd__fill_8".
Reading "sky130_ef_sc_hd__decap_40_12".
Reading "sky130_fd_sc_hd__decap_3".
Reading "sky130_fd_sc_hd__tapvpwrvgnd_1".
Reading "sky130_fd_sc_hd__inv_2".
Reading "sky130_fd_sc_hd__mux2_1".
Reading "sky130_fd_sc_hd__nand2_1".
Reading "sky130_fd_sc_hd__and3_1".
Reading "sky130_fd_sc_hd__nand3_1".
Reading "sky130_fd_sc_hd__nor2_1".
Reading "sky130_fd_sc_hd__o22a_1".
Reading "sky130_fd_sc_hd__a31o_1".
Reading "sky130_fd_sc_hd__a21bo_1".
Reading "sky130_fd_sc_hd__a21o_1".
Reading "sky130_fd_sc_hd__a32o_1".
Reading "sky130_fd_sc_hd__or2_1".
Reading "sky130_fd_sc_hd__and4_1".
Reading "sky130_fd_sc_hd__a21oi_1".
Reading "sky130_fd_sc_hd__xor2_1".
Reading "sky130_fd_sc_hd__and2b_1".
Reading "sky130_fd_sc_hd__xnor2_1".
Reading "sky130_fd_sc_hd__or4bb_1".
Reading "sky130_fd_sc_hd__and2_1".
Reading "sky130_fd_sc_hd__nor4_1".
Reading "sky130_fd_sc_hd__or4_1".
Reading "sky130_fd_sc_hd__or4b_1".
Reading "sky130_fd_sc_hd__or3_2".
Reading "sky130_fd_sc_hd__nor3_1".
Reading "sky130_fd_sc_hd__nand2b_1".
Reading "sky130_fd_sc_hd__and3b_1".
Reading "sky130_fd_sc_hd__nand2b_4".
Reading "sky130_fd_sc_hd__a211o_1".
Reading "sky130_fd_sc_hd__a22o_1".
Reading "sky130_fd_sc_hd__o21ai_1".
Reading "sky130_fd_sc_hd__and4_4".
Reading "sky130_fd_sc_hd__a2bb2o_1".
Reading "sky130_fd_sc_hd__o21a_1".
Reading "sky130_fd_sc_hd__o31ai_1".
Reading "sky130_fd_sc_hd__a31oi_1".
Reading "sky130_fd_sc_hd__or3b_1".
Reading "sky130_fd_sc_hd__nand4_1".
Reading "sky130_fd_sc_hd__dfrtp_1".
Reading "sky130_fd_sc_hd__dfrtp_4".
Reading "sky130_fd_sc_hd__dfrtp_2".
Reading "sky130_fd_sc_hd__dfstp_1".
Reading "sky130_fd_sc_hd__buf_4".
Reading "sky130_fd_sc_hd__clkbuf_4".
Reading "sky130_fd_sc_hd__clkbuf_2".
Reading "sky130_fd_sc_hd__buf_1".
Reading "sky130_fd_sc_hd__clkbuf_1".
Reading "sky130_fd_sc_hd__buf_12".
Reading "sky130_fd_sc_hd__clkbuf_16".
Reading "sky130_fd_sc_hd__clkbuf_8".
Reading "sky130_fd_sc_hd__clkinv_2".
Reading "sky130_fd_sc_hd__clkinvlp_4".
Reading "sky130_fd_sc_hd__dlymetal6s2s_1".
Reading "sky130_fd_sc_hd__buf_2".
Reading "sky130_fd_sc_hd__dlygate4sd3_1".
Reading "sky130_fd_sc_hd__buf_6".
Reading "sky130_fd_sc_hd__conb_1".
Reading "VIA_via5_6_3100_3100_2_2_1600_1600".
Reading "VIA_via4_5_3100_480_1_7_400_400".
Reading "VIA_via3_4_3100_480_1_7_400_400".
Reading "VIA_via2_3_3100_480_1_9_320_320".
Reading "VIA_L1M1_PR_MR".
Reading "VIA_M1M2_PR".
Reading "VIA_M2M3_PR".
Reading "user_project_wrapper".
    5000 uses
    10000 uses
    15000 uses
    20000 uses
    25000 uses
    30000 uses
    35000 uses
    40000 uses
    45000 uses
    50000 uses
    55000 uses
    60000 uses
    65000 uses
    70000 uses
    75000 uses
    80000 uses
    85000 uses
    90000 uses
    95000 uses
    100000 uses
    105000 uses
    110000 uses
    115000 uses
    120000 uses
    125000 uses
    130000 uses
    135000 uses
    140000 uses
    145000 uses
    150000 uses
    155000 uses
    160000 uses
    165000 uses
    170000 uses
    175000 uses
    180000 uses
    185000 uses
    190000 uses
    195000 uses
    200000 uses
    205000 uses
    210000 uses
    215000 uses
    220000 uses
    225000 uses
    230000 uses
    235000 uses
    240000 uses
    245000 uses
    250000 uses
    255000 uses
    260000 uses
    265000 uses
    270000 uses
    275000 uses
    280000 uses
    285000 uses
    290000 uses
    295000 uses
    300000 uses
    305000 uses
    310000 uses
    315000 uses
    320000 uses
    325000 uses
    330000 uses
    335000 uses
    340000 uses
    345000 uses
    350000 uses
    355000 uses
    360000 uses
    365000 uses
    370000 uses
    375000 uses
    380000 uses
    385000 uses
    390000 uses
    395000 uses
    400000 uses
    405000 uses
    410000 uses
    415000 uses
    420000 uses
    425000 uses
    430000 uses
    435000 uses
    440000 uses
    445000 uses
    450000 uses
    455000 uses
    460000 uses
    465000 uses
    470000 uses
    475000 uses
    480000 uses
    485000 uses
    490000 uses
    495000 uses
    500000 uses
    505000 uses
    510000 uses
    515000 uses
    520000 uses
    525000 uses
    530000 uses
    535000 uses
    540000 uses
    545000 uses
    550000 uses
    555000 uses
    560000 uses
    565000 uses
    570000 uses
    575000 uses
    580000 uses
    585000 uses
    590000 uses
    595000 uses
    600000 uses
    605000 uses
    610000 uses
    615000 uses
    620000 uses
    625000 uses
    630000 uses
    635000 uses
    640000 uses
    645000 uses
    650000 uses
    655000 uses
    660000 uses
    665000 uses
    670000 uses
    675000 uses
    680000 uses
    685000 uses
    690000 uses
    695000 uses
    700000 uses
    705000 uses
    710000 uses
    715000 uses
    720000 uses
    725000 uses
    730000 uses
    735000 uses
    740000 uses
    745000 uses
    750000 uses
    755000 uses
    760000 uses
    765000 uses
    770000 uses
    775000 uses
    780000 uses
    785000 uses
    790000 uses
    795000 uses
    800000 uses
    805000 uses
    810000 uses
    815000 uses
    820000 uses
    825000 uses
    830000 uses
    835000 uses
    840000 uses
    845000 uses
    850000 uses
    855000 uses
    860000 uses
    865000 uses
    870000 uses
    875000 uses
    880000 uses
    885000 uses
    890000 uses
    895000 uses
    900000 uses
    905000 uses
    910000 uses
    915000 uses
    920000 uses
    925000 uses
    930000 uses
    935000 uses
    940000 uses
    945000 uses
    950000 uses
    955000 uses
    960000 uses
    965000 uses
    970000 uses
    975000 uses
    980000 uses
    985000 uses
    990000 uses
    995000 uses
    1000000 uses
    1005000 uses
    1010000 uses
    1015000 uses
    1020000 uses
    1025000 uses
    1030000 uses
    1035000 uses
    1040000 uses
    1045000 uses
    1050000 uses
    1055000 uses
    1060000 uses
    1065000 uses
    1070000 uses
    1075000 uses
    1080000 uses
    1085000 uses
    1090000 uses
    1095000 uses
    1100000 uses
    1105000 uses
    1110000 uses
    1115000 uses
    1120000 uses
    1125000 uses
    1130000 uses
    1135000 uses
    1140000 uses
    1145000 uses
    1150000 uses
    1155000 uses
    1160000 uses
    1165000 uses
    1170000 uses
    1175000 uses
    1180000 uses
    1185000 uses
    1190000 uses
    1195000 uses
    1200000 uses
    1205000 uses
    1210000 uses
    1215000 uses
    1220000 uses
    1225000 uses
    1230000 uses
    1235000 uses
    1240000 uses

TIME: read GDS: 00:00:45 


TIME: create subcut: 00:00:00 

Abstracting sky130_fd_sc_hd__fill_1
instance count:0 port count:5
Abstracting sky130_fd_sc_hd__fill_2
instance count:0 port count:5
Abstracting sky130_fd_sc_hd__fill_4
instance count:0 port count:5
Abstracting sky130_fd_sc_hd__fill_8
instance count:0 port count:5
Abstracting sky130_fd_sc_hd__tapvpwrvgnd_1
instance count:0 port count:3

TIME: create abstract: 00:00:00 

Using technology "sky130A", version 1.0.493

Magic 8.3 revision 471 - Compiled on Wed Apr 22 16:23:58 UTC 2026.
Starting magic under Tcl interpreter
Using the terminal as the console.
Using NULL graphics device.
Processing system .magicrc file
Sourcing design magicrc.well for technology sky130A ...
2 Magic internal units = 1 Lambda
Loading tech file /tmp/tmprkrkh26s/repo/precheck_results/03_MAY_2026___05_00_45/tmp/sky130A.tech
Input style sky130(): scaleFactor=2, multiplier=2
The following types are not handled by extraction and will be treated as non-electrical types:
    ubm 
Scaled tech values by 2 / 1 to match internal grid scaling
Loading "/tmp/tmprkrkh26s/repo/precheck_results/03_MAY_2026___05_00_45/tmp/ext/extract.tcl" from command line.
Extracting with top ports unique (digital)
CIF input style is now "sky130()"
Flattening 

Extracting /tmp/tmprkrkh26s/repo/gds/user_project_wrapper.gds
Warning: Calma reading is not undoable!  I hope that's OK.
Library written using GDS-II Release 6.0
Library name: LIB
Reading "sky130_fd_sc_hd__diode_2".
Reading "sky130_fd_sc_hd__fill_2".
Reading "sky130_fd_sc_hd__fill_1".
Reading "sky130_fd_sc_hd__fill_4".
Reading "sky130_fd_sc_hd__fill_8".
Reading "sky130_ef_sc_hd__decap_40_12".
Reading "sky130_fd_sc_hd__decap_3".
Reading "sky130_fd_sc_hd__tapvpwrvgnd_1".
Reading "sky130_fd_sc_hd__inv_2".
Reading "sky130_fd_sc_hd__mux2_1".
Reading "sky130_fd_sc_hd__nand2_1".
Reading "sky130_fd_sc_hd__and3_1".
Reading "sky130_fd_sc_hd__nand3_1".
Reading "sky130_fd_sc_hd__nor2_1".
Reading "sky130_fd_sc_hd__o22a_1".
Reading "sky130_fd_sc_hd__a31o_1".
Reading "sky130_fd_sc_hd__a21bo_1".
Reading "sky130_fd_sc_hd__a21o_1".
Reading "sky130_fd_sc_hd__a32o_1".
Reading "sky130_fd_sc_hd__or2_1".
Reading "sky130_fd_sc_hd__and4_1".
Reading "sky130_fd_sc_hd__a21oi_1".
Reading "sky130_fd_sc_hd__xor2_1".
Reading "sky130_fd_sc_hd__and2b_1".
Reading "sky130_fd_sc_hd__xnor2_1".
Reading "sky130_fd_sc_hd__or4bb_1".
Reading "sky130_fd_sc_hd__and2_1".
Reading "sky130_fd_sc_hd__nor4_1".
Reading "sky130_fd_sc_hd__or4_1".
Reading "sky130_fd_sc_hd__or4b_1".
Reading "sky130_fd_sc_hd__or3_2".
Reading "sky130_fd_sc_hd__nor3_1".
Reading "sky130_fd_sc_hd__nand2b_1".
Reading "sky130_fd_sc_hd__and3b_1".
Reading "sky130_fd_sc_hd__nand2b_4".
Reading "sky130_fd_sc_hd__a211o_1".
Reading "sky130_fd_sc_hd__a22o_1".
Reading "sky130_fd_sc_hd__o21ai_1".
Reading "sky130_fd_sc_hd__and4_4".
Reading "sky130_fd_sc_hd__a2bb2o_1".
Reading "sky130_fd_sc_hd__o21a_1".
Reading "sky130_fd_sc_hd__o31ai_1".
Reading "sky130_fd_sc_hd__a31oi_1".
Reading "sky130_fd_sc_hd__or3b_1".
Reading "sky130_fd_sc_hd__nand4_1".
Reading "sky130_fd_sc_hd__dfrtp_1".
Reading "sky130_fd_sc_hd__dfrtp_4".
Reading "sky130_fd_sc_hd__dfrtp_2".
Reading "sky130_fd_sc_hd__dfstp_1".
Reading "sky130_fd_sc_hd__buf_4".
Reading "sky130_fd_sc_hd__clkbuf_4".
Reading "sky130_fd_sc_hd__clkbuf_2".
Reading "sky130_fd_sc_hd__buf_1".
Reading "sky130_fd_sc_hd__clkbuf_1".
Reading "sky130_fd_sc_hd__buf_12".
Reading "sky130_fd_sc_hd__clkbuf_16".
Reading "sky130_fd_sc_hd__clkbuf_8".
Reading "sky130_fd_sc_hd__clkinv_2".
Reading "sky130_fd_sc_hd__clkinvlp_4".
Reading "sky130_fd_sc_hd__dlymetal6s2s_1".
Reading "sky130_fd_sc_hd__buf_2".
Reading "sky130_fd_sc_hd__dlygate4sd3_1".
Reading "sky130_fd_sc_hd__buf_6".
Reading "sky130_fd_sc_hd__conb_1".
Reading "VIA_via5_6_3100_3100_2_2_1600_1600".
Saving contents of cell VIA_via5_6_3100_3100_2_2_1600_1600
Reading "VIA_via4_5_3100_480_1_7_400_400".
Saving contents of cell VIA_via4_5_3100_480_1_7_400_400
Reading "VIA_via3_4_3100_480_1_7_400_400".
Saving contents of cell VIA_via3_4_3100_480_1_7_400_400
Reading "VIA_via2_3_3100_480_1_9_320_320".
Reading "VIA_L1M1_PR_MR".
Saving contents of cell VIA_L1M1_PR_MR
Reading "VIA_M1M2_PR".
Saving contents of cell VIA_M1M2_PR
Reading "VIA_M2M3_PR".
Saving contents of cell VIA_M2M3_PR
Reading "user_project_wrapper".
    5000 uses
    10000 uses
    15000 uses
    20000 uses
    25000 uses
    30000 uses
    35000 uses
    40000 uses
    45000 uses
    50000 uses
    55000 uses
    60000 uses
    65000 uses
    70000 uses
    75000 uses
    80000 uses
    85000 uses
    90000 uses
    95000 uses
    100000 uses
    105000 uses
    110000 uses
    115000 uses
    120000 uses
    125000 uses
    130000 uses
    135000 uses
    140000 uses
    145000 uses
    150000 uses
    155000 uses
    160000 uses
    165000 uses
    170000 uses
    175000 uses
    180000 uses
    185000 uses
    190000 uses
    195000 uses
    200000 uses
    205000 uses
    210000 uses
    215000 uses
    220000 uses
    225000 uses
    230000 uses
    235000 uses
    240000 uses
    245000 uses
    250000 uses
    255000 uses
    260000 uses
    265000 uses
    270000 uses
    275000 uses
    280000 uses
    285000 uses
    290000 uses
    295000 uses
    300000 uses
    305000 uses
    310000 uses
    315000 uses
    320000 uses
    325000 uses
    330000 uses
    335000 uses
    340000 uses
    345000 uses
    350000 uses
    355000 uses
    360000 uses
    365000 uses
    370000 uses
    375000 uses
    380000 uses
    385000 uses
    390000 uses
    395000 uses
    400000 uses
    405000 uses
    410000 uses
    415000 uses
    420000 uses
    425000 uses
    430000 uses
    435000 uses
    440000 uses
    445000 uses
    450000 uses
    455000 uses
    460000 uses
    465000 uses
    470000 uses
    475000 uses
    480000 uses
    485000 uses
    490000 uses
    495000 uses
    500000 uses
    505000 uses
    510000 uses
    515000 uses
    520000 uses
    525000 uses
    530000 uses
    535000 uses
    540000 uses
    545000 uses
    550000 uses
    555000 uses
    560000 uses
    565000 uses
    570000 uses
    575000 uses
    580000 uses
    585000 uses
    590000 uses
    595000 uses
    600000 uses
    605000 uses
    610000 uses
    615000 uses
    620000 uses
    625000 uses
    630000 uses
    635000 uses
    640000 uses
    645000 uses
    650000 uses
    655000 uses
    660000 uses
    665000 uses
    670000 uses
    675000 uses
    680000 uses
    685000 uses
    690000 uses
    695000 uses
    700000 uses
    705000 uses
    710000 uses
    715000 uses
    720000 uses
    725000 uses
    730000 uses
    735000 uses
    740000 uses
    745000 uses
    750000 uses
    755000 uses
    760000 uses
    765000 uses
    770000 uses
    775000 uses
    780000 uses
    785000 uses
    790000 uses
    795000 uses
    800000 uses
    805000 uses
    810000 uses
    815000 uses
    820000 uses
    825000 uses
    830000 uses
    835000 uses
    840000 uses
    845000 uses
    850000 uses
    855000 uses
    860000 uses
    865000 uses
    870000 uses
    875000 uses
    880000 uses
    885000 uses
    890000 uses
    895000 uses
    900000 uses
    905000 uses
    910000 uses
    915000 uses
    920000 uses
    925000 uses
    930000 uses
    935000 uses
    940000 uses
    945000 uses
    950000 uses
    955000 uses
    960000 uses
    965000 uses
    970000 uses
    975000 uses
    980000 uses
    985000 uses
    990000 uses
    995000 uses
    1000000 uses
    1005000 uses
    1010000 uses
    1015000 uses
    1020000 uses
    1025000 uses
    1030000 uses
    1035000 uses
    1040000 uses
    1045000 uses
    1050000 uses
    1055000 uses
    1060000 uses
    1065000 uses
    1070000 uses
    1075000 uses
    1080000 uses
    1085000 uses
    1090000 uses
    1095000 uses
    1100000 uses
    1105000 uses
    1110000 uses
    1115000 uses
    1120000 uses
    1125000 uses
    1130000 uses
    1135000 uses
    1140000 uses
    1145000 uses
    1150000 uses
    1155000 uses
    1160000 uses
    1165000 uses
    1170000 uses
    1175000 uses
    1180000 uses
    1185000 uses
    1190000 uses
    1195000 uses
    1200000 uses
    1205000 uses
    1210000 uses
    1215000 uses
    1220000 uses
    1225000 uses
    1230000 uses
    1235000 uses
    1240000 uses

TIME: read GDS: 00:00:57 


TIME: add subcut: 00:00:00 

Abstracting sky130_fd_sc_hd__fill_1
Abstracting sky130_fd_sc_hd__fill_2
Abstracting sky130_fd_sc_hd__fill_4
Abstracting sky130_fd_sc_hd__fill_8
Abstracting sky130_fd_sc_hd__tapvpwrvgnd_1

TIME: set abstract: 00:00:00 

Processing sky130_fd_sc_hd__decap_3
Processing sky130_fd_sc_hd__clkbuf_1
Processing sky130_fd_sc_hd__diode_2
Processing sky130_ef_sc_hd__decap_40_12
Processing VIA_via2_3_3100_480_1_9_320_320
Processing sky130_fd_sc_hd__buf_12
Processing sky130_fd_sc_hd__dlygate4sd3_1
Processing sky130_fd_sc_hd__buf_1
Processing sky130_fd_sc_hd__and2_1
Processing sky130_fd_sc_hd__buf_2
Processing sky130_fd_sc_hd__conb_1
Processing sky130_fd_sc_hd__dlymetal6s2s_1
Processing sky130_fd_sc_hd__clkbuf_2
Processing sky130_fd_sc_hd__clkbuf_4
Processing sky130_fd_sc_hd__buf_4
Processing sky130_fd_sc_hd__mux2_1
Processing sky130_fd_sc_hd__inv_2
Processing sky130_fd_sc_hd__a22o_1
Processing sky130_fd_sc_hd__or3_2
Processing sky130_fd_sc_hd__clkbuf_8
Processing sky130_fd_sc_hd__dfrtp_1
Processing sky130_fd_sc_hd__a21o_1
Processing sky130_fd_sc_hd__a21bo_1
Processing sky130_fd_sc_hd__or3b_1
Processing sky130_fd_sc_hd__and3_1
Processing sky130_fd_sc_hd__nand2b_4
Processing sky130_fd_sc_hd__nor4_1
Processing sky130_fd_sc_hd__or4_1
Processing sky130_fd_sc_hd__nor3_1
Processing sky130_fd_sc_hd__or4b_1
Processing sky130_fd_sc_hd__or4bb_1
Processing sky130_fd_sc_hd__a211o_1
Processing sky130_fd_sc_hd__clkinv_2
Processing sky130_fd_sc_hd__dfstp_1
Processing sky130_fd_sc_hd__and2b_1
Processing sky130_fd_sc_hd__nand2b_1
Processing sky130_fd_sc_hd__and4_1
Processing sky130_fd_sc_hd__dfrtp_4
Processing sky130_fd_sc_hd__or2_1
Processing sky130_fd_sc_hd__nand2_1
Processing sky130_fd_sc_hd__a31o_1
Processing sky130_fd_sc_hd__a2bb2o_1
Processing sky130_fd_sc_hd__and3b_1
Processing sky130_fd_sc_hd__nor2_1
Processing sky130_fd_sc_hd__clkinvlp_4
Processing sky130_fd_sc_hd__a21oi_1
Processing sky130_fd_sc_hd__o21ai_1
Processing sky130_fd_sc_hd__dfrtp_2
Processing sky130_fd_sc_hd__xor2_1
Processing sky130_fd_sc_hd__nand4_1
Processing sky130_fd_sc_hd__buf_6
Processing sky130_fd_sc_hd__and4_4
Processing sky130_fd_sc_hd__a31oi_1
Processing sky130_fd_sc_hd__xnor2_1
Processing sky130_fd_sc_hd__nand3_1
Processing sky130_fd_sc_hd__a32o_1
Processing sky130_fd_sc_hd__clkbuf_16
Processing sky130_fd_sc_hd__o31ai_1
Processing sky130_fd_sc_hd__o22a_1
Processing sky130_fd_sc_hd__o21a_1
Processing user_project_wrapper
The following types are not handled by extraction and will be treated as non-electrical types:
    ubm 
Extraction style is now "ngspice()"
Extracting sky130_fd_sc_hd__decap_3 into sky130_fd_sc_hd__decap_3.ext:
sky130_fd_sc_hd__decap_3: 2 warnings
Extracting sky130_fd_sc_hd__clkbuf_1 into sky130_fd_sc_hd__clkbuf_1.ext:
Extracting sky130_fd_sc_hd__fill_4 into sky130_fd_sc_hd__fill_4.ext:
Extracting sky130_fd_sc_hd__fill_2 into sky130_fd_sc_hd__fill_2.ext:
Extracting sky130_fd_sc_hd__fill_1 into sky130_fd_sc_hd__fill_1.ext:
Extracting sky130_fd_sc_hd__diode_2 into sky130_fd_sc_hd__diode_2.ext:
sky130_fd_sc_hd__diode_2: 1 warning
Extracting sky130_ef_sc_hd__decap_40_12 into sky130_ef_sc_hd__decap_40_12.ext:
sky130_ef_sc_hd__decap_40_12: 2 warnings
Extracting sky130_fd_sc_hd__tapvpwrvgnd_1 into sky130_fd_sc_hd__tapvpwrvgnd_1.ext:
Extracting VIA_via2_3_3100_480_1_9_320_320 into VIA_via2_3_3100_480_1_9_320_320.ext:
Extracting sky130_fd_sc_hd__buf_12 into sky130_fd_sc_hd__buf_12.ext:
Extracting sky130_fd_sc_hd__fill_8 into sky130_fd_sc_hd__fill_8.ext:
Extracting sky130_fd_sc_hd__dlygate4sd3_1 into sky130_fd_sc_hd__dlygate4sd3_1.ext:
Extracting sky130_fd_sc_hd__buf_1 into sky130_fd_sc_hd__buf_1.ext:
Extracting sky130_fd_sc_hd__and2_1 into sky130_fd_sc_hd__and2_1.ext:
Extracting sky130_fd_sc_hd__buf_2 into sky130_fd_sc_hd__buf_2.ext:
Extracting sky130_fd_sc_hd__conb_1 into sky130_fd_sc_hd__conb_1.ext:
Extracting sky130_fd_sc_hd__dlymetal6s2s_1 into sky130_fd_sc_hd__dlymetal6s2s_1.ext:
Extracting sky130_fd_sc_hd__clkbuf_2 into sky130_fd_sc_hd__clkbuf_2.ext:
Extracting sky130_fd_sc_hd__clkbuf_4 into sky130_fd_sc_hd__clkbuf_4.ext:
Extracting sky130_fd_sc_hd__buf_4 into sky130_fd_sc_hd__buf_4.ext:
Extracting sky130_fd_sc_hd__mux2_1 into sky130_fd_sc_hd__mux2_1.ext:
Extracting sky130_fd_sc_hd__inv_2 into sky130_fd_sc_hd__inv_2.ext:
Extracting sky130_fd_sc_hd__a22o_1 into sky130_fd_sc_hd__a22o_1.ext:
Extracting sky130_fd_sc_hd__or3_2 into sky130_fd_sc_hd__or3_2.ext:
Extracting sky130_fd_sc_hd__clkbuf_8 into sky130_fd_sc_hd__clkbuf_8.ext:
Extracting sky130_fd_sc_hd__dfrtp_1 into sky130_fd_sc_hd__dfrtp_1.ext:
Extracting sky130_fd_sc_hd__a21o_1 into sky130_fd_sc_hd__a21o_1.ext:
Extracting sky130_fd_sc_hd__a21bo_1 into sky130_fd_sc_hd__a21bo_1.ext:
Extracting sky130_fd_sc_hd__or3b_1 into sky130_fd_sc_hd__or3b_1.ext:
Extracting sky130_fd_sc_hd__and3_1 into sky130_fd_sc_hd__and3_1.ext:
Extracting sky130_fd_sc_hd__nand2b_4 into sky130_fd_sc_hd__nand2b_4.ext:
Extracting sky130_fd_sc_hd__nor4_1 into sky130_fd_sc_hd__nor4_1.ext:
Extracting sky130_fd_sc_hd__or4_1 into sky130_fd_sc_hd__or4_1.ext:
Extracting sky130_fd_sc_hd__nor3_1 into sky130_fd_sc_hd__nor3_1.ext:
Extracting sky130_fd_sc_hd__or4b_1 into sky130_fd_sc_hd__or4b_1.ext:
Extracting sky130_fd_sc_hd__or4bb_1 into sky130_fd_sc_hd__or4bb_1.ext:
Extracting sky130_fd_sc_hd__a211o_1 into sky130_fd_sc_hd__a211o_1.ext:
Extracting sky130_fd_sc_hd__clkinv_2 into sky130_fd_sc_hd__clkinv_2.ext:
Extracting sky130_fd_sc_hd__dfstp_1 into sky130_fd_sc_hd__dfstp_1.ext:
Extracting sky130_fd_sc_hd__and2b_1 into sky130_fd_sc_hd__and2b_1.ext:
Extracting sky130_fd_sc_hd__nand2b_1 into sky130_fd_sc_hd__nand2b_1.ext:
Extracting sky130_fd_sc_hd__and4_1 into sky130_fd_sc_hd__and4_1.ext:
Extracting sky130_fd_sc_hd__dfrtp_4 into sky130_fd_sc_hd__dfrtp_4.ext:
Extracting sky130_fd_sc_hd__or2_1 into sky130_fd_sc_hd__or2_1.ext:
Extracting sky130_fd_sc_hd__nand2_1 into sky130_fd_sc_hd__nand2_1.ext:
Extracting sky130_fd_sc_hd__a31o_1 into sky130_fd_sc_hd__a31o_1.ext:
Extracting sky130_fd_sc_hd__a2bb2o_1 into sky130_fd_sc_hd__a2bb2o_1.ext:
Extracting sky130_fd_sc_hd__and3b_1 into sky130_fd_sc_hd__and3b_1.ext:
Extracting sky130_fd_sc_hd__nor2_1 into sky130_fd_sc_hd__nor2_1.ext:
Extracting sky130_fd_sc_hd__clkinvlp_4 into sky130_fd_sc_hd__clkinvlp_4.ext:
Extracting sky130_fd_sc_hd__a21oi_1 into sky130_fd_sc_hd__a21oi_1.ext:
Extracting sky130_fd_sc_hd__o21ai_1 into sky130_fd_sc_hd__o21ai_1.ext:
Extracting sky130_fd_sc_hd__dfrtp_2 into sky130_fd_sc_hd__dfrtp_2.ext:
Extracting sky130_fd_sc_hd__xor2_1 into sky130_fd_sc_hd__xor2_1.ext:
Extracting sky130_fd_sc_hd__nand4_1 into sky130_fd_sc_hd__nand4_1.ext:
Extracting sky130_fd_sc_hd__buf_6 into sky130_fd_sc_hd__buf_6.ext:
Extracting sky130_fd_sc_hd__and4_4 into sky130_fd_sc_hd__and4_4.ext:
Extracting sky130_fd_sc_hd__a31oi_1 into sky130_fd_sc_hd__a31oi_1.ext:
Extracting sky130_fd_sc_hd__xnor2_1 into sky130_fd_sc_hd__xnor2_1.ext:
Extracting sky130_fd_sc_hd__nand3_1 into sky130_fd_sc_hd__nand3_1.ext:
Extracting sky130_fd_sc_hd__a32o_1 into sky130_fd_sc_hd__a32o_1.ext:
Extracting sky130_fd_sc_hd__clkbuf_16 into sky130_fd_sc_hd__clkbuf_16.ext:
Extracting sky130_fd_sc_hd__o31ai_1 into sky130_fd_sc_hd__o31ai_1.ext:
Extracting sky130_fd_sc_hd__o22a_1 into sky130_fd_sc_hd__o22a_1.ext:
Extracting sky130_fd_sc_hd__o21a_1 into sky130_fd_sc_hd__o21a_1.ext:
Extracting user_project_wrapper into user_project_wrapper.ext:
Warning:  Ports "vdda1_uq0" and "vssd2" are electrically shorted.
Warning:  Ports "vdda1_uq0" and "vssd2" are electrically shorted.
Warning:  Ports "vssd1" and "vdda1" are electrically shorted.
Warning:  Ports "vssd1" and "vccd2" are electrically shorted.
Warning:  Ports "vssd1" and "vccd2" are electrically shorted.
Warning:  Ports "vssd1" and "vccd2" are electrically shorted.
Warning:  Ports "vssd1" and "vccd2" are electrically shorted.
Warning:  Ports "vssd1" and "vccd2" are electrically shorted.
Warning:  Ports "vssd1" and "vccd2" are electrically shorted.
Warning:  Ports "vssd1" and "vccd2" are electrically shorted.
Warning:  Ports "vssd1" and "vccd2" are electrically shorted.
Warning:  Ports "vssd1" and "vccd2" are electrically shorted.
Warning:  Ports "vssd1" and "vccd2" are electrically shorted.
Warning:  Ports "vssd1" and "vccd2" are electrically shorted.
Warning:  Ports "vssd1" and "vccd2" are electrically shorted.
Warning:  Ports "vssd1" and "vccd2" are electrically shorted.
Warning:  Ports "vssd1" and "vccd2" are electrically shorted.
Warning:  Ports "vssd1" and "vccd2" are electrically shorted.
Warning:  Ports "vssd1" and "vccd2" are electrically shorted.
Warning:  Ports "vssd1" and "vccd2" are electrically shorted.
Warning:  Ports "vssd1" and "vccd2" are electrically shorted.
Warning:  Ports "vssd1" and "vccd2" are electrically shorted.
Warning:  Ports "vssd1" and "vccd2" are electrically shorted.
Warning:  Ports "vssd1" and "vccd2" are electrically shorted.
Warning:  Ports "vssd1" and "vccd2" are electrically shorted.
Warning:  Ports "vssd1" and "vdda1" are electrically shorted.
Warning:  Ports "vssd1" and "vccd2" are electrically shorted.
Warning:  Ports "vssd1" and "vccd2" are electrically shorted.
Warning:  Ports "vssd1" and "vccd2" are electrically shorted.
Warning:  Ports "vssd1" and "vccd2" are electrically shorted.
Warning:  Ports "vssd1" and "vccd2" are electrically shorted.
Warning:  Ports "vssd1" and "vccd2" are electrically shorted.
Warning:  Ports "vssd1" and "vccd2" are electrically shorted.
Warning:  Ports "vssd1" and "vccd2" are electrically shorted.
Warning:  Ports "vssd1" and "vccd2" are electrically shorted.
Warning:  Ports "vssd1" and "vccd2" are electrically shorted.
Warning:  Ports "vssd1" and "vccd2" are electrically shorted.
Warning:  Ports "vssd1" and "vccd2" are electrically shorted.
Warning:  Ports "vssd1" and "vccd2" are electrically shorted.
Warning:  Ports "vssd1" and "vccd2" are electrically shorted.
Warning:  Ports "vssd1" and "vccd2" are electrically shorted.
Warning:  Ports "vssd1" and "vccd2" are electrically shorted.
Warning:  Ports "vssd1" and "vccd2" are electrically shorted.
Warning:  Ports "vssd1" and "vccd2" are electrically shorted.
Warning:  Ports "vssd1" and "vccd2" are electrically shorted.
Total of 5 warnings.

TIME: extract: 00:13:08 

Devs merged: 0
Devs merged: 2
Devs merged: 2
Devs merged: 2
Devs merged: 2
Devs merged: 2
Devs merged: 2
Devs merged: 2
Devs merged: 2
Devs merged: 8
Devs merged: 8
Devs merged: 10
Devs merged: 10
Devs merged: 10
Devs merged: 10
Devs merged: 26
Devs merged: 26
Devs merged: 26
Devs merged: 26
Devs merged: 26
Devs merged: 38
Devs merged: 41
Devs merged: 41
Devs merged: 41
Devs merged: 41
Devs merged: 41
Devs merged: 41
Devs merged: 41
Devs merged: 47
Devs merged: 59
Devs merged: 87
Devs merged: 90
Devs merged: 96
Devs merged: 96
Devs merged: 96
Devs merged: 96
Devs merged: 96
Devs merged: 96
Devs merged: 98
Devs merged: 98
Devs merged: 98
Devs merged: 98
Devs merged: 100
Devs merged: 100
Devs merged: 100
Devs merged: 136
Devs merged: 136
Devs merged: 136
Devs merged: 138
Devs merged: 138
Devs merged: 138
Devs merged: 138
Devs merged: 138
Devs merged: 138
Devs merged: 138
Devs merged: 138
Devs merged: 138
Devs merged: 138
Devs merged: 144
Devs merged: 144
exttospice finished.

TIME: netlist: 00:01:07 

Using technology "sky130A", version 1.0.493
END: Sun May  3 05:17:50 2026
Runtime: 0:16:47 (hh:mm:ss)
