2026-05-03 05:00:45 [INFO] Extracting compressed files in: /tmp/tmprkrkh26s/repo
2026-05-03 05:00:45 [INFO] Project type: digital
2026-05-03 05:00:46 [INFO] GDS hash (user_project_wrapper): efb836274871507631e107435f74f60d42c06873
2026-05-03 05:00:46 [INFO] Tools: KLayout v0.29.2 | Magic v8.3.471
2026-05-03 05:00:46 [INFO] PDK: SKY130A unknown
2026-05-03 05:00:46 [INFO] Running 1 checks: [lvs]
2026-05-03 05:00:46 [INFO] Loading LVS environment from /tmp/tmprkrkh26s/repo/lvs/user_project_wrapper/lvs_config.json
2026-05-03 05:00:46 [INFO] Loading LVS environment from /usr/local/lib/python3.9/site-packages/cf_precheck/be_checks/tech/sky130A/lvs_config.base.json
2026-05-03 05:00:46 [INFO] EXTRACT_FLATGLOB: *sky130_fd_pr__*[A-Z]*
2026-05-03 05:00:46 [INFO] EXTRACT_ABSTRACT: *__fill_* *__fakediode_* *__tapvpwrvgnd_*
2026-05-03 05:00:46 [INFO] EXTRACT_CREATE_SUBCUT: 
2026-05-03 05:00:46 [INFO] LVS_FLATTEN: 
2026-05-03 05:00:46 [INFO] LVS_NOFLATTEN: 
2026-05-03 05:00:46 [INFO] LVS_IGNORE: 
2026-05-03 05:00:46 [INFO] LVS_SPICE_FILES: /opt/pdks/sky130A/libs.ref/sky130_fd_sc_hd/spice/*.spice 
2026-05-03 05:00:46 [INFO] LVS_VERILOG_FILES: /tmp/tmprkrkh26s/repo/verilog/gl/user_project_wrapper.v
2026-05-03 05:00:46 [INFO] LAYOUT_FILE: /tmp/tmprkrkh26s/repo/gds/user_project_wrapper.gds
2026-05-03 05:00:46 [INFO] Running: run_be_checks --nooeb
2026-05-03 05:00:46 [INFO] LVS output directory: /tmp/tmprkrkh26s/repo/precheck_results/03_MAY_2026___05_00_45
2026-05-03 05:26:17 [ERROR] LVS FAILED (stat=1), see /tmp/tmprkrkh26s/repo/precheck_results/03_MAY_2026___05_00_45/logs/LVS_check.log
