2026-05-06 00:47:48 [INFO] Extracting compressed files in: /tmp/tmp73sn0abt/repo
2026-05-06 00:47:49 [INFO] make uncompress produced 1 gds/*.gds file(s): user_project_wrapper.gds (make exit 0)
2026-05-06 00:47:49 [INFO] Project type: digital
2026-05-06 00:47:49 [INFO] GDS hash (user_project_wrapper): f7ddc2b4607dc8d45d10173806a87334154e4da0
2026-05-06 00:47:49 [INFO] Tools: KLayout v0.29.2 | Magic v8.3.471
2026-05-06 00:47:49 [INFO] PDK: SKY130A unknown
2026-05-06 00:47:50 [INFO] Running 12 checks: [topcell_check, gpio_defines, xor, klayout_feol, klayout_offgrid, klayout_met_min_ca_density, klayout_pin_label_purposes_overlapping_drawing, klayout_zeroarea, spike_check, illegal_cellname_check, lvs, oeb]
2026-05-06 00:47:54 [INFO] Single top cell 'user_project_wrapper' found
2026-05-06 00:47:54 [INFO] GPIO defines: parsing verilog/rtl/user_defines.v
2026-05-06 00:47:55 [INFO] GPIO defines report: /tmp/tmp73sn0abt/repo/precheck_results/06_MAY_2026___00_47_48/outputs/reports/gpio_defines.report
2026-05-06 00:48:51 [INFO] Total XOR differences: 0
2026-05-06 00:48:51 [INFO] Running: klayout -b -r /usr/local/lib/python3.9/site-packages/cf_precheck/drc_scripts/sky130A_mr.drc -rd input=/tmp/tmp73sn0abt/repo/gds/user_project_wrapper.gds -rd topcell=user_project_wrapper -rd report=/tmp/tmp73sn0abt/repo/precheck_results/06_MAY_2026___00_47_48/outputs/reports/klayout_feol_check.xml -rd thr=2 -rd feol=true
2026-05-06 01:00:47 [INFO] No DRC violations found
2026-05-06 01:00:47 [INFO] Running: klayout -b -r /usr/local/lib/python3.9/site-packages/cf_precheck/drc_scripts/sky130A_mr.drc -rd input=/tmp/tmp73sn0abt/repo/gds/user_project_wrapper.gds -rd topcell=user_project_wrapper -rd report=/tmp/tmp73sn0abt/repo/precheck_results/06_MAY_2026___00_47_48/outputs/reports/klayout_offgrid_check.xml -rd thr=2 -rd offgrid=true
2026-05-06 01:07:59 [INFO] No DRC violations found
2026-05-06 01:07:59 [INFO] Running: klayout -b -r /usr/local/lib/python3.9/site-packages/cf_precheck/drc_scripts/met_min_ca_density.lydrc -rd input=/tmp/tmp73sn0abt/repo/gds/user_project_wrapper.gds -rd topcell=user_project_wrapper -rd report=/tmp/tmp73sn0abt/repo/precheck_results/06_MAY_2026___00_47_48/outputs/reports/klayout_met_min_ca_density_check.xml -rd thr=2
2026-05-06 01:09:49 [INFO] No DRC violations found
2026-05-06 01:09:49 [INFO] Running: klayout -b -r /usr/local/lib/python3.9/site-packages/cf_precheck/drc_scripts/pin_label_purposes_overlapping_drawing.rb.drc -rd input=/tmp/tmp73sn0abt/repo/gds/user_project_wrapper.gds -rd topcell=user_project_wrapper -rd report=/tmp/tmp73sn0abt/repo/precheck_results/06_MAY_2026___00_47_48/outputs/reports/klayout_pin_label_purposes_overlapping_drawing_check.xml -rd thr=2 -rd top_cell_name=user_project_wrapper
2026-05-06 01:11:12 [INFO] No DRC violations found
2026-05-06 01:11:12 [INFO] Running: klayout -b -r /usr/local/lib/python3.9/site-packages/cf_precheck/drc_scripts/zeroarea.rb.drc -rd input=/tmp/tmp73sn0abt/repo/gds/user_project_wrapper.gds -rd topcell=user_project_wrapper -rd report=/tmp/tmp73sn0abt/repo/precheck_results/06_MAY_2026___00_47_48/outputs/reports/klayout_zeroarea_check.xml -rd thr=2 -rd cleaned_output=/tmp/tmp73sn0abt/repo/precheck_results/06_MAY_2026___00_47_48/outputs/user_project_wrapper_no_zero_areas.gds
2026-05-06 01:11:31 [INFO] No DRC violations found
2026-05-06 01:11:31 [INFO] Running: bash /usr/local/lib/python3.9/site-packages/cf_precheck/drc_scripts/gdsArea0 -V -m /tmp/tmp73sn0abt/repo/precheck_results/06_MAY_2026___00_47_48/outputs/reports/spike_check.xml /tmp/tmp73sn0abt/repo/gds/user_project_wrapper.gds
2026-05-06 01:11:43 [INFO] No spikes found
2026-05-06 01:11:48 [INFO] Loading LVS environment from /tmp/tmp73sn0abt/repo/lvs/user_project_wrapper/lvs_config.json
2026-05-06 01:11:48 [INFO] Loading LVS environment from /usr/local/lib/python3.9/site-packages/cf_precheck/be_checks/tech/sky130A/lvs_config.base.json
2026-05-06 01:11:48 [INFO] EXTRACT_FLATGLOB: *sky130_fd_pr__*[A-Z]*
2026-05-06 01:11:48 [INFO] EXTRACT_ABSTRACT: *__fill_* *__fakediode_* *__tapvpwrvgnd_*
2026-05-06 01:11:48 [INFO] EXTRACT_CREATE_SUBCUT: 
2026-05-06 01:11:48 [INFO] LVS_FLATTEN: 
2026-05-06 01:11:48 [INFO] LVS_NOFLATTEN: 
2026-05-06 01:11:48 [INFO] LVS_IGNORE: 
2026-05-06 01:11:48 [INFO] LVS_SPICE_FILES: /opt/pdks/sky130A/libs.ref/sky130_fd_sc_hd/spice/*.spice 
2026-05-06 01:11:48 [INFO] LVS_VERILOG_FILES: /tmp/tmp73sn0abt/repo/verilog/gl/user_project_wrapper.v
2026-05-06 01:11:48 [INFO] LAYOUT_FILE: /tmp/tmp73sn0abt/repo/gds/user_project_wrapper.gds
2026-05-06 01:11:48 [INFO] Running: run_be_checks --nooeb
2026-05-06 01:11:48 [INFO] LVS output directory: /tmp/tmp73sn0abt/repo/precheck_results/06_MAY_2026___00_47_48
2026-05-06 01:33:54 [INFO] Loading LVS environment from /tmp/tmp73sn0abt/repo/lvs/user_project_wrapper/lvs_config.json
2026-05-06 01:33:54 [INFO] Loading LVS environment from /usr/local/lib/python3.9/site-packages/cf_precheck/be_checks/tech/sky130A/lvs_config.base.json
2026-05-06 01:33:54 [INFO] EXTRACT_FLATGLOB: *sky130_fd_pr__*[A-Z]*
2026-05-06 01:33:54 [INFO] EXTRACT_ABSTRACT: *__fill_* *__fakediode_* *__tapvpwrvgnd_*
2026-05-06 01:33:54 [INFO] EXTRACT_CREATE_SUBCUT: 
2026-05-06 01:33:54 [INFO] LVS_FLATTEN: 
2026-05-06 01:33:54 [INFO] LVS_NOFLATTEN: 
2026-05-06 01:33:54 [INFO] LVS_IGNORE: 
2026-05-06 01:33:54 [INFO] LVS_SPICE_FILES: /opt/pdks/sky130A/libs.ref/sky130_fd_sc_hd/spice/*.spice 
2026-05-06 01:33:54 [INFO] LVS_VERILOG_FILES: /tmp/tmp73sn0abt/repo/verilog/gl/user_project_wrapper.v
2026-05-06 01:33:54 [INFO] LAYOUT_FILE: /tmp/tmp73sn0abt/repo/gds/user_project_wrapper.gds
2026-05-06 01:33:54 [INFO] Running: run_oeb_check --noextract
2026-05-06 01:33:54 [INFO] OEB output directory: /tmp/tmp73sn0abt/repo/precheck_results/06_MAY_2026___00_47_48
2026-05-06 01:34:10 [WARNING] ERC check failed (stat=4), see /tmp/tmp73sn0abt/repo/precheck_results/06_MAY_2026___00_47_48/logs/OEB_check.log
