2026-05-02 13:52:12 [INFO] Extracting compressed files in: /tmp/tmpkvbyy4pf/repo
2026-05-02 13:52:12 [INFO] Project type: digital
2026-05-02 13:52:12 [INFO] GDS hash (user_project_wrapper): efb836274871507631e107435f74f60d42c06873
2026-05-02 13:52:12 [INFO] Tools: KLayout v0.29.2 | Magic v8.3.471
2026-05-02 13:52:12 [INFO] PDK: SKY130A unknown
2026-05-02 13:52:12 [INFO] Running 13 checks: [topcell_check, gpio_defines, xor, klayout_feol, klayout_beol, klayout_offgrid, klayout_met_min_ca_density, klayout_pin_label_purposes_overlapping_drawing, klayout_zeroarea, spike_check, illegal_cellname_check, lvs, oeb]
2026-05-02 13:52:17 [INFO] Single top cell 'user_project_wrapper' found
2026-05-02 13:52:17 [INFO] GPIO defines: parsing verilog/rtl/user_defines.v
2026-05-02 13:52:18 [INFO] GPIO defines report: /tmp/tmpkvbyy4pf/repo/precheck_results/02_MAY_2026___13_52_12/outputs/reports/gpio_defines.report
2026-05-02 13:53:11 [INFO] Total XOR differences: 0
2026-05-02 13:53:11 [INFO] Running: klayout -b -r /usr/local/lib/python3.9/site-packages/cf_precheck/drc_scripts/sky130A_mr.drc -rd input=/tmp/tmpkvbyy4pf/repo/gds/user_project_wrapper.gds -rd topcell=user_project_wrapper -rd report=/tmp/tmpkvbyy4pf/repo/precheck_results/02_MAY_2026___13_52_12/outputs/reports/klayout_feol_check.xml -rd thr=2 -rd feol=true
2026-05-02 14:05:46 [INFO] No DRC violations found
2026-05-02 14:05:46 [INFO] Running: klayout -b -r /usr/local/lib/python3.9/site-packages/cf_precheck/drc_scripts/sky130A_mr.drc -rd input=/tmp/tmpkvbyy4pf/repo/gds/user_project_wrapper.gds -rd topcell=user_project_wrapper -rd report=/tmp/tmpkvbyy4pf/repo/precheck_results/02_MAY_2026___13_52_12/outputs/reports/klayout_beol_check.xml -rd thr=2 -rd beol=true
2026-05-02 14:22:41 [ERROR] klayout_beol failed (stat=-9), see /tmp/tmpkvbyy4pf/repo/precheck_results/02_MAY_2026___13_52_12/logs/klayout_beol_check.log
2026-05-02 14:22:41 [INFO] Running: klayout -b -r /usr/local/lib/python3.9/site-packages/cf_precheck/drc_scripts/sky130A_mr.drc -rd input=/tmp/tmpkvbyy4pf/repo/gds/user_project_wrapper.gds -rd topcell=user_project_wrapper -rd report=/tmp/tmpkvbyy4pf/repo/precheck_results/02_MAY_2026___13_52_12/outputs/reports/klayout_offgrid_check.xml -rd thr=2 -rd offgrid=true
2026-05-02 14:30:22 [INFO] No DRC violations found
2026-05-02 14:30:22 [INFO] Running: klayout -b -r /usr/local/lib/python3.9/site-packages/cf_precheck/drc_scripts/met_min_ca_density.lydrc -rd input=/tmp/tmpkvbyy4pf/repo/gds/user_project_wrapper.gds -rd topcell=user_project_wrapper -rd report=/tmp/tmpkvbyy4pf/repo/precheck_results/02_MAY_2026___13_52_12/outputs/reports/klayout_met_min_ca_density_check.xml -rd thr=2
2026-05-02 14:32:25 [INFO] No DRC violations found
2026-05-02 14:32:25 [INFO] Running: klayout -b -r /usr/local/lib/python3.9/site-packages/cf_precheck/drc_scripts/pin_label_purposes_overlapping_drawing.rb.drc -rd input=/tmp/tmpkvbyy4pf/repo/gds/user_project_wrapper.gds -rd topcell=user_project_wrapper -rd report=/tmp/tmpkvbyy4pf/repo/precheck_results/02_MAY_2026___13_52_12/outputs/reports/klayout_pin_label_purposes_overlapping_drawing_check.xml -rd thr=2 -rd top_cell_name=user_project_wrapper
2026-05-02 14:33:57 [INFO] No DRC violations found
2026-05-02 14:33:57 [INFO] Running: klayout -b -r /usr/local/lib/python3.9/site-packages/cf_precheck/drc_scripts/zeroarea.rb.drc -rd input=/tmp/tmpkvbyy4pf/repo/gds/user_project_wrapper.gds -rd topcell=user_project_wrapper -rd report=/tmp/tmpkvbyy4pf/repo/precheck_results/02_MAY_2026___13_52_12/outputs/reports/klayout_zeroarea_check.xml -rd thr=2 -rd cleaned_output=/tmp/tmpkvbyy4pf/repo/precheck_results/02_MAY_2026___13_52_12/outputs/user_project_wrapper_no_zero_areas.gds
2026-05-02 14:34:15 [INFO] No DRC violations found
2026-05-02 14:34:15 [INFO] Running: bash /usr/local/lib/python3.9/site-packages/cf_precheck/drc_scripts/gdsArea0 -V -m /tmp/tmpkvbyy4pf/repo/precheck_results/02_MAY_2026___13_52_12/outputs/reports/spike_check.xml /tmp/tmpkvbyy4pf/repo/gds/user_project_wrapper.gds
2026-05-02 14:34:26 [INFO] No spikes found
2026-05-02 14:34:31 [INFO] Loading LVS environment from /tmp/tmpkvbyy4pf/repo/lvs/user_project_wrapper/lvs_config.json
2026-05-02 14:34:31 [WARNING] Missing LVS configuration variable EXTRACT_FLATGLOB
2026-05-02 14:34:31 [WARNING] Missing LVS configuration variable EXTRACT_ABSTRACT
2026-05-02 14:34:31 [WARNING] Missing LVS configuration variable EXTRACT_CREATE_SUBCUT
2026-05-02 14:34:31 [INFO] LVS_FLATTEN: 
2026-05-02 14:34:31 [INFO] LVS_NOFLATTEN: 
2026-05-02 14:34:31 [INFO] LVS_IGNORE: 
2026-05-02 14:34:31 [INFO] LVS_SPICE_FILES: 
2026-05-02 14:34:31 [INFO] LVS_VERILOG_FILES: verilog/gl/user_project_wrapper.v
2026-05-02 14:34:31 [INFO] LAYOUT_FILE: gds/user_project_wrapper.gds
2026-05-02 14:34:31 [INFO] Running: run_be_checks --nooeb
2026-05-02 14:34:31 [INFO] LVS output directory: /tmp/tmpkvbyy4pf/repo/precheck_results/02_MAY_2026___13_52_12
2026-05-02 14:34:31 [ERROR] LVS FAILED (stat=1), see /tmp/tmpkvbyy4pf/repo/precheck_results/02_MAY_2026___13_52_12/logs/LVS_check.log
2026-05-02 14:34:31 [INFO] Loading LVS environment from /tmp/tmpkvbyy4pf/repo/lvs/user_project_wrapper/lvs_config.json
2026-05-02 14:34:31 [WARNING] Missing LVS configuration variable EXTRACT_FLATGLOB
2026-05-02 14:34:31 [WARNING] Missing LVS configuration variable EXTRACT_ABSTRACT
2026-05-02 14:34:31 [WARNING] Missing LVS configuration variable EXTRACT_CREATE_SUBCUT
2026-05-02 14:34:31 [INFO] LVS_FLATTEN: 
2026-05-02 14:34:31 [INFO] LVS_NOFLATTEN: 
2026-05-02 14:34:31 [INFO] LVS_IGNORE: 
2026-05-02 14:34:31 [INFO] LVS_SPICE_FILES: 
2026-05-02 14:34:31 [INFO] LVS_VERILOG_FILES: verilog/gl/user_project_wrapper.v
2026-05-02 14:34:31 [INFO] LAYOUT_FILE: gds/user_project_wrapper.gds
2026-05-02 14:34:31 [INFO] Running: run_oeb_check 
2026-05-02 14:34:31 [INFO] OEB output directory: /tmp/tmpkvbyy4pf/repo/precheck_results/02_MAY_2026___13_52_12
2026-05-02 14:34:31 [ERROR] OEB FAILED (stat=1), see /tmp/tmpkvbyy4pf/repo/precheck_results/02_MAY_2026___13_52_12/logs/OEB_check.log
