"input" in: sky130A_mr.drc:180
    Polygons (raw): 1167474 (flat)  171 (hierarchical)
    Elapsed: 0.470s  Memory: 1476.00M
"polygons" in: sky130A_mr.drc:181
    Polygons (raw): 289800 (flat)  2 (hierarchical)
    Elapsed: 0.340s  Memory: 1481.00M
"polygons" in: sky130A_mr.drc:182
    Polygons (raw): 1166497 (flat)  64 (hierarchical)
    Elapsed: 0.270s  Memory: 1481.00M
"polygons" in: sky130A_mr.drc:183
    Polygons (raw): 0 (flat)  0 (hierarchical)
    Elapsed: 0.030s  Memory: 1481.00M
"polygons" in: sky130A_mr.drc:184
    Polygons (raw): 0 (flat)  0 (hierarchical)
    Elapsed: 0.000s  Memory: 1481.00M
"polygons" in: sky130A_mr.drc:185
    Polygons (raw): 0 (flat)  0 (hierarchical)
    Elapsed: 0.020s  Memory: 1481.00M
"polygons" in: sky130A_mr.drc:186
    Polygons (raw): 0 (flat)  0 (hierarchical)
    Elapsed: 0.000s  Memory: 1481.00M
"polygons" in: sky130A_mr.drc:187
    Polygons (raw): 0 (flat)  0 (hierarchical)
    Elapsed: 0.020s  Memory: 1481.00M
"polygons" in: sky130A_mr.drc:188
    Polygons (raw): 1166658 (flat)  70 (hierarchical)
    Elapsed: 0.240s  Memory: 1481.00M
"polygons" in: sky130A_mr.drc:189
    Polygons (raw): 0 (flat)  0 (hierarchical)
    Elapsed: 0.020s  Memory: 1481.00M
"polygons" in: sky130A_mr.drc:190
    Polygons (raw): 0 (flat)  0 (hierarchical)
    Elapsed: 0.000s  Memory: 1481.00M
"polygons" in: sky130A_mr.drc:191
    Polygons (raw): 0 (flat)  0 (hierarchical)
    Elapsed: 0.020s  Memory: 1481.00M
"polygons" in: sky130A_mr.drc:192
    Polygons (raw): 0 (flat)  0 (hierarchical)
    Elapsed: 0.000s  Memory: 1481.00M
"polygons" in: sky130A_mr.drc:193
    Polygons (raw): 1170573 (flat)  359 (hierarchical)
    Elapsed: 0.310s  Memory: 1481.00M
"polygons" in: sky130A_mr.drc:194
    Polygons (raw): 0 (flat)  0 (hierarchical)
    Elapsed: 0.040s  Memory: 1481.00M
"polygons" in: sky130A_mr.drc:195
    Polygons (raw): 1311397 (flat)  65 (hierarchical)
    Elapsed: 0.240s  Memory: 1481.00M
"polygons" in: sky130A_mr.drc:196
    Polygons (raw): 1311397 (flat)  65 (hierarchical)
    Elapsed: 0.270s  Memory: 1481.00M
"polygons" in: sky130A_mr.drc:197
    Polygons (raw): 0 (flat)  0 (hierarchical)
    Elapsed: 0.030s  Memory: 1481.00M
"polygons" in: sky130A_mr.drc:198
    Polygons (raw): 0 (flat)  0 (hierarchical)
    Elapsed: 0.000s  Memory: 1481.00M
"polygons" in: sky130A_mr.drc:199
    Polygons (raw): 583220 (flat)  86 (hierarchical)
    Elapsed: 0.300s  Memory: 1481.00M
"polygons" in: sky130A_mr.drc:200
    Polygons (raw): 6277107 (flat)  1386 (hierarchical)
    Elapsed: 0.290s  Memory: 1481.00M
"polygons" in: sky130A_mr.drc:202
    Polygons (raw): 4955328 (flat)  736 (hierarchical)
    Elapsed: 0.270s  Memory: 1481.00M
"polygons" in: sky130A_mr.drc:203
    Polygons (raw): 0 (flat)  0 (hierarchical)
    Elapsed: 0.020s  Memory: 1481.00M
"polygons" in: sky130A_mr.drc:204
    Polygons (raw): 16268620 (flat)  959 (hierarchical)
    Elapsed: 0.240s  Memory: 1481.00M
"polygons" in: sky130A_mr.drc:206
    Polygons (raw): 2371264 (flat)  6580 (hierarchical)
    Elapsed: 0.270s  Memory: 1481.00M
"polygons" in: sky130A_mr.drc:207
    Polygons (raw): 201185 (flat)  10 (hierarchical)
    Elapsed: 0.350s  Memory: 1481.00M
"polygons" in: sky130A_mr.drc:209
    Polygons (raw): 73493 (flat)  25339 (hierarchical)
    Elapsed: 0.370s  Memory: 1481.00M
"polygons" in: sky130A_mr.drc:210
    Polygons (raw): 153279 (flat)  8 (hierarchical)
    Elapsed: 0.340s  Memory: 1481.00M
"polygons" in: sky130A_mr.drc:212
    Polygons (raw): 65992 (flat)  22111 (hierarchical)
    Elapsed: 0.370s  Memory: 1481.00M
"polygons" in: sky130A_mr.drc:213
    Polygons (raw): 153153 (flat)  7 (hierarchical)
    Elapsed: 0.350s  Memory: 1482.00M
"polygons" in: sky130A_mr.drc:215
    Polygons (raw): 24761 (flat)  264 (hierarchical)
    Elapsed: 0.340s  Memory: 1482.00M
"polygons" in: sky130A_mr.drc:216
    Polygons (raw): 10480 (flat)  4 (hierarchical)
    Elapsed: 0.350s  Memory: 1482.00M
"polygons" in: sky130A_mr.drc:218
    Polygons (raw): 2940 (flat)  321 (hierarchical)
    Elapsed: 0.350s  Memory: 1482.00M
"polygons" in: sky130A_mr.drc:220
    Polygons (raw): 0 (flat)  0 (hierarchical)
    Elapsed: 0.030s  Memory: 1482.00M
"polygons" in: sky130A_mr.drc:221
    Polygons (raw): 0 (flat)  0 (hierarchical)
    Elapsed: 0.000s  Memory: 1482.00M
"polygons" in: sky130A_mr.drc:222
    Polygons (raw): 0 (flat)  0 (hierarchical)
    Elapsed: 0.020s  Memory: 1482.00M
"polygons" in: sky130A_mr.drc:223
    Polygons (raw): 0 (flat)  0 (hierarchical)
    Elapsed: 0.000s  Memory: 1482.00M
"polygons" in: sky130A_mr.drc:224
    Polygons (raw): 0 (flat)  0 (hierarchical)
    Elapsed: 0.020s  Memory: 1482.00M
"polygons" in: sky130A_mr.drc:225
    Polygons (raw): 0 (flat)  0 (hierarchical)
    Elapsed: 0.000s  Memory: 1482.00M
"polygons" in: sky130A_mr.drc:226
    Polygons (raw): 0 (flat)  0 (hierarchical)
    Elapsed: 0.030s  Memory: 1482.00M
"polygons" in: sky130A_mr.drc:227
    Polygons (raw): 0 (flat)  0 (hierarchical)
    Elapsed: 0.000s  Memory: 1482.00M
"polygons" in: sky130A_mr.drc:228
    Polygons (raw): 0 (flat)  0 (hierarchical)
    Elapsed: 0.020s  Memory: 1482.00M
"polygons" in: sky130A_mr.drc:229
    Polygons (raw): 0 (flat)  0 (hierarchical)
    Elapsed: 0.000s  Memory: 1482.00M
"polygons" in: sky130A_mr.drc:230
    Polygons (raw): 0 (flat)  0 (hierarchical)
    Elapsed: 0.020s  Memory: 1482.00M
"polygons" in: sky130A_mr.drc:231
    Polygons (raw): 0 (flat)  0 (hierarchical)
    Elapsed: 0.000s  Memory: 1482.00M
"polygons" in: sky130A_mr.drc:232
    Polygons (raw): 0 (flat)  0 (hierarchical)
    Elapsed: 0.030s  Memory: 1482.00M
"polygons" in: sky130A_mr.drc:233
    Polygons (raw): 0 (flat)  0 (hierarchical)
    Elapsed: 0.000s  Memory: 1482.00M
"polygons" in: sky130A_mr.drc:234
    Polygons (raw): 0 (flat)  0 (hierarchical)
    Elapsed: 0.020s  Memory: 1482.00M
"polygons" in: sky130A_mr.drc:235
    Polygons (raw): 0 (flat)  0 (hierarchical)
    Elapsed: 0.000s  Memory: 1482.00M
"polygons" in: sky130A_mr.drc:236
    Polygons (raw): 0 (flat)  0 (hierarchical)
    Elapsed: 0.030s  Memory: 1482.00M
"polygons" in: sky130A_mr.drc:237
    Polygons (raw): 0 (flat)  0 (hierarchical)
    Elapsed: 0.000s  Memory: 1482.00M
"polygons" in: sky130A_mr.drc:238
    Polygons (raw): 1166497 (flat)  64 (hierarchical)
    Elapsed: 0.260s  Memory: 1482.00M
"polygons" in: sky130A_mr.drc:239
    Polygons (raw): 0 (flat)  0 (hierarchical)
    Elapsed: 0.020s  Memory: 1482.00M
"polygons" in: sky130A_mr.drc:240
    Polygons (raw): 0 (flat)  0 (hierarchical)
    Elapsed: 0.000s  Memory: 1482.00M
"polygons" in: sky130A_mr.drc:241
    Polygons (raw): 0 (flat)  0 (hierarchical)
    Elapsed: 0.020s  Memory: 1482.00M
"polygons" in: sky130A_mr.drc:242
    Polygons (raw): 0 (flat)  0 (hierarchical)
    Elapsed: 0.000s  Memory: 1482.00M
"polygons" in: sky130A_mr.drc:243
    Polygons (raw): 0 (flat)  0 (hierarchical)
    Elapsed: 0.030s  Memory: 1482.00M
"polygons" in: sky130A_mr.drc:244
    Polygons (raw): 0 (flat)  0 (hierarchical)
    Elapsed: 0.000s  Memory: 1482.00M
"polygons" in: sky130A_mr.drc:245
    Polygons (raw): 0 (flat)  0 (hierarchical)
    Elapsed: 0.030s  Memory: 1482.00M
"polygons" in: sky130A_mr.drc:246
    Polygons (raw): 0 (flat)  0 (hierarchical)
    Elapsed: 0.000s  Memory: 1482.00M
"polygons" in: sky130A_mr.drc:247
    Polygons (raw): 0 (flat)  0 (hierarchical)
    Elapsed: 0.030s  Memory: 1482.00M
"polygons" in: sky130A_mr.drc:248
    Polygons (raw): 0 (flat)  0 (hierarchical)
    Elapsed: 0.000s  Memory: 1482.00M
"polygons" in: sky130A_mr.drc:249
    Polygons (raw): 0 (flat)  0 (hierarchical)
    Elapsed: 0.020s  Memory: 1482.00M
"polygons" in: sky130A_mr.drc:250
    Polygons (raw): 0 (flat)  0 (hierarchical)
    Elapsed: 0.000s  Memory: 1482.00M
"polygons" in: sky130A_mr.drc:251
    Polygons (raw): 1181 (flat)  1 (hierarchical)
    Elapsed: 0.340s  Memory: 1482.00M
"polygons" in: sky130A_mr.drc:252
    Polygons (raw): 0 (flat)  0 (hierarchical)
    Elapsed: 0.020s  Memory: 1482.00M
"polygons" in: sky130A_mr.drc:253
    Polygons (raw): 0 (flat)  0 (hierarchical)
    Elapsed: 0.000s  Memory: 1482.00M
"polygons" in: sky130A_mr.drc:254
    Polygons (raw): 0 (flat)  0 (hierarchical)
    Elapsed: 0.020s  Memory: 1482.00M
"polygons" in: sky130A_mr.drc:255
    Polygons (raw): 0 (flat)  0 (hierarchical)
    Elapsed: 0.000s  Memory: 1482.00M
"polygons" in: sky130A_mr.drc:256
    Polygons (raw): 0 (flat)  0 (hierarchical)
    Elapsed: 0.020s  Memory: 1482.00M
"polygons" in: sky130A_mr.drc:257
    Polygons (raw): 0 (flat)  0 (hierarchical)
    Elapsed: 0.000s  Memory: 1482.00M
"polygons" in: sky130A_mr.drc:258
    Polygons (raw): 0 (flat)  0 (hierarchical)
    Elapsed: 0.020s  Memory: 1482.00M
"polygons" in: sky130A_mr.drc:259
    Polygons (raw): 0 (flat)  0 (hierarchical)
    Elapsed: 0.000s  Memory: 1482.00M
"polygons" in: sky130A_mr.drc:260
    Polygons (raw): 0 (flat)  0 (hierarchical)
    Elapsed: 0.020s  Memory: 1482.00M
"polygons" in: sky130A_mr.drc:261
    Polygons (raw): 0 (flat)  0 (hierarchical)
    Elapsed: 0.000s  Memory: 1482.00M
"polygons" in: sky130A_mr.drc:262
    Polygons (raw): 0 (flat)  0 (hierarchical)
    Elapsed: 0.020s  Memory: 1482.00M
"polygons" in: sky130A_mr.drc:263
    Polygons (raw): 0 (flat)  0 (hierarchical)
    Elapsed: 0.000s  Memory: 1482.00M
"polygons" in: sky130A_mr.drc:264
    Polygons (raw): 0 (flat)  0 (hierarchical)
    Elapsed: 0.020s  Memory: 1482.00M
"polygons" in: sky130A_mr.drc:265
    Polygons (raw): 0 (flat)  0 (hierarchical)
    Elapsed: 0.000s  Memory: 1482.00M
"polygons" in: sky130A_mr.drc:266
    Polygons (raw): 0 (flat)  0 (hierarchical)
    Elapsed: 0.020s  Memory: 1482.00M
"polygons" in: sky130A_mr.drc:267
    Polygons (raw): 0 (flat)  0 (hierarchical)
    Elapsed: 0.000s  Memory: 1482.00M
"polygons" in: sky130A_mr.drc:268
    Polygons (raw): 0 (flat)  0 (hierarchical)
    Elapsed: 0.020s  Memory: 1482.00M
"polygons" in: sky130A_mr.drc:269
    Polygons (raw): 0 (flat)  0 (hierarchical)
    Elapsed: 0.000s  Memory: 1482.00M
"polygons" in: sky130A_mr.drc:270
    Polygons (raw): 0 (flat)  0 (hierarchical)
    Elapsed: 0.020s  Memory: 1482.00M
"polygons" in: sky130A_mr.drc:271
    Polygons (raw): 0 (flat)  0 (hierarchical)
    Elapsed: 0.000s  Memory: 1482.00M
"polygons" in: sky130A_mr.drc:272
    Polygons (raw): 0 (flat)  0 (hierarchical)
    Elapsed: 0.020s  Memory: 1482.00M
"polygons" in: sky130A_mr.drc:273
    Polygons (raw): 0 (flat)  0 (hierarchical)
    Elapsed: 0.000s  Memory: 1482.00M
"polygons" in: sky130A_mr.drc:274
    Polygons (raw): 0 (flat)  0 (hierarchical)
    Elapsed: 0.030s  Memory: 1482.00M
"polygons" in: sky130A_mr.drc:275
    Polygons (raw): 0 (flat)  0 (hierarchical)
    Elapsed: 0.000s  Memory: 1482.00M
"merged" in: sky130A_mr.drc:277
    Polygons (raw): 0 (flat)  0 (hierarchical)
    Elapsed: 0.160s  Memory: 1482.00M
DRC section
BEOL section
START: 67/20 (li)
"outside" in: sky130A_mr.drc:1067
    Polygons (raw): 4955328 (flat)  736 (hierarchical)
    Elapsed: 0.130s  Memory: 1482.00M
"interacting" in: sky130A_mr.drc:1068
    Polygons (raw): 0 (flat)  0 (hierarchical)
    Elapsed: 0.170s  Memory: 1482.00M
"inside" in: sky130A_mr.drc:1068
    Polygons (raw): 0 (flat)  0 (hierarchical)
    Elapsed: 0.140s  Memory: 1482.00M
"-" in: sky130A_mr.drc:1068
    Polygons (raw): 0 (flat)  0 (hierarchical)
    Elapsed: 0.160s  Memory: 1482.00M
"or" in: sky130A_mr.drc:1067
    Polygons (raw): 9805 (flat)  6220 (hierarchical)
    Elapsed: 42.550s  Memory: 2144.00M
"width" in: sky130A_mr.drc:1070
    Edge pairs: 0 (flat)  0 (hierarchical)
    Elapsed: 9.180s  Memory: 2144.00M
"output" in: sky130A_mr.drc:1070
    Edge pairs: 0 (flat)  0 (hierarchical)
    Elapsed: 0.200s  Memory: 2144.00M
"space" in: sky130A_mr.drc:1074
    Edge pairs: 0 (flat)  0 (hierarchical)
    Elapsed: 14.840s  Memory: 2432.00M
"output" in: sky130A_mr.drc:1074
    Edge pairs: 0 (flat)  0 (hierarchical)
    Elapsed: 0.210s  Memory: 2432.00M
"-" in: sky130A_mr.drc:1078
    Polygons (raw): 6277107 (flat)  1386 (hierarchical)
    Elapsed: 0.140s  Memory: 2432.00M
"enclosing" in: sky130A_mr.drc:1080
    Edge pairs: 6121873 (flat)  6106604 (hierarchical)
    Elapsed: 301.880s  Memory: 3604.00M
"second_edges" in: sky130A_mr.drc:1080
    Edges: 6121873 (flat)  6106604 (hierarchical)
    Elapsed: 0.510s  Memory: 3697.00M
"width" in: sky130A_mr.drc:1081
    Edge pairs: 0 (flat)  0 (hierarchical)
    Elapsed: 25.600s  Memory: 4946.00M
"polygons" in: sky130A_mr.drc:1082
    Polygons (raw): 0 (flat)  0 (hierarchical)
    Elapsed: 0.020s  Memory: 4946.00M
"interacting" in: sky130A_mr.drc:1082
    Polygons (raw): 0 (flat)  0 (hierarchical)
    Elapsed: 0.140s  Memory: 4946.00M
"output" in: sky130A_mr.drc:1083
    Polygons (raw): 0 (flat)  0 (hierarchical)
    Elapsed: 0.200s  Memory: 4946.00M
"interacting" in: sky130A_mr.drc:1087
    Polygons (raw): 0 (flat)  0 (hierarchical)
    Elapsed: 0.140s  Memory: 4946.00M
"-" in: sky130A_mr.drc:1087
    Polygons (raw): 4955328 (flat)  736 (hierarchical)
    Elapsed: 0.160s  Memory: 4946.00M
"with_area" in: sky130A_mr.drc:1088
    Polygons (raw): 0 (flat)  0 (hierarchical)
    Elapsed: 41.280s  Memory: 4962.00M
"output" in: sky130A_mr.drc:1088
    Polygons (raw): 0 (flat)  0 (hierarchical)
    Elapsed: 0.210s  Memory: 4962.00M
"&" in: sky130A_mr.drc:1092
    Polygons (raw): 0 (flat)  0 (hierarchical)
    Elapsed: 0.140s  Memory: 4962.00M
"space" in: sky130A_mr.drc:1093
    Edge pairs: 0 (flat)  0 (hierarchical)
    Elapsed: 0.160s  Memory: 4962.00M
"output" in: sky130A_mr.drc:1093
    Edge pairs: 0 (flat)  0 (hierarchical)
    Elapsed: 0.180s  Memory: 4962.00M
"width" in: sky130A_mr.drc:1097
    Edge pairs: 0 (flat)  0 (hierarchical)
    Elapsed: 0.170s  Memory: 4962.00M
"output" in: sky130A_mr.drc:1097
    Edge pairs: 0 (flat)  0 (hierarchical)
    Elapsed: 0.180s  Memory: 4962.00M
END: 67/20 (li)
START: 67/13 (li_res)
"width" in: sky130A_mr.drc:1105
    Edge pairs: 0 (flat)  0 (hierarchical)
    Elapsed: 0.160s  Memory: 4962.00M
"output" in: sky130A_mr.drc:1105
    Edge pairs: 0 (flat)  0 (hierarchical)
    Elapsed: 0.180s  Memory: 4962.00M
END: 67/13 (li_res)
START: 67/44 (mcon)
"-" in: sky130A_mr.drc:1113
    Polygons (raw): 16268620 (flat)  959 (hierarchical)
    Elapsed: 0.160s  Memory: 4962.00M
"drc" in: sky130A_mr.drc:1115
    Polygons (raw): 0 (flat)  0 (hierarchical)
    Elapsed: 176.050s  Memory: 7265.00M
"-" in: sky130A_mr.drc:1116
    Polygons (raw): 16268620 (flat)  959 (hierarchical)
    Elapsed: 0.270s  Memory: 7265.00M
"outside" in: sky130A_mr.drc:1120
    Polygons (raw): 16268620 (flat)  959 (hierarchical)
    Elapsed: 0.160s  Memory: 7265.00M
"non_rectangles" in: sky130A_mr.drc:1121
    Polygons (raw): 0 (flat)  0 (hierarchical)
    Elapsed: 147.740s  Memory: 7393.00M
"output" in: sky130A_mr.drc:1121
    Polygons (raw): 0 (flat)  0 (hierarchical)
    Elapsed: 0.200s  Memory: 7393.00M
"drc" in: sky130A_mr.drc:1126
    Edge pairs: 0 (flat)  0 (hierarchical)
    Elapsed: 178.930s  Memory: 7585.00M
"output" in: sky130A_mr.drc:1126
    Edge pairs: 0 (flat)  0 (hierarchical)
    Elapsed: 0.430s  Memory: 6817.00M
"drc" in: sky130A_mr.drc:1130
    Edges: 0 (flat)  0 (hierarchical)
    Elapsed: 26.480s  Memory: 7521.00M
"output" in: sky130A_mr.drc:1130
    Edges: 0 (flat)  0 (hierarchical)
    Elapsed: 0.350s  Memory: 7521.00M
"space" in: sky130A_mr.drc:1134
    Edge pairs: 0 (flat)  0 (hierarchical)
    Elapsed: 25.990s  Memory: 7265.00M
"output" in: sky130A_mr.drc:1134
    Edge pairs: 0 (flat)  0 (hierarchical)
    Elapsed: 0.210s  Memory: 6817.00M
"width" in: sky130A_mr.drc:1139
    Edge pairs: 0 (flat)  0 (hierarchical)
    Elapsed: 0.140s  Memory: 6817.00M
"output" in: sky130A_mr.drc:1139
    Edge pairs: 0 (flat)  0 (hierarchical)
    Elapsed: 0.200s  Memory: 6817.00M
"drc" in: sky130A_mr.drc:1143
    Edge pairs: 0 (flat)  0 (hierarchical)
    Elapsed: 0.680s  Memory: 6817.00M
"output" in: sky130A_mr.drc:1143
    Edge pairs: 0 (flat)  0 (hierarchical)
    Elapsed: 0.200s  Memory: 6817.00M
"-" in: sky130A_mr.drc:1147
    Polygons (raw): 0 (flat)  0 (hierarchical)
    Elapsed: 0.140s  Memory: 6817.00M
"output" in: sky130A_mr.drc:1147
    Polygons (raw): 0 (flat)  0 (hierarchical)
    Elapsed: 0.200s  Memory: 6817.00M
"-" in: sky130A_mr.drc:1152
    Polygons (raw): 0 (flat)  0 (hierarchical)
    Elapsed: 26.260s  Memory: 7265.00M
"output" in: sky130A_mr.drc:1152
    Polygons (raw): 0 (flat)  0 (hierarchical)
    Elapsed: 0.200s  Memory: 7009.00M
END: 67/44 (mcon)
START: 68/20 (m1)
"width" in: sky130A_mr.drc:1157
    Edge pairs: 0 (flat)  0 (hierarchical)
    Elapsed: 48.790s  Memory: 7009.00M
"output" in: sky130A_mr.drc:1157
    Edge pairs: 0 (flat)  0 (hierarchical)
    Elapsed: 0.210s  Memory: 7009.00M
"sized" in: sky130A_mr.drc:1158
    Polygons (raw): 0 (flat)  0 (hierarchical)
    Elapsed: 0.260s  Memory: 7009.00M
"sized" in: sky130A_mr.drc:1158
    Polygons (raw): 0 (flat)  0 (hierarchical)
    Elapsed: 0.170s  Memory: 7009.00M
"snap" in: sky130A_mr.drc:1158
    Polygons (raw): 0 (flat)  0 (hierarchical)
    Elapsed: 0.140s  Memory: 7009.00M
"&" in: sky130A_mr.drc:1158
    Polygons (raw): 0 (flat)  0 (hierarchical)
    Elapsed: 0.170s  Memory: 7009.00M
"edges" in: sky130A_mr.drc:1159
    Edges: 59418 (flat)  54698 (hierarchical)
    Elapsed: 0.010s  Memory: 7009.00M
"-" in: sky130A_mr.drc:1159
    Edges: 59418 (flat)  54698 (hierarchical)
    Elapsed: 0.170s  Memory: 7009.00M
"edges" in: sky130A_mr.drc:1160
    Edges: 0 (flat)  0 (hierarchical)
    Elapsed: 0.540s  Memory: 7009.00M
"merged" in: sky130A_mr.drc:1160
    Polygons (raw): 5363 (flat)  5127 (hierarchical)
    Elapsed: 0.020s  Memory: 7009.00M
"outside_part" in: sky130A_mr.drc:1160
    Edges: 0 (flat)  0 (hierarchical)
    Elapsed: 0.160s  Memory: 7009.00M
"space" in: sky130A_mr.drc:1162
    Edge pairs: 0 (flat)  0 (hierarchical)
    Elapsed: 0.560s  Memory: 7009.00M
"output" in: sky130A_mr.drc:1162
    Edge pairs: 0 (flat)  0 (hierarchical)
    Elapsed: 0.590s  Memory: 7009.00M
"separation" in: sky130A_mr.drc:1168
    Edge pairs: 0 (flat)  0 (hierarchical)
    Elapsed: 0.710s  Memory: 7009.00M
"space" in: sky130A_mr.drc:1169
    Edge pairs: 0 (flat)  0 (hierarchical)
    Elapsed: 0.390s  Memory: 7009.00M
"+" in: sky130A_mr.drc:1168
    Edge pairs: 0 (flat)  0 (hierarchical)
    Elapsed: 0.140s  Memory: 7009.00M
"output" in: sky130A_mr.drc:1170
    Edge pairs: 0 (flat)  0 (hierarchical)
    Elapsed: 0.210s  Memory: 7009.00M
"input" in: sky130A_mr.drc:1181
    Polygons (raw): 2371264 (flat)  6580 (hierarchical)
    Elapsed: 0.370s  Memory: 7009.00M
"enclosing" in: sky130A_mr.drc:1183
    Edge pairs: 0 (flat)  0 (hierarchical)
    Elapsed: 207.620s  Memory: 7649.00M
"output" in: sky130A_mr.drc:1183
    Edge pairs: 0 (flat)  0 (hierarchical)
    Elapsed: 0.210s  Memory: 7009.00M
"-" in: sky130A_mr.drc:1187
    Polygons (raw): 0 (flat)  0 (hierarchical)
    Elapsed: 38.870s  Memory: 7841.00M
"output" in: sky130A_mr.drc:1187
    Polygons (raw): 0 (flat)  0 (hierarchical)
    Elapsed: 0.200s  Memory: 7009.00M
"input" in: sky130A_mr.drc:1201
    Polygons (raw): 0 (flat)  0 (hierarchical)
    Elapsed: 0.420s  Memory: 7057.00M
"enclosing" in: sky130A_mr.drc:1202
    Edge pairs: 0 (flat)  0 (hierarchical)
    Elapsed: 0.140s  Memory: 7057.00M
"output" in: sky130A_mr.drc:1202
    Edge pairs: 0 (flat)  0 (hierarchical)
    Elapsed: 0.160s  Memory: 7057.00M
"-" in: sky130A_mr.drc:1207
    Polygons (raw): 0 (flat)  0 (hierarchical)
    Elapsed: 0.150s  Memory: 7057.00M
"output" in: sky130A_mr.drc:1207
    Polygons (raw): 0 (flat)  0 (hierarchical)
    Elapsed: 0.160s  Memory: 7057.00M
"with_area" in: sky130A_mr.drc:1212
    Polygons (raw): 0 (flat)  0 (hierarchical)
    Elapsed: 0.200s  Memory: 7057.00M
"output" in: sky130A_mr.drc:1212
    Polygons (raw): 0 (flat)  0 (hierarchical)
    Elapsed: 0.190s  Memory: 7057.00M
"holes" in: sky130A_mr.drc:1215
    Polygons (raw): 0 (flat)  0 (hierarchical)
    Elapsed: 0.030s  Memory: 7057.00M
"with_area" in: sky130A_mr.drc:1216
    Polygons (raw): 0 (flat)  0 (hierarchical)
    Elapsed: 0.140s  Memory: 7057.00M
"output" in: sky130A_mr.drc:1217
    Polygons (raw): 0 (flat)  0 (hierarchical)
    Elapsed: 0.200s  Memory: 7057.00M
"enclosing" in: sky130A_mr.drc:1228
    Edge pairs: 12231 (flat)  10815 (hierarchical)
    Elapsed: 156.910s  Memory: 7057.00M
"second_edges" in: sky130A_mr.drc:1228
    Edges: 12231 (flat)  10815 (hierarchical)
    Elapsed: 0.020s  Memory: 7057.00M
"width" in: sky130A_mr.drc:1230
    Edge pairs: 0 (flat)  0 (hierarchical)
    Elapsed: 1.550s  Memory: 7057.00M
"polygons" in: sky130A_mr.drc:1232
    Polygons (raw): 0 (flat)  0 (hierarchical)
    Elapsed: 0.030s  Memory: 7057.00M
"interacting" in: sky130A_mr.drc:1232
    Polygons (raw): 0 (flat)  0 (hierarchical)
    Elapsed: 0.140s  Memory: 7057.00M
"output" in: sky130A_mr.drc:1233
    Polygons (raw): 0 (flat)  0 (hierarchical)
    Elapsed: 0.200s  Memory: 7057.00M
END: 68/20 (m1)
START: 68/44 (via)
"drc" in: sky130A_mr.drc:1244
    Polygons (raw): 0 (flat)  0 (hierarchical)
    Elapsed: 1.050s  Memory: 7057.00M
"-" in: sky130A_mr.drc:1245
    Polygons (raw): 201185 (flat)  10 (hierarchical)
    Elapsed: 0.160s  Memory: 7057.00M
"-" in: sky130A_mr.drc:1250
    Polygons (raw): 201185 (flat)  10 (hierarchical)
    Elapsed: 0.160s  Memory: 7057.00M
"non_rectangles" in: sky130A_mr.drc:1252
    Polygons (raw): 0 (flat)  0 (hierarchical)
    Elapsed: 0.390s  Memory: 7057.00M
"output" in: sky130A_mr.drc:1252
    Polygons (raw): 0 (flat)  0 (hierarchical)
    Elapsed: 0.210s  Memory: 7057.00M
"width" in: sky130A_mr.drc:1256
    Edge pairs: 0 (flat)  0 (hierarchical)
    Elapsed: 0.150s  Memory: 7057.00M
"output" in: sky130A_mr.drc:1256
    Edge pairs: 0 (flat)  0 (hierarchical)
    Elapsed: 0.210s  Memory: 7057.00M
"drc" in: sky130A_mr.drc:1261
    Edges: 0 (flat)  0 (hierarchical)
    Elapsed: 0.480s  Memory: 7057.00M
"output" in: sky130A_mr.drc:1261
    Edges: 0 (flat)  0 (hierarchical)
    Elapsed: 0.200s  Memory: 7057.00M
"space" in: sky130A_mr.drc:1266
    Edge pairs: 0 (flat)  0 (hierarchical)
    Elapsed: 0.460s  Memory: 7057.00M
"output" in: sky130A_mr.drc:1266
    Edge pairs: 0 (flat)  0 (hierarchical)
    Elapsed: 0.200s  Memory: 7057.00M
"width" in: sky130A_mr.drc:1272
    Edge pairs: 0 (flat)  0 (hierarchical)
    Elapsed: 0.140s  Memory: 7057.00M
"output" in: sky130A_mr.drc:1272
    Edge pairs: 0 (flat)  0 (hierarchical)
    Elapsed: 0.220s  Memory: 7057.00M
"drc" in: sky130A_mr.drc:1276
    Edge pairs: 0 (flat)  0 (hierarchical)
    Elapsed: 0.670s  Memory: 7057.00M
"output" in: sky130A_mr.drc:1276
    Edge pairs: 0 (flat)  0 (hierarchical)
    Elapsed: 0.210s  Memory: 7057.00M
"-" in: sky130A_mr.drc:1280
    Polygons (raw): 0 (flat)  0 (hierarchical)
    Elapsed: 0.140s  Memory: 7057.00M
"output" in: sky130A_mr.drc:1280
    Polygons (raw): 0 (flat)  0 (hierarchical)
    Elapsed: 0.200s  Memory: 7057.00M
"edges" in: sky130A_mr.drc:1287
    Edges: 59418 (flat)  54698 (hierarchical)
    Elapsed: 0.000s  Memory: 7057.00M
"drc" in: sky130A_mr.drc:1288
    Edges: 804740 (flat)  40 (hierarchical)
    Elapsed: 1.410s  Memory: 7057.00M
"enclosing" in: sky130A_mr.drc:1288
    Edge pairs: 0 (flat)  0 (hierarchical)
    Elapsed: 0.510s  Memory: 7057.00M
"output" in: sky130A_mr.drc:1289
    Edge pairs: 0 (flat)  0 (hierarchical)
    Elapsed: 0.560s  Memory: 7057.00M
"squares" in: sky130A_mr.drc:1291
    Polygons (raw): 201185 (flat)  10 (hierarchical)
    Elapsed: 0.020s  Memory: 7057.00M
"drc" in: sky130A_mr.drc:1292
    Edges: 804740 (flat)  40 (hierarchical)
    Elapsed: 0.670s  Memory: 7057.00M
"-" in: sky130A_mr.drc:1293
    Edges: 0 (flat)  0 (hierarchical)
    Elapsed: 4.580s  Memory: 7057.00M
"output" in: sky130A_mr.drc:1294
    Edges: 0 (flat)  0 (hierarchical)
    Elapsed: 0.590s  Memory: 7057.00M
"edges" in: sky130A_mr.drc:1298
    Edges: 59418 (flat)  54698 (hierarchical)
    Elapsed: 0.030s  Memory: 7057.00M
"drc" in: sky130A_mr.drc:1299
    Edges: 804740 (flat)  40 (hierarchical)
    Elapsed: 0.720s  Memory: 7057.00M
"enclosing" in: sky130A_mr.drc:1299
    Edge pairs: 8675 (flat)  8675 (hierarchical)
    Elapsed: 0.620s  Memory: 7057.00M
"second_edges" in: sky130A_mr.drc:1300
    Edges: 8675 (flat)  8675 (hierarchical)
    Elapsed: 0.030s  Memory: 7057.00M
"width" in: sky130A_mr.drc:1302
    Edge pairs: 0 (flat)  0 (hierarchical)
    Elapsed: 0.840s  Memory: 7057.00M
"polygons" in: sky130A_mr.drc:1303
    Polygons (raw): 0 (flat)  0 (hierarchical)
    Elapsed: 0.020s  Memory: 7057.00M
"interacting" in: sky130A_mr.drc:1303
    Polygons (raw): 0 (flat)  0 (hierarchical)
    Elapsed: 0.150s  Memory: 7057.00M
"output" in: sky130A_mr.drc:1304
    Polygons (raw): 0 (flat)  0 (hierarchical)
    Elapsed: 0.200s  Memory: 7057.00M
END: 68/44 (via)
START: 69/20 (m2)
"&" in: sky130A_mr.drc:1313
    Polygons (raw): 0 (flat)  0 (hierarchical)
    Elapsed: 0.130s  Memory: 7057.00M
"width" in: sky130A_mr.drc:1314
    Edge pairs: 0 (flat)  0 (hierarchical)
    Elapsed: 1.560s  Memory: 7057.00M
"output" in: sky130A_mr.drc:1314
    Edge pairs: 0 (flat)  0 (hierarchical)
    Elapsed: 0.210s  Memory: 7057.00M
"sized" in: sky130A_mr.drc:1316
    Polygons (raw): 0 (flat)  0 (hierarchical)
    Elapsed: 0.300s  Memory: 7057.00M
"sized" in: sky130A_mr.drc:1316
    Polygons (raw): 0 (flat)  0 (hierarchical)
    Elapsed: 0.160s  Memory: 7057.00M
"snap" in: sky130A_mr.drc:1316
    Polygons (raw): 0 (flat)  0 (hierarchical)
    Elapsed: 0.150s  Memory: 7057.00M
"&" in: sky130A_mr.drc:1316
    Polygons (raw): 0 (flat)  0 (hierarchical)
    Elapsed: 0.170s  Memory: 7057.00M
"edges" in: sky130A_mr.drc:1317
    Edges: 118302 (flat)  118302 (hierarchical)
    Elapsed: 0.020s  Memory: 7057.00M
"-" in: sky130A_mr.drc:1317
    Edges: 118302 (flat)  118302 (hierarchical)
    Elapsed: 0.170s  Memory: 7057.00M
"edges" in: sky130A_mr.drc:1318
    Edges: 0 (flat)  0 (hierarchical)
    Elapsed: 0.150s  Memory: 7057.00M
"merged" in: sky130A_mr.drc:1318
    Polygons (raw): 24170 (flat)  24170 (hierarchical)
    Elapsed: 0.060s  Memory: 7057.00M
"outside_part" in: sky130A_mr.drc:1318
    Edges: 0 (flat)  0 (hierarchical)
    Elapsed: 0.150s  Memory: 7057.00M
"-" in: sky130A_mr.drc:1319
    Polygons (raw): 201185 (flat)  10 (hierarchical)
    Elapsed: 0.130s  Memory: 7057.00M
"space" in: sky130A_mr.drc:1321
    Edge pairs: 0 (flat)  0 (hierarchical)
    Elapsed: 0.760s  Memory: 7057.00M
"output" in: sky130A_mr.drc:1321
    Edge pairs: 0 (flat)  0 (hierarchical)
    Elapsed: 0.210s  Memory: 7057.00M
"separation" in: sky130A_mr.drc:1327
    Edge pairs: 0 (flat)  0 (hierarchical)
    Elapsed: 0.680s  Memory: 7057.00M
"space" in: sky130A_mr.drc:1328
    Edge pairs: 0 (flat)  0 (hierarchical)
    Elapsed: 0.390s  Memory: 7057.00M
"+" in: sky130A_mr.drc:1327
    Edge pairs: 0 (flat)  0 (hierarchical)
    Elapsed: 0.140s  Memory: 7057.00M
"output" in: sky130A_mr.drc:1329
    Edge pairs: 0 (flat)  0 (hierarchical)
    Elapsed: 0.210s  Memory: 7057.00M
"with_area" in: sky130A_mr.drc:1331
    Polygons (raw): 0 (flat)  0 (hierarchical)
    Elapsed: 0.160s  Memory: 7057.00M
"output" in: sky130A_mr.drc:1331
    Polygons (raw): 0 (flat)  0 (hierarchical)
    Elapsed: 0.200s  Memory: 7057.00M
"holes" in: sky130A_mr.drc:1333
    Polygons (raw): 0 (flat)  0 (hierarchical)
    Elapsed: 0.010s  Memory: 7057.00M
"with_area" in: sky130A_mr.drc:1334
    Polygons (raw): 0 (flat)  0 (hierarchical)
    Elapsed: 0.170s  Memory: 7057.00M
"output" in: sky130A_mr.drc:1335
    Polygons (raw): 0 (flat)  0 (hierarchical)
    Elapsed: 0.190s  Memory: 7057.00M
"enclosing" in: sky130A_mr.drc:1343
    Edge pairs: 0 (flat)  0 (hierarchical)
    Elapsed: 1.690s  Memory: 7057.00M
"output" in: sky130A_mr.drc:1343
    Edge pairs: 0 (flat)  0 (hierarchical)
    Elapsed: 0.210s  Memory: 7057.00M
"-" in: sky130A_mr.drc:1347
    Polygons (raw): 0 (flat)  0 (hierarchical)
    Elapsed: 0.550s  Memory: 7057.00M
"output" in: sky130A_mr.drc:1347
    Polygons (raw): 0 (flat)  0 (hierarchical)
    Elapsed: 0.210s  Memory: 7057.00M
"enclosing" in: sky130A_mr.drc:1351
    Edge pairs: 0 (flat)  0 (hierarchical)
    Elapsed: 0.140s  Memory: 7057.00M
"output" in: sky130A_mr.drc:1351
    Edge pairs: 0 (flat)  0 (hierarchical)
    Elapsed: 0.210s  Memory: 7057.00M
"enclosing" in: sky130A_mr.drc:1356
    Edge pairs: 52452 (flat)  52452 (hierarchical)
    Elapsed: 1.860s  Memory: 7057.00M
"second_edges" in: sky130A_mr.drc:1356
    Edges: 52452 (flat)  52452 (hierarchical)
    Elapsed: 0.030s  Memory: 7057.00M
"width" in: sky130A_mr.drc:1358
    Edge pairs: 0 (flat)  0 (hierarchical)
    Elapsed: 1.000s  Memory: 7057.00M
"polygons" in: sky130A_mr.drc:1359
    Polygons (raw): 0 (flat)  0 (hierarchical)
    Elapsed: 0.020s  Memory: 7057.00M
"interacting" in: sky130A_mr.drc:1359
    Polygons (raw): 0 (flat)  0 (hierarchical)
    Elapsed: 0.140s  Memory: 7057.00M
"output" in: sky130A_mr.drc:1360
    Polygons (raw): 0 (flat)  0 (hierarchical)
    Elapsed: 0.210s  Memory: 7057.00M
END: 69/20 (m2)
START: 69/44 (via2)
"drc" in: sky130A_mr.drc:1371
    Polygons (raw): 0 (flat)  0 (hierarchical)
    Elapsed: 1.020s  Memory: 7057.00M
"-" in: sky130A_mr.drc:1372
    Polygons (raw): 153279 (flat)  8 (hierarchical)
    Elapsed: 0.160s  Memory: 7057.00M
"-" in: sky130A_mr.drc:1377
    Polygons (raw): 153279 (flat)  8 (hierarchical)
    Elapsed: 0.160s  Memory: 7057.00M
"non_rectangles" in: sky130A_mr.drc:1378
    Polygons (raw): 0 (flat)  0 (hierarchical)
    Elapsed: 0.370s  Memory: 7057.00M
"output" in: sky130A_mr.drc:1378
    Polygons (raw): 0 (flat)  0 (hierarchical)
    Elapsed: 0.200s  Memory: 7057.00M
"width" in: sky130A_mr.drc:1382
    Edge pairs: 0 (flat)  0 (hierarchical)
    Elapsed: 0.170s  Memory: 7057.00M
"output" in: sky130A_mr.drc:1382
    Edge pairs: 0 (flat)  0 (hierarchical)
    Elapsed: 0.210s  Memory: 7057.00M
"edges" in: sky130A_mr.drc:1387
    Edges: 613116 (flat)  32 (hierarchical)
    Elapsed: 0.000s  Memory: 7057.00M
"without_length" in: sky130A_mr.drc:1388
    Edges: 0 (flat)  0 (hierarchical)
    Elapsed: 0.200s  Memory: 7057.00M
"output" in: sky130A_mr.drc:1389
    Edges: 0 (flat)  0 (hierarchical)
    Elapsed: 0.180s  Memory: 7057.00M
"space" in: sky130A_mr.drc:1390
    Edge pairs: 0 (flat)  0 (hierarchical)
    Elapsed: 0.850s  Memory: 7057.00M
"output" in: sky130A_mr.drc:1390
    Edge pairs: 0 (flat)  0 (hierarchical)
    Elapsed: 0.200s  Memory: 7057.00M
"width" in: sky130A_mr.drc:1396
    Edge pairs: 0 (flat)  0 (hierarchical)
    Elapsed: 0.140s  Memory: 7057.00M
"output" in: sky130A_mr.drc:1396
    Edge pairs: 0 (flat)  0 (hierarchical)
    Elapsed: 0.210s  Memory: 7057.00M
"drc" in: sky130A_mr.drc:1400
    Edge pairs: 0 (flat)  0 (hierarchical)
    Elapsed: 0.670s  Memory: 7057.00M
"output" in: sky130A_mr.drc:1400
    Edge pairs: 0 (flat)  0 (hierarchical)
    Elapsed: 0.200s  Memory: 7057.00M
"-" in: sky130A_mr.drc:1404
    Polygons (raw): 0 (flat)  0 (hierarchical)
    Elapsed: 0.140s  Memory: 7057.00M
"output" in: sky130A_mr.drc:1404
    Polygons (raw): 0 (flat)  0 (hierarchical)
    Elapsed: 0.210s  Memory: 7057.00M
"enclosing" in: sky130A_mr.drc:1410
    Edge pairs: 0 (flat)  0 (hierarchical)
    Elapsed: 1.240s  Memory: 7057.00M
"output" in: sky130A_mr.drc:1410
    Edge pairs: 0 (flat)  0 (hierarchical)
    Elapsed: 0.210s  Memory: 7057.00M
"-" in: sky130A_mr.drc:1414
    Polygons (raw): 0 (flat)  0 (hierarchical)
    Elapsed: 0.460s  Memory: 7057.00M
"output" in: sky130A_mr.drc:1414
    Polygons (raw): 0 (flat)  0 (hierarchical)
    Elapsed: 0.210s  Memory: 7057.00M
"enclosing" in: sky130A_mr.drc:1417
    Edge pairs: 252 (flat)  252 (hierarchical)
    Elapsed: 1.260s  Memory: 7057.00M
"second_edges" in: sky130A_mr.drc:1417
    Edges: 252 (flat)  252 (hierarchical)
    Elapsed: 0.020s  Memory: 7057.00M
"width" in: sky130A_mr.drc:1419
    Edge pairs: 0 (flat)  0 (hierarchical)
    Elapsed: 0.700s  Memory: 7057.00M
"polygons" in: sky130A_mr.drc:1420
    Polygons (raw): 0 (flat)  0 (hierarchical)
    Elapsed: 0.020s  Memory: 7057.00M
"interacting" in: sky130A_mr.drc:1420
    Polygons (raw): 0 (flat)  0 (hierarchical)
    Elapsed: 0.140s  Memory: 7057.00M
"output" in: sky130A_mr.drc:1421
    Polygons (raw): 0 (flat)  0 (hierarchical)
    Elapsed: 0.200s  Memory: 7057.00M
END: 69/44 (via2)
START: 70/20 (m3)
"width" in: sky130A_mr.drc:1430
    Edge pairs: 0 (flat)  0 (hierarchical)
    Elapsed: 1.440s  Memory: 7057.00M
"output" in: sky130A_mr.drc:1430
    Edge pairs: 0 (flat)  0 (hierarchical)
    Elapsed: 0.200s  Memory: 7057.00M
"sized" in: sky130A_mr.drc:1432
    Polygons (raw): 0 (flat)  0 (hierarchical)
    Elapsed: 0.270s  Memory: 7057.00M
"sized" in: sky130A_mr.drc:1432
    Polygons (raw): 0 (flat)  0 (hierarchical)
    Elapsed: 0.160s  Memory: 7057.00M
"snap" in: sky130A_mr.drc:1432
    Polygons (raw): 0 (flat)  0 (hierarchical)
    Elapsed: 0.140s  Memory: 7057.00M
"&" in: sky130A_mr.drc:1432
    Polygons (raw): 0 (flat)  0 (hierarchical)
    Elapsed: 0.170s  Memory: 7057.00M
"edges" in: sky130A_mr.drc:1433
    Edges: 88826 (flat)  88826 (hierarchical)
    Elapsed: 0.010s  Memory: 7057.00M
"-" in: sky130A_mr.drc:1433
    Edges: 88826 (flat)  88826 (hierarchical)
    Elapsed: 0.170s  Memory: 7057.00M
"edges" in: sky130A_mr.drc:1434
    Edges: 0 (flat)  0 (hierarchical)
    Elapsed: 0.140s  Memory: 7057.00M
"merged" in: sky130A_mr.drc:1434
    Polygons (raw): 22019 (flat)  22019 (hierarchical)
    Elapsed: 0.060s  Memory: 7057.00M
"outside_part" in: sky130A_mr.drc:1434
    Edges: 0 (flat)  0 (hierarchical)
    Elapsed: 0.150s  Memory: 7057.00M
"space" in: sky130A_mr.drc:1436
    Edge pairs: 0 (flat)  0 (hierarchical)
    Elapsed: 0.600s  Memory: 7057.00M
"output" in: sky130A_mr.drc:1436
    Edge pairs: 0 (flat)  0 (hierarchical)
    Elapsed: 0.240s  Memory: 7057.00M
"separation" in: sky130A_mr.drc:1442
    Edge pairs: 0 (flat)  0 (hierarchical)
    Elapsed: 0.780s  Memory: 7057.00M
"space" in: sky130A_mr.drc:1443
    Edge pairs: 0 (flat)  0 (hierarchical)
    Elapsed: 0.390s  Memory: 7057.00M
"+" in: sky130A_mr.drc:1442
    Edge pairs: 0 (flat)  0 (hierarchical)
    Elapsed: 0.140s  Memory: 7057.00M
"output" in: sky130A_mr.drc:1444
    Edge pairs: 0 (flat)  0 (hierarchical)
    Elapsed: 0.210s  Memory: 7057.00M
"enclosing" in: sky130A_mr.drc:1452
    Edge pairs: 0 (flat)  0 (hierarchical)
    Elapsed: 1.230s  Memory: 7057.00M
"output" in: sky130A_mr.drc:1452
    Edge pairs: 0 (flat)  0 (hierarchical)
    Elapsed: 0.200s  Memory: 7057.00M
"-" in: sky130A_mr.drc:1456
    Polygons (raw): 0 (flat)  0 (hierarchical)
    Elapsed: 0.440s  Memory: 7057.00M
"output" in: sky130A_mr.drc:1456
    Polygons (raw): 0 (flat)  0 (hierarchical)
    Elapsed: 0.210s  Memory: 7057.00M
"with_area" in: sky130A_mr.drc:1458
    Polygons (raw): 0 (flat)  0 (hierarchical)
    Elapsed: 0.190s  Memory: 7057.00M
"output" in: sky130A_mr.drc:1458
    Polygons (raw): 0 (flat)  0 (hierarchical)
    Elapsed: 0.210s  Memory: 7057.00M
"holes" in: sky130A_mr.drc:1460
    Polygons (raw): 0 (flat)  0 (hierarchical)
    Elapsed: 0.010s  Memory: 7057.00M
"with_area" in: sky130A_mr.drc:1461
    Polygons (raw): 0 (flat)  0 (hierarchical)
    Elapsed: 0.170s  Memory: 7057.00M
"output" in: sky130A_mr.drc:1462
    Polygons (raw): 0 (flat)  0 (hierarchical)
    Elapsed: 0.180s  Memory: 7057.00M
END: 70/20 (m3)
START: 70/44 (via3)
"drc" in: sky130A_mr.drc:1469
    Polygons (raw): 0 (flat)  0 (hierarchical)
    Elapsed: 1.050s  Memory: 7057.00M
"-" in: sky130A_mr.drc:1470
    Polygons (raw): 153153 (flat)  7 (hierarchical)
    Elapsed: 0.160s  Memory: 7057.00M
"-" in: sky130A_mr.drc:1475
    Polygons (raw): 153153 (flat)  7 (hierarchical)
    Elapsed: 0.160s  Memory: 7057.00M
"non_rectangles" in: sky130A_mr.drc:1476
    Polygons (raw): 0 (flat)  0 (hierarchical)
    Elapsed: 0.370s  Memory: 7057.00M
"output" in: sky130A_mr.drc:1476
    Polygons (raw): 0 (flat)  0 (hierarchical)
    Elapsed: 0.210s  Memory: 7057.00M
"width" in: sky130A_mr.drc:1480
    Edge pairs: 0 (flat)  0 (hierarchical)
    Elapsed: 0.150s  Memory: 7057.00M
"output" in: sky130A_mr.drc:1480
    Edge pairs: 0 (flat)  0 (hierarchical)
    Elapsed: 0.210s  Memory: 7057.00M
"edges" in: sky130A_mr.drc:1485
    Edges: 612612 (flat)  28 (hierarchical)
    Elapsed: 0.000s  Memory: 7057.00M
"without_length" in: sky130A_mr.drc:1486
    Edges: 0 (flat)  0 (hierarchical)
    Elapsed: 0.200s  Memory: 7057.00M
"output" in: sky130A_mr.drc:1487
    Edges: 0 (flat)  0 (hierarchical)
    Elapsed: 0.180s  Memory: 7057.00M
"space" in: sky130A_mr.drc:1489
    Edge pairs: 0 (flat)  0 (hierarchical)
    Elapsed: 0.840s  Memory: 7057.00M
"output" in: sky130A_mr.drc:1489
    Edge pairs: 0 (flat)  0 (hierarchical)
    Elapsed: 0.200s  Memory: 7057.00M
"enclosing" in: sky130A_mr.drc:1493
    Edge pairs: 0 (flat)  0 (hierarchical)
    Elapsed: 1.220s  Memory: 7057.00M
"output" in: sky130A_mr.drc:1493
    Edge pairs: 0 (flat)  0 (hierarchical)
    Elapsed: 0.200s  Memory: 7057.00M
"-" in: sky130A_mr.drc:1497
    Polygons (raw): 0 (flat)  0 (hierarchical)
    Elapsed: 0.470s  Memory: 7057.00M
"output" in: sky130A_mr.drc:1497
    Polygons (raw): 0 (flat)  0 (hierarchical)
    Elapsed: 0.210s  Memory: 7057.00M
"enclosing" in: sky130A_mr.drc:1503
    Edge pairs: 306306 (flat)  306306 (hierarchical)
    Elapsed: 2.500s  Memory: 7057.00M
"second_edges" in: sky130A_mr.drc:1503
    Edges: 306306 (flat)  306306 (hierarchical)
    Elapsed: 0.040s  Memory: 7057.00M
"width" in: sky130A_mr.drc:1505
    Edge pairs: 0 (flat)  0 (hierarchical)
    Elapsed: 2.010s  Memory: 7057.00M
"polygons" in: sky130A_mr.drc:1506
    Polygons (raw): 0 (flat)  0 (hierarchical)
    Elapsed: 0.020s  Memory: 7057.00M
"interacting" in: sky130A_mr.drc:1506
    Polygons (raw): 0 (flat)  0 (hierarchical)
    Elapsed: 0.140s  Memory: 7057.00M
"output" in: sky130A_mr.drc:1507
    Polygons (raw): 0 (flat)  0 (hierarchical)
    Elapsed: 0.210s  Memory: 7057.00M
END: 70/44 (via3)
START: 71/20 (m4)
"width" in: sky130A_mr.drc:1516
    Edge pairs: 0 (flat)  0 (hierarchical)
    Elapsed: 1.090s  Memory: 7057.00M
"output" in: sky130A_mr.drc:1516
    Edge pairs: 0 (flat)  0 (hierarchical)
    Elapsed: 0.200s  Memory: 7057.00M
"sized" in: sky130A_mr.drc:1518
    Polygons (raw): 131 (flat)  131 (hierarchical)
    Elapsed: 0.160s  Memory: 7057.00M
"sized" in: sky130A_mr.drc:1518
    Polygons (raw): 131 (flat)  131 (hierarchical)
    Elapsed: 0.180s  Memory: 7057.00M
"snap" in: sky130A_mr.drc:1518
    Polygons (raw): 131 (flat)  131 (hierarchical)
    Elapsed: 1.290s  Memory: 7073.00M
"&" in: sky130A_mr.drc:1518
    Polygons (raw): 131 (flat)  131 (hierarchical)
    Elapsed: 0.480s  Memory: 7073.00M
"edges" in: sky130A_mr.drc:1519
    Edges: 524 (flat)  524 (hierarchical)
    Elapsed: 0.070s  Memory: 7073.00M
"-" in: sky130A_mr.drc:1519
    Edges: 0 (flat)  0 (hierarchical)
    Elapsed: 0.260s  Memory: 7073.00M
"edges" in: sky130A_mr.drc:1520
    Edges: 524 (flat)  524 (hierarchical)
    Elapsed: 0.390s  Memory: 7073.00M
"merged" in: sky130A_mr.drc:1520
    Polygons (raw): 131 (flat)  131 (hierarchical)
    Elapsed: 0.020s  Memory: 7073.00M
"outside_part" in: sky130A_mr.drc:1520
    Edges: 524 (flat)  524 (hierarchical)
    Elapsed: 0.300s  Memory: 7073.00M
"space" in: sky130A_mr.drc:1522
    Edge pairs: 0 (flat)  0 (hierarchical)
    Elapsed: 0.790s  Memory: 7073.00M
"output" in: sky130A_mr.drc:1522
    Edge pairs: 0 (flat)  0 (hierarchical)
    Elapsed: 0.210s  Memory: 7073.00M
"with_area" in: sky130A_mr.drc:1527
    Polygons (raw): 0 (flat)  0 (hierarchical)
    Elapsed: 0.190s  Memory: 7073.00M
"output" in: sky130A_mr.drc:1527
    Polygons (raw): 0 (flat)  0 (hierarchical)
    Elapsed: 0.210s  Memory: 7073.00M
"separation" in: sky130A_mr.drc:1530
    Edge pairs: 0 (flat)  0 (hierarchical)
    Elapsed: 0.820s  Memory: 7073.00M
"space" in: sky130A_mr.drc:1531
    Edge pairs: 0 (flat)  0 (hierarchical)
    Elapsed: 0.410s  Memory: 7073.00M
"+" in: sky130A_mr.drc:1530
    Edge pairs: 0 (flat)  0 (hierarchical)
    Elapsed: 0.170s  Memory: 7073.00M
"output" in: sky130A_mr.drc:1532
    Edge pairs: 0 (flat)  0 (hierarchical)
    Elapsed: 0.180s  Memory: 7073.00M
"enclosing" in: sky130A_mr.drc:1540
    Edge pairs: 0 (flat)  0 (hierarchical)
    Elapsed: 1.770s  Memory: 7073.00M
"output" in: sky130A_mr.drc:1540
    Edge pairs: 0 (flat)  0 (hierarchical)
    Elapsed: 0.210s  Memory: 7073.00M
"-" in: sky130A_mr.drc:1544
    Polygons (raw): 0 (flat)  0 (hierarchical)
    Elapsed: 0.450s  Memory: 7073.00M
"output" in: sky130A_mr.drc:1544
    Polygons (raw): 0 (flat)  0 (hierarchical)
    Elapsed: 0.200s  Memory: 7073.00M
"holes" in: sky130A_mr.drc:1547
    Polygons (raw): 0 (flat)  0 (hierarchical)
    Elapsed: 0.000s  Memory: 7073.00M
"with_area" in: sky130A_mr.drc:1548
    Polygons (raw): 0 (flat)  0 (hierarchical)
    Elapsed: 0.170s  Memory: 7073.00M
"output" in: sky130A_mr.drc:1549
    Polygons (raw): 0 (flat)  0 (hierarchical)
    Elapsed: 0.180s  Memory: 7073.00M
END: 71/20 (m4)
START: 71/44 (via4)
"drc" in: sky130A_mr.drc:1555
    Polygons (raw): 0 (flat)  0 (hierarchical)
    Elapsed: 0.960s  Memory: 7073.00M
"-" in: sky130A_mr.drc:1556
    Polygons (raw): 10480 (flat)  4 (hierarchical)
    Elapsed: 0.160s  Memory: 7073.00M
"-" in: sky130A_mr.drc:1561
    Polygons (raw): 10480 (flat)  4 (hierarchical)
    Elapsed: 0.160s  Memory: 7073.00M
"non_rectangles" in: sky130A_mr.drc:1562
    Polygons (raw): 0 (flat)  0 (hierarchical)
    Elapsed: 0.360s  Memory: 7073.00M
"output" in: sky130A_mr.drc:1562
    Polygons (raw): 0 (flat)  0 (hierarchical)
    Elapsed: 0.210s  Memory: 7073.00M
"width" in: sky130A_mr.drc:1566
    Edge pairs: 0 (flat)  0 (hierarchical)
    Elapsed: 0.890s  Memory: 7073.00M
"output" in: sky130A_mr.drc:1566
    Edge pairs: 0 (flat)  0 (hierarchical)
    Elapsed: 0.200s  Memory: 7073.00M
"drc" in: sky130A_mr.drc:1570
    Edges: 0 (flat)  0 (hierarchical)
    Elapsed: 0.400s  Memory: 7073.00M
"output" in: sky130A_mr.drc:1570
    Edges: 0 (flat)  0 (hierarchical)
    Elapsed: 0.210s  Memory: 7073.00M
"space" in: sky130A_mr.drc:1576
    Edge pairs: 0 (flat)  0 (hierarchical)
    Elapsed: 0.370s  Memory: 7073.00M
"polygons" in: sky130A_mr.drc:1577
    Polygons (raw): 0 (flat)  0 (hierarchical)
    Elapsed: 0.030s  Memory: 7073.00M
"output" in: sky130A_mr.drc:1578
    Polygons (raw): 0 (flat)  0 (hierarchical)
    Elapsed: 0.180s  Memory: 7073.00M
"width" in: sky130A_mr.drc:1581
    Edge pairs: 0 (flat)  0 (hierarchical)
    Elapsed: 0.170s  Memory: 7073.00M
"output" in: sky130A_mr.drc:1581
    Edge pairs: 0 (flat)  0 (hierarchical)
    Elapsed: 0.180s  Memory: 7073.00M
"drc" in: sky130A_mr.drc:1585
    Edge pairs: 0 (flat)  0 (hierarchical)
    Elapsed: 0.750s  Memory: 7073.00M
"output" in: sky130A_mr.drc:1585
    Edge pairs: 0 (flat)  0 (hierarchical)
    Elapsed: 0.200s  Memory: 7073.00M
"-" in: sky130A_mr.drc:1589
    Polygons (raw): 0 (flat)  0 (hierarchical)
    Elapsed: 0.140s  Memory: 7073.00M
"output" in: sky130A_mr.drc:1589
    Polygons (raw): 0 (flat)  0 (hierarchical)
    Elapsed: 0.210s  Memory: 7073.00M
"enclosing" in: sky130A_mr.drc:1595
    Edge pairs: 0 (flat)  0 (hierarchical)
    Elapsed: 0.500s  Memory: 7073.00M
"output" in: sky130A_mr.drc:1595
    Edge pairs: 0 (flat)  0 (hierarchical)
    Elapsed: 0.210s  Memory: 7073.00M
"-" in: sky130A_mr.drc:1599
    Polygons (raw): 0 (flat)  0 (hierarchical)
    Elapsed: 0.260s  Memory: 7073.00M
"output" in: sky130A_mr.drc:1599
    Polygons (raw): 0 (flat)  0 (hierarchical)
    Elapsed: 0.210s  Memory: 7073.00M
END: 71/44 (via4)
START: 72/20 (m5)
"width" in: sky130A_mr.drc:1604
    Edge pairs: 0 (flat)  0 (hierarchical)
    Elapsed: 0.590s  Memory: 7073.00M
"output" in: sky130A_mr.drc:1604
    Edge pairs: 0 (flat)  0 (hierarchical)
    Elapsed: 0.210s  Memory: 7073.00M
"space" in: sky130A_mr.drc:1606
    Edge pairs: 0 (flat)  0 (hierarchical)
    Elapsed: 0.440s  Memory: 7073.00M
"output" in: sky130A_mr.drc:1606
    Edge pairs: 0 (flat)  0 (hierarchical)
    Elapsed: 0.200s  Memory: 7073.00M
"enclosing" in: sky130A_mr.drc:1608
    Edge pairs: 0 (flat)  0 (hierarchical)
    Elapsed: 0.520s  Memory: 7073.00M
"output" in: sky130A_mr.drc:1608
    Edge pairs: 0 (flat)  0 (hierarchical)
    Elapsed: 0.210s  Memory: 7073.00M
"-" in: sky130A_mr.drc:1612
    Polygons (raw): 0 (flat)  0 (hierarchical)
    Elapsed: 0.210s  Memory: 7073.00M
"output" in: sky130A_mr.drc:1612
    Polygons (raw): 0 (flat)  0 (hierarchical)
    Elapsed: 0.210s  Memory: 7073.00M
"with_area" in: sky130A_mr.drc:1619
    Polygons (raw): 0 (flat)  0 (hierarchical)
    Elapsed: 0.190s  Memory: 7073.00M
"output" in: sky130A_mr.drc:1619
    Polygons (raw): 0 (flat)  0 (hierarchical)
    Elapsed: 0.210s  Memory: 7073.00M
"holes" in: sky130A_mr.drc:1621
    Polygons (raw): 0 (flat)  0 (hierarchical)
    Elapsed: 0.000s  Memory: 7073.00M
"with_area" in: sky130A_mr.drc:1622
    Polygons (raw): 0 (flat)  0 (hierarchical)
    Elapsed: 0.170s  Memory: 7073.00M
"output" in: sky130A_mr.drc:1623
    Polygons (raw): 0 (flat)  0 (hierarchical)
    Elapsed: 0.190s  Memory: 7073.00M
END: 72/20 (m5)
START: 76/20 (pad)
"space" in: sky130A_mr.drc:1628
    Edge pairs: 0 (flat)  0 (hierarchical)
    Elapsed: 0.150s  Memory: 7073.00M
"output" in: sky130A_mr.drc:1628
    Edge pairs: 0 (flat)  0 (hierarchical)
    Elapsed: 0.180s  Memory: 7073.00M
END: 76/20 (pad)
START: 81/10 (moduleCut)
"output" in: sky130A_mr.drc:1634
    Polygons (raw): 0 (flat)  0 (hierarchical)
    Elapsed: 0.200s  Memory: 7073.00M
END: 81/10 (moduleCut)
Writing report database: /tmp/tmp2v0bsjmo/repo/precheck_results/02_MAY_2026___07_08_37/outputs/reports/klayout_beol_check.xml ..
Total elapsed: 1686.220s  Memory: 6484.00M
Args:
	sram_exclude: false
	feol: false
	beol: true
	floating_met: false
	offgrid: false
	seal: 
 
Cell exclusion list:
   rule    | cell
   nwell.6 | sky130_fd_io__gpiov2_amux, sky130_fd_io__simple_pad_and_busses
 
release 2025.11.17_01.10
