2026-05-02 07:08:37 [INFO] Extracting compressed files in: /tmp/tmp2v0bsjmo/repo
2026-05-02 07:08:37 [INFO] Project type: digital
2026-05-02 07:08:37 [INFO] GDS hash (user_project_wrapper): 578cdc4d987ed561f233522bcb67e9b16ab09e18
2026-05-02 07:08:37 [INFO] Tools: KLayout v0.29.2 | Magic v8.3.471
2026-05-02 07:08:37 [INFO] PDK: SKY130A unknown
2026-05-02 07:08:37 [INFO] Running 13 checks: [topcell_check, gpio_defines, xor, klayout_feol, klayout_beol, klayout_offgrid, klayout_met_min_ca_density, klayout_pin_label_purposes_overlapping_drawing, klayout_zeroarea, spike_check, illegal_cellname_check, lvs, oeb]
2026-05-02 07:08:42 [INFO] Single top cell 'user_project_wrapper' found
2026-05-02 07:08:42 [INFO] GPIO defines: parsing verilog/rtl/user_defines.v
2026-05-02 07:08:43 [INFO] GPIO defines report: /tmp/tmp2v0bsjmo/repo/precheck_results/02_MAY_2026___07_08_37/outputs/reports/gpio_defines.report
2026-05-02 07:09:32 [INFO] Total XOR differences: 161
2026-05-02 07:09:32 [INFO] Running: klayout -b -r /usr/local/lib/python3.9/site-packages/cf_precheck/drc_scripts/sky130A_mr.drc -rd input=/tmp/tmp2v0bsjmo/repo/gds/user_project_wrapper.gds -rd topcell=user_project_wrapper -rd report=/tmp/tmp2v0bsjmo/repo/precheck_results/02_MAY_2026___07_08_37/outputs/reports/klayout_feol_check.xml -rd thr=2 -rd feol=true
2026-05-02 07:21:43 [INFO] No DRC violations found
2026-05-02 07:21:43 [INFO] Running: klayout -b -r /usr/local/lib/python3.9/site-packages/cf_precheck/drc_scripts/sky130A_mr.drc -rd input=/tmp/tmp2v0bsjmo/repo/gds/user_project_wrapper.gds -rd topcell=user_project_wrapper -rd report=/tmp/tmp2v0bsjmo/repo/precheck_results/02_MAY_2026___07_08_37/outputs/reports/klayout_beol_check.xml -rd thr=2 -rd beol=true
2026-05-02 07:49:47 [INFO] No DRC violations found
2026-05-02 07:49:47 [INFO] Running: klayout -b -r /usr/local/lib/python3.9/site-packages/cf_precheck/drc_scripts/sky130A_mr.drc -rd input=/tmp/tmp2v0bsjmo/repo/gds/user_project_wrapper.gds -rd topcell=user_project_wrapper -rd report=/tmp/tmp2v0bsjmo/repo/precheck_results/02_MAY_2026___07_08_37/outputs/reports/klayout_offgrid_check.xml -rd thr=2 -rd offgrid=true
2026-05-02 07:57:10 [INFO] No DRC violations found
2026-05-02 07:57:10 [INFO] Running: klayout -b -r /usr/local/lib/python3.9/site-packages/cf_precheck/drc_scripts/met_min_ca_density.lydrc -rd input=/tmp/tmp2v0bsjmo/repo/gds/user_project_wrapper.gds -rd topcell=user_project_wrapper -rd report=/tmp/tmp2v0bsjmo/repo/precheck_results/02_MAY_2026___07_08_37/outputs/reports/klayout_met_min_ca_density_check.xml -rd thr=2
2026-05-02 07:59:07 [INFO] No DRC violations found
2026-05-02 07:59:07 [INFO] Running: klayout -b -r /usr/local/lib/python3.9/site-packages/cf_precheck/drc_scripts/pin_label_purposes_overlapping_drawing.rb.drc -rd input=/tmp/tmp2v0bsjmo/repo/gds/user_project_wrapper.gds -rd topcell=user_project_wrapper -rd report=/tmp/tmp2v0bsjmo/repo/precheck_results/02_MAY_2026___07_08_37/outputs/reports/klayout_pin_label_purposes_overlapping_drawing_check.xml -rd thr=2 -rd top_cell_name=user_project_wrapper
2026-05-02 08:00:33 [INFO] No DRC violations found
2026-05-02 08:00:33 [INFO] Running: klayout -b -r /usr/local/lib/python3.9/site-packages/cf_precheck/drc_scripts/zeroarea.rb.drc -rd input=/tmp/tmp2v0bsjmo/repo/gds/user_project_wrapper.gds -rd topcell=user_project_wrapper -rd report=/tmp/tmp2v0bsjmo/repo/precheck_results/02_MAY_2026___07_08_37/outputs/reports/klayout_zeroarea_check.xml -rd thr=2 -rd cleaned_output=/tmp/tmp2v0bsjmo/repo/precheck_results/02_MAY_2026___07_08_37/outputs/user_project_wrapper_no_zero_areas.gds
2026-05-02 08:00:51 [INFO] No DRC violations found
2026-05-02 08:00:51 [INFO] Running: bash /usr/local/lib/python3.9/site-packages/cf_precheck/drc_scripts/gdsArea0 -V -m /tmp/tmp2v0bsjmo/repo/precheck_results/02_MAY_2026___07_08_37/outputs/reports/spike_check.xml /tmp/tmp2v0bsjmo/repo/gds/user_project_wrapper.gds
2026-05-02 08:01:02 [INFO] No spikes found
2026-05-02 08:01:06 [INFO] Loading LVS environment from /tmp/tmp2v0bsjmo/repo/lvs/user_project_wrapper/lvs_config.json
2026-05-02 08:01:06 [WARNING] Missing LVS configuration variable EXTRACT_FLATGLOB
2026-05-02 08:01:06 [WARNING] Missing LVS configuration variable EXTRACT_ABSTRACT
2026-05-02 08:01:06 [WARNING] Missing LVS configuration variable EXTRACT_CREATE_SUBCUT
2026-05-02 08:01:06 [WARNING] Missing LVS configuration variable LVS_FLATTEN
2026-05-02 08:01:06 [WARNING] Missing LVS configuration variable LVS_NOFLATTEN
2026-05-02 08:01:06 [WARNING] Missing LVS configuration variable LVS_IGNORE
2026-05-02 08:01:06 [INFO] LVS_SPICE_FILES: 
2026-05-02 08:01:06 [INFO] LVS_VERILOG_FILES: verilog/gl/user_project_wrapper.v
2026-05-02 08:01:06 [INFO] LAYOUT_FILE: gds/user_project_wrapper.gds
2026-05-02 08:01:06 [INFO] Running: run_be_checks --nooeb
2026-05-02 08:01:06 [INFO] LVS output directory: /tmp/tmp2v0bsjmo/repo/precheck_results/02_MAY_2026___07_08_37
2026-05-02 08:01:07 [ERROR] LVS FAILED (stat=1), see /tmp/tmp2v0bsjmo/repo/precheck_results/02_MAY_2026___07_08_37/logs/LVS_check.log
2026-05-02 08:01:07 [INFO] Loading LVS environment from /tmp/tmp2v0bsjmo/repo/lvs/user_project_wrapper/lvs_config.json
2026-05-02 08:01:07 [WARNING] Missing LVS configuration variable EXTRACT_FLATGLOB
2026-05-02 08:01:07 [WARNING] Missing LVS configuration variable EXTRACT_ABSTRACT
2026-05-02 08:01:07 [WARNING] Missing LVS configuration variable EXTRACT_CREATE_SUBCUT
2026-05-02 08:01:07 [WARNING] Missing LVS configuration variable LVS_FLATTEN
2026-05-02 08:01:07 [WARNING] Missing LVS configuration variable LVS_NOFLATTEN
2026-05-02 08:01:07 [WARNING] Missing LVS configuration variable LVS_IGNORE
2026-05-02 08:01:07 [INFO] LVS_SPICE_FILES: 
2026-05-02 08:01:07 [INFO] LVS_VERILOG_FILES: verilog/gl/user_project_wrapper.v
2026-05-02 08:01:07 [INFO] LAYOUT_FILE: gds/user_project_wrapper.gds
2026-05-02 08:01:07 [INFO] Running: run_oeb_check 
2026-05-02 08:01:07 [INFO] OEB output directory: /tmp/tmp2v0bsjmo/repo/precheck_results/02_MAY_2026___07_08_37
2026-05-02 08:01:07 [ERROR] OEB FAILED (stat=1), see /tmp/tmp2v0bsjmo/repo/precheck_results/02_MAY_2026___07_08_37/logs/OEB_check.log
