DESIGN NAME: user_project_wrapper
WORK_ROOT   : /tmp/tmplaem8y28/repo/precheck_results/05_MAY_2026___15_53_40/tmp_oeb
LOG_ROOT    : /tmp/tmplaem8y28/repo/precheck_results/05_MAY_2026___15_53_40/logs
SIGNOFF_ROOT: /tmp/tmplaem8y28/repo/precheck_results/05_MAY_2026___15_53_40/outputs/reports
 
Running CVC for oeb check...
Creating /tmp/tmplaem8y28/repo/precheck_results/05_MAY_2026___15_53_40/tmp_oeb/user_project_wrapper.cdl.gz
CVC: Circuit Validation Check  Version 1.1.7
CVC: Log output to /tmp/tmplaem8y28/repo/precheck_results/05_MAY_2026___15_53_40/tmp_oeb/cvc.oeb.log
CVC: Error output to /tmp/tmplaem8y28/repo/precheck_results/05_MAY_2026___15_53_40/tmp_oeb/cvc.oeb.error.gz
CVC: Debug output to /tmp/tmplaem8y28/repo/precheck_results/05_MAY_2026___15_53_40/tmp_oeb/cvc.oeb.debug.gz
CVC: Start: Tue May  5 16:40:32 2026

Using the following parameters for CVC (Circuit Validation Check) from /tmp/tmplaem8y28/repo/precheck_results/05_MAY_2026___15_53_40/tmp_oeb/cvcrc.oeb
CVC_TOP = 'user_project_wrapper'
CVC_NETLIST = '/tmp/tmplaem8y28/repo/precheck_results/05_MAY_2026___15_53_40/tmp_oeb/user_project_wrapper.cdl.gz'
CVC_MODE = 'user_project_wrapper'
CVC_MODEL_FILE = '/usr/local/lib/python3.9/site-packages/cf_precheck/be_checks/tech/sky130A/cvc.models'
CVC_POWER_FILE = '/tmp/tmplaem8y28/repo/precheck_results/05_MAY_2026___15_53_40/tmp_oeb/cvc.power.user_project_wrapper'
CVC_FUSE_FILE = ''
CVC_REPORT_FILE = '/tmp/tmplaem8y28/repo/precheck_results/05_MAY_2026___15_53_40/tmp_oeb/cvc.oeb.log'
CVC_REPORT_TITLE = 'CVC user_project_wrapper'
CVC_CIRCUIT_ERROR_LIMIT = '100'
CVC_SEARCH_LIMIT = '100'
CVC_LEAK_LIMIT = '0.0002'
CVC_SOI = 'false'
CVC_SCRC = 'false'
CVC_VTH_GATES = 'false'
CVC_MIN_VTH_GATES = 'false'
CVC_IGNORE_VTH_FLOATING = 'false'
CVC_IGNORE_NO_LEAK_FLOATING = 'false'
CVC_LEAK_OVERVOLTAGE = 'true'
CVC_LOGIC_DIODES = 'false'
CVC_ANALOG_GATES = 'true'
CVC_BACKUP_RESULTS = 'false'
CVC_MOS_DIODE_ERROR_THRESHOLD = '0'
CVC_SHORT_ERROR_THRESHOLD = '0'
CVC_BIAS_ERROR_THRESHOLD = '0'
CVC_FORWARD_ERROR_THRESHOLD = '0'
CVC_FLOATING_ERROR_THRESHOLD = '0'
CVC_GATE_ERROR_THRESHOLD = '0'
CVC_LEAK?_ERROR_THRESHOLD = '0'
CVC_EXPECTED_ERROR_THRESHOLD = '0'
CVC_OVERVOLTAGE_ERROR_THRESHOLD = '0'
CVC_PARALLEL_CIRCUIT_PORT_LIMIT = '0'
CVC_CELL_ERROR_LIMIT_FILE = ''
CVC_CELL_CHECKSUM_FILE = ''
CVC_LARGE_CIRCUIT_SIZE = '10000000'
CVC_NET_CHECK_FILE = ''
CVC_MODEL_CHECK_FILE = ''
End of parameters

CVC: Reading device model settings...
CVC: Reading power settings...
CVC: Parsing netlist /tmp/tmplaem8y28/repo/precheck_results/05_MAY_2026___15_53_40/tmp_oeb/user_project_wrapper.cdl.gz

Cdl fixed data size 21360155
Usage CDL: Time: 5  Memory: 560104  I/O: 8  Swap: 0
CVC: Counting and linking...
CVC: Assigning IDs ...
Usage DB: Time: 5  Memory: 667132  I/O: 8  Swap: 0
CVC: 1166498(1166498) instances, 6210(6210) nets, 1174342(1174342) devices.
Setting power for mode...
Setting models...
CVC: Setting models ...
Setting model tolerances...
** Stage 1/7: Enter command ?> c 6

> c 6
continuing for 6 step(s)
CVC: Shorting switches...
 model short...
	Shorted 0 short
 model sky130_fd_pr__res_generic_l1...
	Shorted 0 sky130_fd_pr__res_generic_l1
 model sky130_fd_pr__res_generic_m1...
	Shorted 0 sky130_fd_pr__res_generic_m1
 model sky130_fd_pr__res_generic_m2...
	Shorted 0 sky130_fd_pr__res_generic_m2
 model sky130_fd_pr__res_generic_m3...
	Shorted 0 sky130_fd_pr__res_generic_m3
 model sky130_fd_pr__res_generic_m4...
	Shorted 0 sky130_fd_pr__res_generic_m4
 model sky130_fd_pr__res_generic_m5...
	Shorted 0 sky130_fd_pr__res_generic_m5
Setting instance power...
CVC: Linking devices...
	Average device/instance: 1000000/500000=2
Usage EQUIV: Time: 5  Memory: 723808  I/O: 120  Swap: 0
Power nets 396
CVC: Shorting non conducting resistors...
CVC: Calculating resistor voltages...
Usage RES: Time: 6  Memory: 723808  I/O: 120  Swap: 0
Power nets 396
CVC: Calculating min/max voltages...
Processing trivial nets found 3154 trivial nets
CVC: Ignoring invalid calculations...
CVC:   Removed 0 calculations
Copying master nets
CVC: Ignoring non-conducting devices...
CVC:   Ignored 0 devices
Usage MIN/MAX1: Time: 6  Memory: 724132  I/O: 128  Swap: 0
Power nets 1590
! Checking forward bias diode errors: 

! Checking nmos source/drain vs bias errors: 

! Checking nmos gate vs source errors: 

! Checking pmos source/drain vs bias errors: 

! Checking pmos gate vs source errors: 

Usage ERROR: Time: 6  Memory: 724132  I/O: 128  Swap: 0
Saving min/max voltages...
CVC: Propagating Simulation voltages 1...
Usage SIM1: Time: 6  Memory: 728620  I/O: 128  Swap: 0
Power nets 1590
Saving simulation voltages...
CVC: Propagating Simulation voltages 3...
Usage SIM2: Time: 6  Memory: 728884  I/O: 128  Swap: 0
Power nets 1590
Added 0 latch voltages
CVC: Calculating min/max voltages...
Processing trivial nets found 3154 trivial nets
CVC: Ignoring invalid calculations...
CVC:   Removed 0 calculations
Copying master nets
CVC: Ignoring non-conducting devices...
CVC:   Ignored 0 devices
Usage MIN/MAX2: Time: 6  Memory: 728884  I/O: 128  Swap: 0
Power nets 2784
! Checking overvoltage errors

! Checking nmos possible leak errors: 

! Checking pmos possible leak errors: 

! Checking mos floating input errors:

! Checking expected values:

CVC: Error Counts
CVC: Fuse Problems:         0
CVC: Min Voltage Conflicts: 0
CVC: Max Voltage Conflicts: 0
CVC: Leaks:                 0
CVC: LDD drain->source:     0
CVC: HI-Z Inputs:           0
CVC: Forward Bias Diodes:   0
CVC: NMOS Source vs Bulk:   0
CVC: NMOS Gate vs Source:   0
CVC: NMOS Possible Leaks:   0
CVC: PMOS Source vs Bulk:   0
CVC: PMOS Gate vs Source:   0
CVC: PMOS Possible Leaks:   0
CVC: Overvoltage-VBG:       0
CVC: Overvoltage-VBS:       0
CVC: Overvoltage-VDS:       0
CVC: Overvoltage-VGS:       0
CVC: Model errors:          0
CVC: Unexpected voltage :   0
CVC: Total:                 0
Usage Total: Time: 6  Memory: 729412  I/O: 168  Swap: 0
Virtual net update/access 41750/56959992
CVC: Log output to /tmp/tmplaem8y28/repo/precheck_results/05_MAY_2026___15_53_40/tmp_oeb/cvc.oeb.log
CVC: End: Tue May  5 16:40:39 2026

** Stage 7/7: Enter command ?> gn io_in[0]

> gn io_in[0]
Net io_in[0]: 85
 connections: gate 0 source 0 drain 0 bulk 0
 base definition io_in[*]
  default min unknown
  default sim unknown
  default max unknown
 defined as  input min@0.0 max@1.8 =>  min@0.0 max@1.8 input

** Stage 7/7: Enter command ?> gn io_in[1]

> gn io_in[1]
Net io_in[1]: 83
 connections: gate 0 source 0 drain 0 bulk 0
 base definition io_in[*]
  default min unknown
  default sim unknown
  default max unknown
 defined as  input min@0.0 max@1.8 =>  min@0.0 max@1.8 input

** Stage 7/7: Enter command ?> gn io_in[2]

> gn io_in[2]
Net io_in[2]: 105
 connections: gate 0 source 0 drain 0 bulk 0
 base definition io_in[*]
  default min unknown
  default sim unknown
  default max unknown
 defined as  input min@0.0 max@1.8 =>  min@0.0 max@1.8 input

** Stage 7/7: Enter command ?> gn io_in[3]

> gn io_in[3]
Net io_in[3]: 86
 connections: gate 0 source 0 drain 0 bulk 0
 base definition io_in[*]
  default min unknown
  default sim unknown
  default max unknown
 defined as  input min@0.0 max@1.8 =>  min@0.0 max@1.8 input

** Stage 7/7: Enter command ?> gn io_in[4]

> gn io_in[4]
Net io_in[4]: 87
 connections: gate 0 source 0 drain 0 bulk 0
 base definition io_in[*]
  default min unknown
  default sim unknown
  default max unknown
 defined as  input min@0.0 max@1.8 =>  min@0.0 max@1.8 input

** Stage 7/7: Enter command ?> gn io_in[5]

> gn io_in[5]
Net io_in[5]: 89
 connections: gate 0 source 0 drain 0 bulk 0
 base definition io_in[*]
  default min unknown
  default sim unknown
  default max unknown
 defined as  input min@0.0 max@1.8 =>  min@0.0 max@1.8 input

** Stage 7/7: Enter command ?> gn io_in[6]

> gn io_in[6]
Net io_in[6]: 90
 connections: gate 0 source 0 drain 0 bulk 0
 base definition io_in[*]
  default min unknown
  default sim unknown
  default max unknown
 defined as  input min@0.0 max@1.8 =>  min@0.0 max@1.8 input

** Stage 7/7: Enter command ?> gn io_in[7]

> gn io_in[7]
Net io_in[7]: 97
 connections: gate 0 source 0 drain 0 bulk 0
 base definition io_in[*]
  default min unknown
  default sim unknown
  default max unknown
 defined as  input min@0.0 max@1.8 =>  min@0.0 max@1.8 input

** Stage 7/7: Enter command ?> gn io_in[8]

> gn io_in[8]
Net io_in[8]: 0
 connections: gate 0 source 0 drain 0 bulk 0
 base definition io_in[*]
  default min unknown
  default sim unknown
  default max unknown
 defined as  input min@0.0 max@1.8 =>  min@0.0 max@1.8 input

** Stage 7/7: Enter command ?> gn io_in[9]

> gn io_in[9]
Net io_in[9]: 12
 connections: gate 0 source 0 drain 0 bulk 0
 base definition io_in[*]
  default min unknown
  default sim unknown
  default max unknown
 defined as  input min@0.0 max@1.8 =>  min@0.0 max@1.8 input

** Stage 7/7: Enter command ?> gn io_in[10]

> gn io_in[10]
Net io_in[10]: 6
 connections: gate 0 source 0 drain 0 bulk 0
 base definition io_in[*]
  default min unknown
  default sim unknown
  default max unknown
 defined as  input min@0.0 max@1.8 =>  min@0.0 max@1.8 input

** Stage 7/7: Enter command ?> gn io_in[11]

> gn io_in[11]
Net io_in[11]: 7
 connections: gate 0 source 0 drain 0 bulk 0
 base definition io_in[*]
  default min unknown
  default sim unknown
  default max unknown
 defined as  input min@0.0 max@1.8 =>  min@0.0 max@1.8 input

** Stage 7/7: Enter command ?> gn io_in[12]

> gn io_in[12]
Net io_in[12]: 8
 connections: gate 0 source 0 drain 0 bulk 0
 base definition io_in[*]
  default min unknown
  default sim unknown
  default max unknown
 defined as  input min@0.0 max@1.8 =>  min@0.0 max@1.8 input

** Stage 7/7: Enter command ?> gn io_in[13]

> gn io_in[13]
Net io_in[13]: 9
 connections: gate 0 source 0 drain 0 bulk 0
 base definition io_in[*]
  default min unknown
  default sim unknown
  default max unknown
 defined as  input min@0.0 max@1.8 =>  min@0.0 max@1.8 input

** Stage 7/7: Enter command ?> gn io_in[14]

> gn io_in[14]
Net io_in[14]: 10
 connections: gate 0 source 0 drain 0 bulk 0
 base definition io_in[*]
  default min unknown
  default sim unknown
  default max unknown
 defined as  input min@0.0 max@1.8 =>  min@0.0 max@1.8 input

** Stage 7/7: Enter command ?> gn io_in[15]

> gn io_in[15]
Net io_in[15]: 112
 connections: gate 0 source 0 drain 0 bulk 0
 base definition io_in[*]
  default min unknown
  default sim unknown
  default max unknown
 defined as  input min@0.0 max@1.8 =>  min@0.0 max@1.8 input

** Stage 7/7: Enter command ?> gn io_in[16]

> gn io_in[16]
Net io_in[16]: 113
 connections: gate 0 source 0 drain 0 bulk 0
 base definition io_in[*]
  default min unknown
  default sim unknown
  default max unknown
 defined as  input min@0.0 max@1.8 =>  min@0.0 max@1.8 input

** Stage 7/7: Enter command ?> gn io_in[17]

> gn io_in[17]
Net io_in[17]: 114
 connections: gate 0 source 0 drain 0 bulk 0
 base definition io_in[*]
  default min unknown
  default sim unknown
  default max unknown
 defined as  input min@0.0 max@1.8 =>  min@0.0 max@1.8 input

** Stage 7/7: Enter command ?> gn io_in[18]

> gn io_in[18]
Net io_in[18]: 115
 connections: gate 0 source 0 drain 0 bulk 0
 base definition io_in[*]
  default min unknown
  default sim unknown
  default max unknown
 defined as  input min@0.0 max@1.8 =>  min@0.0 max@1.8 input

** Stage 7/7: Enter command ?> gn io_in[19]

> gn io_in[19]
Net io_in[19]: 116
 connections: gate 0 source 0 drain 0 bulk 0
 base definition io_in[*]
  default min unknown
  default sim unknown
  default max unknown
 defined as  input min@0.0 max@1.8 =>  min@0.0 max@1.8 input

** Stage 7/7: Enter command ?> gn io_in[20]

> gn io_in[20]
Net io_in[20]: 134
 connections: gate 0 source 0 drain 0 bulk 0
 base definition io_in[*]
  default min unknown
  default sim unknown
  default max unknown
 defined as  input min@0.0 max@1.8 =>  min@0.0 max@1.8 input

** Stage 7/7: Enter command ?> gn io_in[21]

> gn io_in[21]
Net io_in[21]: 135
 connections: gate 0 source 0 drain 0 bulk 0
 base definition io_in[*]
  default min unknown
  default sim unknown
  default max unknown
 defined as  input min@0.0 max@1.8 =>  min@0.0 max@1.8 input

** Stage 7/7: Enter command ?> gn io_in[22]

> gn io_in[22]
Net io_in[22]: 136
 connections: gate 0 source 0 drain 0 bulk 0
 base definition io_in[*]
  default min unknown
  default sim unknown
  default max unknown
 defined as  input min@0.0 max@1.8 =>  min@0.0 max@1.8 input

** Stage 7/7: Enter command ?> gn io_in[23]

> gn io_in[23]
Net io_in[23]: 137
 connections: gate 0 source 0 drain 0 bulk 0
 base definition io_in[*]
  default min unknown
  default sim unknown
  default max unknown
 defined as  input min@0.0 max@1.8 =>  min@0.0 max@1.8 input

** Stage 7/7: Enter command ?> gn io_in[24]

> gn io_in[24]
Net io_in[24]: 38
 connections: gate 0 source 0 drain 0 bulk 0
 base definition io_in[*]
  default min unknown
  default sim unknown
  default max unknown
 defined as  input min@0.0 max@1.8 =>  min@0.0 max@1.8 input

** Stage 7/7: Enter command ?> gn io_in[25]

> gn io_in[25]
Net io_in[25]: 39
 connections: gate 0 source 0 drain 0 bulk 0
 base definition io_in[*]
  default min unknown
  default sim unknown
  default max unknown
 defined as  input min@0.0 max@1.8 =>  min@0.0 max@1.8 input

** Stage 7/7: Enter command ?> gn io_in[26]

> gn io_in[26]
Net io_in[26]: 40
 connections: gate 0 source 0 drain 0 bulk 0
 base definition io_in[*]
  default min unknown
  default sim unknown
  default max unknown
 defined as  input min@0.0 max@1.8 =>  min@0.0 max@1.8 input

** Stage 7/7: Enter command ?> gn io_in[27]

> gn io_in[27]
Net io_in[27]: 41
 connections: gate 0 source 0 drain 0 bulk 0
 base definition io_in[*]
  default min unknown
  default sim unknown
  default max unknown
 defined as  input min@0.0 max@1.8 =>  min@0.0 max@1.8 input

** Stage 7/7: Enter command ?> gn io_in[28]

> gn io_in[28]
Net io_in[28]: 42
 connections: gate 0 source 0 drain 0 bulk 0
 base definition io_in[*]
  default min unknown
  default sim unknown
  default max unknown
 defined as  input min@0.0 max@1.8 =>  min@0.0 max@1.8 input

** Stage 7/7: Enter command ?> gn io_in[29]

> gn io_in[29]
Net io_in[29]: 43
 connections: gate 0 source 0 drain 0 bulk 0
 base definition io_in[*]
  default min unknown
  default sim unknown
  default max unknown
 defined as  input min@0.0 max@1.8 =>  min@0.0 max@1.8 input

** Stage 7/7: Enter command ?> gn io_in[30]

> gn io_in[30]
Net io_in[30]: 44
 connections: gate 0 source 0 drain 0 bulk 0
 base definition io_in[*]
  default min unknown
  default sim unknown
  default max unknown
 defined as  input min@0.0 max@1.8 =>  min@0.0 max@1.8 input

** Stage 7/7: Enter command ?> gn io_in[31]

> gn io_in[31]
Net io_in[31]: 62
 connections: gate 0 source 0 drain 0 bulk 0
 base definition io_in[*]
  default min unknown
  default sim unknown
  default max unknown
 defined as  input min@0.0 max@1.8 =>  min@0.0 max@1.8 input

** Stage 7/7: Enter command ?> gn io_in[32]

> gn io_in[32]
Net io_in[32]: 63
 connections: gate 2 source 0 drain 0 bulk 0
 base definition io_in[*]
  default min unknown
  default sim unknown
  default max unknown
 defined as  input min@0.0 max@1.8 =>  min@0.0 max@1.8 input

** Stage 7/7: Enter command ?> gn io_in[33]

> gn io_in[33]
Net io_in[33]: 64
 connections: gate 0 source 0 drain 0 bulk 0
 base definition io_in[*]
  default min unknown
  default sim unknown
  default max unknown
 defined as  input min@0.0 max@1.8 =>  min@0.0 max@1.8 input

** Stage 7/7: Enter command ?> gn io_in[34]

> gn io_in[34]
Net io_in[34]: 65
 connections: gate 0 source 0 drain 0 bulk 0
 base definition io_in[*]
  default min unknown
  default sim unknown
  default max unknown
 defined as  input min@0.0 max@1.8 =>  min@0.0 max@1.8 input

** Stage 7/7: Enter command ?> gn io_in[35]

> gn io_in[35]
Net io_in[35]: 66
 connections: gate 0 source 0 drain 0 bulk 0
 base definition io_in[*]
  default min unknown
  default sim unknown
  default max unknown
 defined as  input min@0.0 max@1.8 =>  min@0.0 max@1.8 input

** Stage 7/7: Enter command ?> gn io_in[36]

> gn io_in[36]
Net io_in[36]: 67
 connections: gate 0 source 0 drain 0 bulk 0
 base definition io_in[*]
  default min unknown
  default sim unknown
  default max unknown
 defined as  input min@0.0 max@1.8 =>  min@0.0 max@1.8 input

** Stage 7/7: Enter command ?> gn io_in[37]

> gn io_in[37]
Net io_in[37]: 68
 connections: gate 0 source 0 drain 0 bulk 0
 base definition io_in[*]
  default min unknown
  default sim unknown
  default max unknown
 defined as  input min@0.0 max@1.8 =>  min@0.0 max@1.8 input

** Stage 7/7: Enter command ?> gn io_out[0]

> gn io_out[0]
Net io_out[0]: 99
 connections: gate 0 source 1 drain 0 bulk 0

Initial min path
io_out[0]
->vssd1
vssd* power 0.0 -> 0.0 power

Initial max path
io_out[0]
->vssd1
vssd* power 0.0 -> 0.0 power

Initial sim path
io_out[0]
->vssd1
vssd* power 0.0 -> 0.0 power

Min path
io_out[0]
->vssd1 r=5
vssd* power 0.0 -> 0.0 power

Max path
io_out[0]
->vssd1 r=5
vssd* power 0.0 -> 0.0 power

Sim path
io_out[0]
->vssd1 r=5
vssd* power 0.0 -> 0.0 power

** Stage 7/7: Enter command ?> gn io_out[1]

> gn io_out[1]
Net io_out[1]: 84
 connections: gate 0 source 1 drain 0 bulk 0

Initial min path
io_out[1]
->vssd1
vssd* power 0.0 -> 0.0 power

Initial max path
io_out[1]
->vssd1
vssd* power 0.0 -> 0.0 power

Initial sim path
io_out[1]
->vssd1
vssd* power 0.0 -> 0.0 power

Min path
io_out[1]
->vssd1 r=5
vssd* power 0.0 -> 0.0 power

Max path
io_out[1]
->vssd1 r=5
vssd* power 0.0 -> 0.0 power

Sim path
io_out[1]
->vssd1 r=5
vssd* power 0.0 -> 0.0 power

** Stage 7/7: Enter command ?> gn io_out[2]

> gn io_out[2]
Net io_out[2]: 91
 connections: gate 0 source 1 drain 0 bulk 0

Initial min path
io_out[2]
->vssd1
vssd* power 0.0 -> 0.0 power

Initial max path
io_out[2]
->vssd1
vssd* power 0.0 -> 0.0 power

Initial sim path
io_out[2]
->vssd1
vssd* power 0.0 -> 0.0 power

Min path
io_out[2]
->vssd1 r=5
vssd* power 0.0 -> 0.0 power

Max path
io_out[2]
->vssd1 r=5
vssd* power 0.0 -> 0.0 power

Sim path
io_out[2]
->vssd1 r=5
vssd* power 0.0 -> 0.0 power

** Stage 7/7: Enter command ?> gn io_out[3]

> gn io_out[3]
Net io_out[3]: 100
 connections: gate 0 source 1 drain 0 bulk 0

Initial min path
io_out[3]
->vssd1
vssd* power 0.0 -> 0.0 power

Initial max path
io_out[3]
->vssd1
vssd* power 0.0 -> 0.0 power

Initial sim path
io_out[3]
->vssd1
vssd* power 0.0 -> 0.0 power

Min path
io_out[3]
->vssd1 r=5
vssd* power 0.0 -> 0.0 power

Max path
io_out[3]
->vssd1 r=5
vssd* power 0.0 -> 0.0 power

Sim path
io_out[3]
->vssd1 r=5
vssd* power 0.0 -> 0.0 power

** Stage 7/7: Enter command ?> gn io_out[4]

> gn io_out[4]
Net io_out[4]: 101
 connections: gate 0 source 1 drain 0 bulk 0

Initial min path
io_out[4]
->vssd1
vssd* power 0.0 -> 0.0 power

Initial max path
io_out[4]
->vssd1
vssd* power 0.0 -> 0.0 power

Initial sim path
io_out[4]
->vssd1
vssd* power 0.0 -> 0.0 power

Min path
io_out[4]
->vssd1 r=5
vssd* power 0.0 -> 0.0 power

Max path
io_out[4]
->vssd1 r=5
vssd* power 0.0 -> 0.0 power

Sim path
io_out[4]
->vssd1 r=5
vssd* power 0.0 -> 0.0 power

** Stage 7/7: Enter command ?> gn io_out[5]

> gn io_out[5]
Net io_out[5]: 102
 connections: gate 0 source 1 drain 0 bulk 0

Initial min path
io_out[5]
->vssd1
vssd* power 0.0 -> 0.0 power

Initial max path
io_out[5]
->vssd1
vssd* power 0.0 -> 0.0 power

Initial sim path
io_out[5]
->vssd1
vssd* power 0.0 -> 0.0 power

Min path
io_out[5]
->vssd1 r=5
vssd* power 0.0 -> 0.0 power

Max path
io_out[5]
->vssd1 r=5
vssd* power 0.0 -> 0.0 power

Sim path
io_out[5]
->vssd1 r=5
vssd* power 0.0 -> 0.0 power

** Stage 7/7: Enter command ?> gn io_out[6]

> gn io_out[6]
Net io_out[6]: 103
 connections: gate 0 source 1 drain 0 bulk 0

Initial min path
io_out[6]
->vssd1
vssd* power 0.0 -> 0.0 power

Initial max path
io_out[6]
->vssd1
vssd* power 0.0 -> 0.0 power

Initial sim path
io_out[6]
->vssd1
vssd* power 0.0 -> 0.0 power

Min path
io_out[6]
->vssd1 r=5
vssd* power 0.0 -> 0.0 power

Max path
io_out[6]
->vssd1 r=5
vssd* power 0.0 -> 0.0 power

Sim path
io_out[6]
->vssd1 r=5
vssd* power 0.0 -> 0.0 power

** Stage 7/7: Enter command ?> gn io_out[7]

> gn io_out[7]
Net io_out[7]: 104
 connections: gate 0 source 1 drain 0 bulk 0

Initial min path
io_out[7]
->vssd1
vssd* power 0.0 -> 0.0 power

Initial max path
io_out[7]
->vssd1
vssd* power 0.0 -> 0.0 power

Initial sim path
io_out[7]
->vssd1
vssd* power 0.0 -> 0.0 power

Min path
io_out[7]
->vssd1 r=5
vssd* power 0.0 -> 0.0 power

Max path
io_out[7]
->vssd1 r=5
vssd* power 0.0 -> 0.0 power

Sim path
io_out[7]
->vssd1 r=5
vssd* power 0.0 -> 0.0 power

** Stage 7/7: Enter command ?> gn io_out[8]

> gn io_out[8]
Net io_out[8]: 25
 connections: gate 0 source 1 drain 0 bulk 0

Initial min path
io_out[8]
->vssd1
vssd* power 0.0 -> 0.0 power

Initial max path
io_out[8]
->vssd1
vssd* power 0.0 -> 0.0 power

Initial sim path
io_out[8]
->vssd1
vssd* power 0.0 -> 0.0 power

Min path
io_out[8]
->vssd1 r=5
vssd* power 0.0 -> 0.0 power

Max path
io_out[8]
->vssd1 r=5
vssd* power 0.0 -> 0.0 power

Sim path
io_out[8]
->vssd1 r=5
vssd* power 0.0 -> 0.0 power

** Stage 7/7: Enter command ?> gn io_out[9]

> gn io_out[9]
Net io_out[9]: 26
 connections: gate 0 source 1 drain 0 bulk 0

Initial min path
io_out[9]
->vssd1
vssd* power 0.0 -> 0.0 power

Initial max path
io_out[9]
->vssd1
vssd* power 0.0 -> 0.0 power

Initial sim path
io_out[9]
->vssd1
vssd* power 0.0 -> 0.0 power

Min path
io_out[9]
->vssd1 r=5
vssd* power 0.0 -> 0.0 power

Max path
io_out[9]
->vssd1 r=5
vssd* power 0.0 -> 0.0 power

Sim path
io_out[9]
->vssd1 r=5
vssd* power 0.0 -> 0.0 power

** Stage 7/7: Enter command ?> gn io_out[10]

> gn io_out[10]
Net io_out[10]: 20
 connections: gate 0 source 1 drain 0 bulk 0

Initial min path
io_out[10]
->vssd1
vssd* power 0.0 -> 0.0 power

Initial max path
io_out[10]
->vssd1
vssd* power 0.0 -> 0.0 power

Initial sim path
io_out[10]
->vssd1
vssd* power 0.0 -> 0.0 power

Min path
io_out[10]
->vssd1 r=5
vssd* power 0.0 -> 0.0 power

Max path
io_out[10]
->vssd1 r=5
vssd* power 0.0 -> 0.0 power

Sim path
io_out[10]
->vssd1 r=5
vssd* power 0.0 -> 0.0 power

** Stage 7/7: Enter command ?> gn io_out[11]

> gn io_out[11]
Net io_out[11]: 21
 connections: gate 0 source 1 drain 0 bulk 0

Initial min path
io_out[11]
->vssd1
vssd* power 0.0 -> 0.0 power

Initial max path
io_out[11]
->vssd1
vssd* power 0.0 -> 0.0 power

Initial sim path
io_out[11]
->vssd1
vssd* power 0.0 -> 0.0 power

Min path
io_out[11]
->vssd1 r=5
vssd* power 0.0 -> 0.0 power

Max path
io_out[11]
->vssd1 r=5
vssd* power 0.0 -> 0.0 power

Sim path
io_out[11]
->vssd1 r=5
vssd* power 0.0 -> 0.0 power

** Stage 7/7: Enter command ?> gn io_out[12]

> gn io_out[12]
Net io_out[12]: 22
 connections: gate 0 source 1 drain 0 bulk 0

Initial min path
io_out[12]
->vssd1
vssd* power 0.0 -> 0.0 power

Initial max path
io_out[12]
->vssd1
vssd* power 0.0 -> 0.0 power

Initial sim path
io_out[12]
->vssd1
vssd* power 0.0 -> 0.0 power

Min path
io_out[12]
->vssd1 r=5
vssd* power 0.0 -> 0.0 power

Max path
io_out[12]
->vssd1 r=5
vssd* power 0.0 -> 0.0 power

Sim path
io_out[12]
->vssd1 r=5
vssd* power 0.0 -> 0.0 power

** Stage 7/7: Enter command ?> gn io_out[13]

> gn io_out[13]
Net io_out[13]: 23
 connections: gate 0 source 1 drain 0 bulk 0

Initial min path
io_out[13]
->vssd1
vssd* power 0.0 -> 0.0 power

Initial max path
io_out[13]
->vssd1
vssd* power 0.0 -> 0.0 power

Initial sim path
io_out[13]
->vssd1
vssd* power 0.0 -> 0.0 power

Min path
io_out[13]
->vssd1 r=5
vssd* power 0.0 -> 0.0 power

Max path
io_out[13]
->vssd1 r=5
vssd* power 0.0 -> 0.0 power

Sim path
io_out[13]
->vssd1 r=5
vssd* power 0.0 -> 0.0 power

** Stage 7/7: Enter command ?> gn io_out[14]

> gn io_out[14]
Net io_out[14]: 24
 connections: gate 0 source 1 drain 0 bulk 0

Initial min path
io_out[14]
->vssd1
vssd* power 0.0 -> 0.0 power

Initial max path
io_out[14]
->vssd1
vssd* power 0.0 -> 0.0 power

Initial sim path
io_out[14]
->vssd1
vssd* power 0.0 -> 0.0 power

Min path
io_out[14]
->vssd1 r=5
vssd* power 0.0 -> 0.0 power

Max path
io_out[14]
->vssd1 r=5
vssd* power 0.0 -> 0.0 power

Sim path
io_out[14]
->vssd1 r=5
vssd* power 0.0 -> 0.0 power

** Stage 7/7: Enter command ?> gn io_out[15]

> gn io_out[15]
Net io_out[15]: 121
 connections: gate 0 source 1 drain 0 bulk 0

Initial min path
io_out[15]
->vssd1
vssd* power 0.0 -> 0.0 power

Initial max path
io_out[15]
->vssd1
vssd* power 0.0 -> 0.0 power

Initial sim path
io_out[15]
->vssd1
vssd* power 0.0 -> 0.0 power

Min path
io_out[15]
->vssd1 r=5
vssd* power 0.0 -> 0.0 power

Max path
io_out[15]
->vssd1 r=5
vssd* power 0.0 -> 0.0 power

Sim path
io_out[15]
->vssd1 r=5
vssd* power 0.0 -> 0.0 power

** Stage 7/7: Enter command ?> gn io_out[16]

> gn io_out[16]
Net io_out[16]: 122
 connections: gate 0 source 1 drain 1 bulk 0

Initial min path
io_out[16]
->vssd1
vssd* power 0.0 -> 0.0 power

Initial max path
io_out[16]
->vccd1
vccd* power 1.8 -> 1.8 power

Min path
io_out[16]
->vssd1 r=1615
vssd* power 0.0 -> 0.0 power

Max path
io_out[16]
->vccd1 r=1050
vccd* power 1.8 -> 1.8 power

** Stage 7/7: Enter command ?> gn io_out[17]

> gn io_out[17]
Net io_out[17]: 123
 connections: gate 0 source 1 drain 1 bulk 0

Initial min path
io_out[17]
->vssd1
vssd* power 0.0 -> 0.0 power

Initial max path
io_out[17]
->vccd1
vccd* power 1.8 -> 1.8 power

Min path
io_out[17]
->vssd1 r=1615
vssd* power 0.0 -> 0.0 power

Max path
io_out[17]
->vccd1 r=1050
vccd* power 1.8 -> 1.8 power

** Stage 7/7: Enter command ?> gn io_out[18]

> gn io_out[18]
Net io_out[18]: 124
 connections: gate 0 source 1 drain 1 bulk 0

Initial min path
io_out[18]
->vssd1
vssd* power 0.0 -> 0.0 power

Initial max path
io_out[18]
->vccd1
vccd* power 1.8 -> 1.8 power

Min path
io_out[18]
->vssd1 r=1615
vssd* power 0.0 -> 0.0 power

Max path
io_out[18]
->vccd1 r=1050
vccd* power 1.8 -> 1.8 power

** Stage 7/7: Enter command ?> gn io_out[19]

> gn io_out[19]
Net io_out[19]: 138
 connections: gate 0 source 1 drain 1 bulk 0

Initial min path
io_out[19]
->vssd1
vssd* power 0.0 -> 0.0 power

Initial max path
io_out[19]
->vccd1
vccd* power 1.8 -> 1.8 power

Min path
io_out[19]
->vssd1 r=1615
vssd* power 0.0 -> 0.0 power

Max path
io_out[19]
->vccd1 r=1050
vccd* power 1.8 -> 1.8 power

** Stage 7/7: Enter command ?> gn io_out[20]

> gn io_out[20]
Net io_out[20]: 139
 connections: gate 0 source 1 drain 1 bulk 0

Initial min path
io_out[20]
->vssd1
vssd* power 0.0 -> 0.0 power

Initial max path
io_out[20]
->vccd1
vccd* power 1.8 -> 1.8 power

Min path
io_out[20]
->vssd1 r=1615
vssd* power 0.0 -> 0.0 power

Max path
io_out[20]
->vccd1 r=1050
vccd* power 1.8 -> 1.8 power

** Stage 7/7: Enter command ?> gn io_out[21]

> gn io_out[21]
Net io_out[21]: 140
 connections: gate 0 source 1 drain 1 bulk 0

Initial min path
io_out[21]
->vssd1
vssd* power 0.0 -> 0.0 power

Initial max path
io_out[21]
->vccd1
vccd* power 1.8 -> 1.8 power

Min path
io_out[21]
->vssd1 r=1615
vssd* power 0.0 -> 0.0 power

Max path
io_out[21]
->vccd1 r=1050
vccd* power 1.8 -> 1.8 power

** Stage 7/7: Enter command ?> gn io_out[22]

> gn io_out[22]
Net io_out[22]: 141
 connections: gate 0 source 1 drain 1 bulk 0

Initial min path
io_out[22]
->vssd1
vssd* power 0.0 -> 0.0 power

Initial max path
io_out[22]
->vccd1
vccd* power 1.8 -> 1.8 power

Min path
io_out[22]
->vssd1 r=1615
vssd* power 0.0 -> 0.0 power

Max path
io_out[22]
->vccd1 r=1050
vccd* power 1.8 -> 1.8 power

** Stage 7/7: Enter command ?> gn io_out[23]

> gn io_out[23]
Net io_out[23]: 142
 connections: gate 0 source 1 drain 1 bulk 0

Initial min path
io_out[23]
->vssd1
vssd* power 0.0 -> 0.0 power

Initial max path
io_out[23]
->vccd1
vccd* power 1.8 -> 1.8 power

Min path
io_out[23]
->vssd1 r=1615
vssd* power 0.0 -> 0.0 power

Max path
io_out[23]
->vccd1 r=1050
vccd* power 1.8 -> 1.8 power

** Stage 7/7: Enter command ?> gn io_out[24]

> gn io_out[24]
Net io_out[24]: 45
 connections: gate 0 source 1 drain 1 bulk 0

Initial min path
io_out[24]
->vssd1
vssd* power 0.0 -> 0.0 power

Initial max path
io_out[24]
->vccd1
vccd* power 1.8 -> 1.8 power

Min path
io_out[24]
->vssd1 r=1615
vssd* power 0.0 -> 0.0 power

Max path
io_out[24]
->vccd1 r=1050
vccd* power 1.8 -> 1.8 power

** Stage 7/7: Enter command ?> gn io_out[25]

> gn io_out[25]
Net io_out[25]: 46
 connections: gate 0 source 1 drain 1 bulk 0

Initial min path
io_out[25]
->vssd1
vssd* power 0.0 -> 0.0 power

Initial max path
io_out[25]
->vccd1
vccd* power 1.8 -> 1.8 power

Min path
io_out[25]
->vssd1 r=1615
vssd* power 0.0 -> 0.0 power

Max path
io_out[25]
->vccd1 r=1050
vccd* power 1.8 -> 1.8 power

** Stage 7/7: Enter command ?> gn io_out[26]

> gn io_out[26]
Net io_out[26]: 47
 connections: gate 0 source 1 drain 1 bulk 0

Initial min path
io_out[26]
->vssd1
vssd* power 0.0 -> 0.0 power

Initial max path
io_out[26]
->vccd1
vccd* power 1.8 -> 1.8 power

Min path
io_out[26]
->vssd1 r=1615
vssd* power 0.0 -> 0.0 power

Max path
io_out[26]
->vccd1 r=1050
vccd* power 1.8 -> 1.8 power

** Stage 7/7: Enter command ?> gn io_out[27]

> gn io_out[27]
Net io_out[27]: 48
 connections: gate 0 source 1 drain 1 bulk 0

Initial min path
io_out[27]
->vssd1
vssd* power 0.0 -> 0.0 power

Initial max path
io_out[27]
->vccd1
vccd* power 1.8 -> 1.8 power

Min path
io_out[27]
->vssd1 r=1615
vssd* power 0.0 -> 0.0 power

Max path
io_out[27]
->vccd1 r=1050
vccd* power 1.8 -> 1.8 power

** Stage 7/7: Enter command ?> gn io_out[28]

> gn io_out[28]
Net io_out[28]: 49
 connections: gate 0 source 1 drain 1 bulk 0

Initial min path
io_out[28]
->vssd1
vssd* power 0.0 -> 0.0 power

Initial max path
io_out[28]
->vccd1
vccd* power 1.8 -> 1.8 power

Min path
io_out[28]
->vssd1 r=1615
vssd* power 0.0 -> 0.0 power

Max path
io_out[28]
->vccd1 r=1050
vccd* power 1.8 -> 1.8 power

** Stage 7/7: Enter command ?> gn io_out[29]

> gn io_out[29]
Net io_out[29]: 50
 connections: gate 0 source 1 drain 1 bulk 0

Initial min path
io_out[29]
->vssd1
vssd* power 0.0 -> 0.0 power

Initial max path
io_out[29]
->vccd1
vccd* power 1.8 -> 1.8 power

Min path
io_out[29]
->vssd1 r=1615
vssd* power 0.0 -> 0.0 power

Max path
io_out[29]
->vccd1 r=1050
vccd* power 1.8 -> 1.8 power

** Stage 7/7: Enter command ?> gn io_out[30]

> gn io_out[30]
Net io_out[30]: 51
 connections: gate 0 source 1 drain 1 bulk 0

Initial min path
io_out[30]
->vssd1
vssd* power 0.0 -> 0.0 power

Initial max path
io_out[30]
->vccd1
vccd* power 1.8 -> 1.8 power

Min path
io_out[30]
->vssd1 r=1615
vssd* power 0.0 -> 0.0 power

Max path
io_out[30]
->vccd1 r=1050
vccd* power 1.8 -> 1.8 power

** Stage 7/7: Enter command ?> gn io_out[31]

> gn io_out[31]
Net io_out[31]: 72
 connections: gate 0 source 1 drain 1 bulk 0

Initial min path
io_out[31]
->vssd1
vssd* power 0.0 -> 0.0 power

Initial max path
io_out[31]
->vccd1
vccd* power 1.8 -> 1.8 power

Min path
io_out[31]
->vssd1 r=1615
vssd* power 0.0 -> 0.0 power

Max path
io_out[31]
->vccd1 r=1050
vccd* power 1.8 -> 1.8 power

** Stage 7/7: Enter command ?> gn io_out[32]

> gn io_out[32]
Net io_out[32]: 73
 connections: gate 0 source 1 drain 0 bulk 0

Initial min path
io_out[32]
->vssd1
vssd* power 0.0 -> 0.0 power

Initial max path
io_out[32]
->vssd1
vssd* power 0.0 -> 0.0 power

Initial sim path
io_out[32]
->vssd1
vssd* power 0.0 -> 0.0 power

Min path
io_out[32]
->vssd1 r=5
vssd* power 0.0 -> 0.0 power

Max path
io_out[32]
->vssd1 r=5
vssd* power 0.0 -> 0.0 power

Sim path
io_out[32]
->vssd1 r=5
vssd* power 0.0 -> 0.0 power

** Stage 7/7: Enter command ?> gn io_out[33]

> gn io_out[33]
Net io_out[33]: 74
 connections: gate 0 source 1 drain 0 bulk 0

Initial min path
io_out[33]
->vssd1
vssd* power 0.0 -> 0.0 power

Initial max path
io_out[33]
->vssd1
vssd* power 0.0 -> 0.0 power

Initial sim path
io_out[33]
->vssd1
vssd* power 0.0 -> 0.0 power

Min path
io_out[33]
->vssd1 r=5
vssd* power 0.0 -> 0.0 power

Max path
io_out[33]
->vssd1 r=5
vssd* power 0.0 -> 0.0 power

Sim path
io_out[33]
->vssd1 r=5
vssd* power 0.0 -> 0.0 power

** Stage 7/7: Enter command ?> gn io_out[34]

> gn io_out[34]
Net io_out[34]: 75
 connections: gate 0 source 1 drain 0 bulk 0

Initial min path
io_out[34]
->vssd1
vssd* power 0.0 -> 0.0 power

Initial max path
io_out[34]
->vssd1
vssd* power 0.0 -> 0.0 power

Initial sim path
io_out[34]
->vssd1
vssd* power 0.0 -> 0.0 power

Min path
io_out[34]
->vssd1 r=5
vssd* power 0.0 -> 0.0 power

Max path
io_out[34]
->vssd1 r=5
vssd* power 0.0 -> 0.0 power

Sim path
io_out[34]
->vssd1 r=5
vssd* power 0.0 -> 0.0 power

** Stage 7/7: Enter command ?> gn io_out[35]

> gn io_out[35]
Net io_out[35]: 76
 connections: gate 0 source 1 drain 0 bulk 0

Initial min path
io_out[35]
->vssd1
vssd* power 0.0 -> 0.0 power

Initial max path
io_out[35]
->vssd1
vssd* power 0.0 -> 0.0 power

Initial sim path
io_out[35]
->vssd1
vssd* power 0.0 -> 0.0 power

Min path
io_out[35]
->vssd1 r=5
vssd* power 0.0 -> 0.0 power

Max path
io_out[35]
->vssd1 r=5
vssd* power 0.0 -> 0.0 power

Sim path
io_out[35]
->vssd1 r=5
vssd* power 0.0 -> 0.0 power

** Stage 7/7: Enter command ?> gn io_out[36]

> gn io_out[36]
Net io_out[36]: 77
 connections: gate 0 source 1 drain 0 bulk 0

Initial min path
io_out[36]
->vssd1
vssd* power 0.0 -> 0.0 power

Initial max path
io_out[36]
->vssd1
vssd* power 0.0 -> 0.0 power

Initial sim path
io_out[36]
->vssd1
vssd* power 0.0 -> 0.0 power

Min path
io_out[36]
->vssd1 r=5
vssd* power 0.0 -> 0.0 power

Max path
io_out[36]
->vssd1 r=5
vssd* power 0.0 -> 0.0 power

Sim path
io_out[36]
->vssd1 r=5
vssd* power 0.0 -> 0.0 power

** Stage 7/7: Enter command ?> gn io_out[37]

> gn io_out[37]
Net io_out[37]: 78
 connections: gate 0 source 1 drain 0 bulk 0

Initial min path
io_out[37]
->vssd1
vssd* power 0.0 -> 0.0 power

Initial max path
io_out[37]
->vssd1
vssd* power 0.0 -> 0.0 power

Initial sim path
io_out[37]
->vssd1
vssd* power 0.0 -> 0.0 power

Min path
io_out[37]
->vssd1 r=5
vssd* power 0.0 -> 0.0 power

Max path
io_out[37]
->vssd1 r=5
vssd* power 0.0 -> 0.0 power

Sim path
io_out[37]
->vssd1 r=5
vssd* power 0.0 -> 0.0 power

** Stage 7/7: Enter command ?> gn io_oeb[0]

> gn io_oeb[0]
Net io_oeb[0]: 106
 connections: gate 0 source 0 drain 1 bulk 0

Initial min path
io_oeb[0]
->vccd1
vccd* power 1.8 -> 1.8 power

Initial max path
io_oeb[0]
->vccd1
vccd* power 1.8 -> 1.8 power

Initial sim path
io_oeb[0]
->vccd1
vccd* power 1.8 -> 1.8 power

Min path
io_oeb[0]
->vccd1 r=5
vccd* power 1.8 -> 1.8 power

Max path
io_oeb[0]
->vccd1 r=5
vccd* power 1.8 -> 1.8 power

Sim path
io_oeb[0]
->vccd1 r=5
vccd* power 1.8 -> 1.8 power

** Stage 7/7: Enter command ?> gn io_oeb[1]

> gn io_oeb[1]
Net io_oeb[1]: 88
 connections: gate 0 source 0 drain 1 bulk 0

Initial min path
io_oeb[1]
->vccd1
vccd* power 1.8 -> 1.8 power

Initial max path
io_oeb[1]
->vccd1
vccd* power 1.8 -> 1.8 power

Initial sim path
io_oeb[1]
->vccd1
vccd* power 1.8 -> 1.8 power

Min path
io_oeb[1]
->vccd1 r=5
vccd* power 1.8 -> 1.8 power

Max path
io_oeb[1]
->vccd1 r=5
vccd* power 1.8 -> 1.8 power

Sim path
io_oeb[1]
->vccd1 r=5
vccd* power 1.8 -> 1.8 power

** Stage 7/7: Enter command ?> gn io_oeb[2]

> gn io_oeb[2]
Net io_oeb[2]: 81
 connections: gate 0 source 0 drain 1 bulk 0

Initial min path
io_oeb[2]
->vccd1
vccd* power 1.8 -> 1.8 power

Initial max path
io_oeb[2]
->vccd1
vccd* power 1.8 -> 1.8 power

Initial sim path
io_oeb[2]
->vccd1
vccd* power 1.8 -> 1.8 power

Min path
io_oeb[2]
->vccd1 r=5
vccd* power 1.8 -> 1.8 power

Max path
io_oeb[2]
->vccd1 r=5
vccd* power 1.8 -> 1.8 power

Sim path
io_oeb[2]
->vccd1 r=5
vccd* power 1.8 -> 1.8 power

** Stage 7/7: Enter command ?> gn io_oeb[3]

> gn io_oeb[3]
Net io_oeb[3]: 92
 connections: gate 0 source 0 drain 1 bulk 0

Initial min path
io_oeb[3]
->vccd1
vccd* power 1.8 -> 1.8 power

Initial max path
io_oeb[3]
->vccd1
vccd* power 1.8 -> 1.8 power

Initial sim path
io_oeb[3]
->vccd1
vccd* power 1.8 -> 1.8 power

Min path
io_oeb[3]
->vccd1 r=5
vccd* power 1.8 -> 1.8 power

Max path
io_oeb[3]
->vccd1 r=5
vccd* power 1.8 -> 1.8 power

Sim path
io_oeb[3]
->vccd1 r=5
vccd* power 1.8 -> 1.8 power

** Stage 7/7: Enter command ?> gn io_oeb[4]

> gn io_oeb[4]
Net io_oeb[4]: 93
 connections: gate 0 source 0 drain 1 bulk 0

Initial min path
io_oeb[4]
->vccd1
vccd* power 1.8 -> 1.8 power

Initial max path
io_oeb[4]
->vccd1
vccd* power 1.8 -> 1.8 power

Initial sim path
io_oeb[4]
->vccd1
vccd* power 1.8 -> 1.8 power

Min path
io_oeb[4]
->vccd1 r=5
vccd* power 1.8 -> 1.8 power

Max path
io_oeb[4]
->vccd1 r=5
vccd* power 1.8 -> 1.8 power

Sim path
io_oeb[4]
->vccd1 r=5
vccd* power 1.8 -> 1.8 power

** Stage 7/7: Enter command ?> gn io_oeb[5]

> gn io_oeb[5]
Net io_oeb[5]: 94
 connections: gate 0 source 0 drain 1 bulk 0

Initial min path
io_oeb[5]
->vccd1
vccd* power 1.8 -> 1.8 power

Initial max path
io_oeb[5]
->vccd1
vccd* power 1.8 -> 1.8 power

Initial sim path
io_oeb[5]
->vccd1
vccd* power 1.8 -> 1.8 power

Min path
io_oeb[5]
->vccd1 r=5
vccd* power 1.8 -> 1.8 power

Max path
io_oeb[5]
->vccd1 r=5
vccd* power 1.8 -> 1.8 power

Sim path
io_oeb[5]
->vccd1 r=5
vccd* power 1.8 -> 1.8 power

** Stage 7/7: Enter command ?> gn io_oeb[6]

> gn io_oeb[6]
Net io_oeb[6]: 95
 connections: gate 0 source 0 drain 1 bulk 0

Initial min path
io_oeb[6]
->vccd1
vccd* power 1.8 -> 1.8 power

Initial max path
io_oeb[6]
->vccd1
vccd* power 1.8 -> 1.8 power

Initial sim path
io_oeb[6]
->vccd1
vccd* power 1.8 -> 1.8 power

Min path
io_oeb[6]
->vccd1 r=5
vccd* power 1.8 -> 1.8 power

Max path
io_oeb[6]
->vccd1 r=5
vccd* power 1.8 -> 1.8 power

Sim path
io_oeb[6]
->vccd1 r=5
vccd* power 1.8 -> 1.8 power

** Stage 7/7: Enter command ?> gn io_oeb[7]

> gn io_oeb[7]
Net io_oeb[7]: 96
 connections: gate 0 source 0 drain 1 bulk 0

Initial min path
io_oeb[7]
->vccd1
vccd* power 1.8 -> 1.8 power

Initial max path
io_oeb[7]
->vccd1
vccd* power 1.8 -> 1.8 power

Initial sim path
io_oeb[7]
->vccd1
vccd* power 1.8 -> 1.8 power

Min path
io_oeb[7]
->vccd1 r=5
vccd* power 1.8 -> 1.8 power

Max path
io_oeb[7]
->vccd1 r=5
vccd* power 1.8 -> 1.8 power

Sim path
io_oeb[7]
->vccd1 r=5
vccd* power 1.8 -> 1.8 power

** Stage 7/7: Enter command ?> gn io_oeb[8]

> gn io_oeb[8]
Net io_oeb[8]: 18
 connections: gate 0 source 1 drain 0 bulk 0

Initial min path
io_oeb[8]
->vssd1
vssd* power 0.0 -> 0.0 power

Initial max path
io_oeb[8]
->vssd1
vssd* power 0.0 -> 0.0 power

Initial sim path
io_oeb[8]
->vssd1
vssd* power 0.0 -> 0.0 power

Min path
io_oeb[8]
->vssd1 r=5
vssd* power 0.0 -> 0.0 power

Max path
io_oeb[8]
->vssd1 r=5
vssd* power 0.0 -> 0.0 power

Sim path
io_oeb[8]
->vssd1 r=5
vssd* power 0.0 -> 0.0 power

** Stage 7/7: Enter command ?> gn io_oeb[9]

> gn io_oeb[9]
Net io_oeb[9]: 19
 connections: gate 0 source 1 drain 0 bulk 0

Initial min path
io_oeb[9]
->vssd1
vssd* power 0.0 -> 0.0 power

Initial max path
io_oeb[9]
->vssd1
vssd* power 0.0 -> 0.0 power

Initial sim path
io_oeb[9]
->vssd1
vssd* power 0.0 -> 0.0 power

Min path
io_oeb[9]
->vssd1 r=5
vssd* power 0.0 -> 0.0 power

Max path
io_oeb[9]
->vssd1 r=5
vssd* power 0.0 -> 0.0 power

Sim path
io_oeb[9]
->vssd1 r=5
vssd* power 0.0 -> 0.0 power

** Stage 7/7: Enter command ?> gn io_oeb[10]

> gn io_oeb[10]
Net io_oeb[10]: 13
 connections: gate 0 source 1 drain 0 bulk 0

Initial min path
io_oeb[10]
->vssd1
vssd* power 0.0 -> 0.0 power

Initial max path
io_oeb[10]
->vssd1
vssd* power 0.0 -> 0.0 power

Initial sim path
io_oeb[10]
->vssd1
vssd* power 0.0 -> 0.0 power

Min path
io_oeb[10]
->vssd1 r=5
vssd* power 0.0 -> 0.0 power

Max path
io_oeb[10]
->vssd1 r=5
vssd* power 0.0 -> 0.0 power

Sim path
io_oeb[10]
->vssd1 r=5
vssd* power 0.0 -> 0.0 power

** Stage 7/7: Enter command ?> gn io_oeb[11]

> gn io_oeb[11]
Net io_oeb[11]: 14
 connections: gate 0 source 1 drain 0 bulk 0

Initial min path
io_oeb[11]
->vssd1
vssd* power 0.0 -> 0.0 power

Initial max path
io_oeb[11]
->vssd1
vssd* power 0.0 -> 0.0 power

Initial sim path
io_oeb[11]
->vssd1
vssd* power 0.0 -> 0.0 power

Min path
io_oeb[11]
->vssd1 r=5
vssd* power 0.0 -> 0.0 power

Max path
io_oeb[11]
->vssd1 r=5
vssd* power 0.0 -> 0.0 power

Sim path
io_oeb[11]
->vssd1 r=5
vssd* power 0.0 -> 0.0 power

** Stage 7/7: Enter command ?> gn io_oeb[12]

> gn io_oeb[12]
Net io_oeb[12]: 15
 connections: gate 0 source 1 drain 0 bulk 0

Initial min path
io_oeb[12]
->vssd1
vssd* power 0.0 -> 0.0 power

Initial max path
io_oeb[12]
->vssd1
vssd* power 0.0 -> 0.0 power

Initial sim path
io_oeb[12]
->vssd1
vssd* power 0.0 -> 0.0 power

Min path
io_oeb[12]
->vssd1 r=5
vssd* power 0.0 -> 0.0 power

Max path
io_oeb[12]
->vssd1 r=5
vssd* power 0.0 -> 0.0 power

Sim path
io_oeb[12]
->vssd1 r=5
vssd* power 0.0 -> 0.0 power

** Stage 7/7: Enter command ?> gn io_oeb[13]

> gn io_oeb[13]
Net io_oeb[13]: 16
 connections: gate 0 source 1 drain 0 bulk 0

Initial min path
io_oeb[13]
->vssd1
vssd* power 0.0 -> 0.0 power

Initial max path
io_oeb[13]
->vssd1
vssd* power 0.0 -> 0.0 power

Initial sim path
io_oeb[13]
->vssd1
vssd* power 0.0 -> 0.0 power

Min path
io_oeb[13]
->vssd1 r=5
vssd* power 0.0 -> 0.0 power

Max path
io_oeb[13]
->vssd1 r=5
vssd* power 0.0 -> 0.0 power

Sim path
io_oeb[13]
->vssd1 r=5
vssd* power 0.0 -> 0.0 power

** Stage 7/7: Enter command ?> gn io_oeb[14]

> gn io_oeb[14]
Net io_oeb[14]: 17
 connections: gate 0 source 1 drain 0 bulk 0

Initial min path
io_oeb[14]
->vssd1
vssd* power 0.0 -> 0.0 power

Initial max path
io_oeb[14]
->vssd1
vssd* power 0.0 -> 0.0 power

Initial sim path
io_oeb[14]
->vssd1
vssd* power 0.0 -> 0.0 power

Min path
io_oeb[14]
->vssd1 r=5
vssd* power 0.0 -> 0.0 power

Max path
io_oeb[14]
->vssd1 r=5
vssd* power 0.0 -> 0.0 power

Sim path
io_oeb[14]
->vssd1 r=5
vssd* power 0.0 -> 0.0 power

** Stage 7/7: Enter command ?> gn io_oeb[15]

> gn io_oeb[15]
Net io_oeb[15]: 117
 connections: gate 0 source 1 drain 0 bulk 0

Initial min path
io_oeb[15]
->vssd1
vssd* power 0.0 -> 0.0 power

Initial max path
io_oeb[15]
->vssd1
vssd* power 0.0 -> 0.0 power

Initial sim path
io_oeb[15]
->vssd1
vssd* power 0.0 -> 0.0 power

Min path
io_oeb[15]
->vssd1 r=5
vssd* power 0.0 -> 0.0 power

Max path
io_oeb[15]
->vssd1 r=5
vssd* power 0.0 -> 0.0 power

Sim path
io_oeb[15]
->vssd1 r=5
vssd* power 0.0 -> 0.0 power

** Stage 7/7: Enter command ?> gn io_oeb[16]

> gn io_oeb[16]
Net io_oeb[16]: 118
 connections: gate 0 source 1 drain 0 bulk 0

Initial min path
io_oeb[16]
->vssd1
vssd* power 0.0 -> 0.0 power

Initial max path
io_oeb[16]
->vssd1
vssd* power 0.0 -> 0.0 power

Initial sim path
io_oeb[16]
->vssd1
vssd* power 0.0 -> 0.0 power

Min path
io_oeb[16]
->vssd1 r=5
vssd* power 0.0 -> 0.0 power

Max path
io_oeb[16]
->vssd1 r=5
vssd* power 0.0 -> 0.0 power

Sim path
io_oeb[16]
->vssd1 r=5
vssd* power 0.0 -> 0.0 power

** Stage 7/7: Enter command ?> gn io_oeb[17]

> gn io_oeb[17]
Net io_oeb[17]: 119
 connections: gate 0 source 1 drain 0 bulk 0

Initial min path
io_oeb[17]
->vssd1
vssd* power 0.0 -> 0.0 power

Initial max path
io_oeb[17]
->vssd1
vssd* power 0.0 -> 0.0 power

Initial sim path
io_oeb[17]
->vssd1
vssd* power 0.0 -> 0.0 power

Min path
io_oeb[17]
->vssd1 r=5
vssd* power 0.0 -> 0.0 power

Max path
io_oeb[17]
->vssd1 r=5
vssd* power 0.0 -> 0.0 power

Sim path
io_oeb[17]
->vssd1 r=5
vssd* power 0.0 -> 0.0 power

** Stage 7/7: Enter command ?> gn io_oeb[18]

> gn io_oeb[18]
Net io_oeb[18]: 120
 connections: gate 0 source 1 drain 0 bulk 0

Initial min path
io_oeb[18]
->vssd1
vssd* power 0.0 -> 0.0 power

Initial max path
io_oeb[18]
->vssd1
vssd* power 0.0 -> 0.0 power

Initial sim path
io_oeb[18]
->vssd1
vssd* power 0.0 -> 0.0 power

Min path
io_oeb[18]
->vssd1 r=5
vssd* power 0.0 -> 0.0 power

Max path
io_oeb[18]
->vssd1 r=5
vssd* power 0.0 -> 0.0 power

Sim path
io_oeb[18]
->vssd1 r=5
vssd* power 0.0 -> 0.0 power

** Stage 7/7: Enter command ?> gn io_oeb[19]

> gn io_oeb[19]
Net io_oeb[19]: 129
 connections: gate 0 source 1 drain 0 bulk 0

Initial min path
io_oeb[19]
->vssd1
vssd* power 0.0 -> 0.0 power

Initial max path
io_oeb[19]
->vssd1
vssd* power 0.0 -> 0.0 power

Initial sim path
io_oeb[19]
->vssd1
vssd* power 0.0 -> 0.0 power

Min path
io_oeb[19]
->vssd1 r=5
vssd* power 0.0 -> 0.0 power

Max path
io_oeb[19]
->vssd1 r=5
vssd* power 0.0 -> 0.0 power

Sim path
io_oeb[19]
->vssd1 r=5
vssd* power 0.0 -> 0.0 power

** Stage 7/7: Enter command ?> gn io_oeb[20]

> gn io_oeb[20]
Net io_oeb[20]: 130
 connections: gate 0 source 1 drain 0 bulk 0

Initial min path
io_oeb[20]
->vssd1
vssd* power 0.0 -> 0.0 power

Initial max path
io_oeb[20]
->vssd1
vssd* power 0.0 -> 0.0 power

Initial sim path
io_oeb[20]
->vssd1
vssd* power 0.0 -> 0.0 power

Min path
io_oeb[20]
->vssd1 r=5
vssd* power 0.0 -> 0.0 power

Max path
io_oeb[20]
->vssd1 r=5
vssd* power 0.0 -> 0.0 power

Sim path
io_oeb[20]
->vssd1 r=5
vssd* power 0.0 -> 0.0 power

** Stage 7/7: Enter command ?> gn io_oeb[21]

> gn io_oeb[21]
Net io_oeb[21]: 131
 connections: gate 0 source 1 drain 0 bulk 0

Initial min path
io_oeb[21]
->vssd1
vssd* power 0.0 -> 0.0 power

Initial max path
io_oeb[21]
->vssd1
vssd* power 0.0 -> 0.0 power

Initial sim path
io_oeb[21]
->vssd1
vssd* power 0.0 -> 0.0 power

Min path
io_oeb[21]
->vssd1 r=5
vssd* power 0.0 -> 0.0 power

Max path
io_oeb[21]
->vssd1 r=5
vssd* power 0.0 -> 0.0 power

Sim path
io_oeb[21]
->vssd1 r=5
vssd* power 0.0 -> 0.0 power

** Stage 7/7: Enter command ?> gn io_oeb[22]

> gn io_oeb[22]
Net io_oeb[22]: 132
 connections: gate 0 source 1 drain 0 bulk 0

Initial min path
io_oeb[22]
->vssd1
vssd* power 0.0 -> 0.0 power

Initial max path
io_oeb[22]
->vssd1
vssd* power 0.0 -> 0.0 power

Initial sim path
io_oeb[22]
->vssd1
vssd* power 0.0 -> 0.0 power

Min path
io_oeb[22]
->vssd1 r=5
vssd* power 0.0 -> 0.0 power

Max path
io_oeb[22]
->vssd1 r=5
vssd* power 0.0 -> 0.0 power

Sim path
io_oeb[22]
->vssd1 r=5
vssd* power 0.0 -> 0.0 power

** Stage 7/7: Enter command ?> gn io_oeb[23]

> gn io_oeb[23]
Net io_oeb[23]: 133
 connections: gate 0 source 1 drain 0 bulk 0

Initial min path
io_oeb[23]
->vssd1
vssd* power 0.0 -> 0.0 power

Initial max path
io_oeb[23]
->vssd1
vssd* power 0.0 -> 0.0 power

Initial sim path
io_oeb[23]
->vssd1
vssd* power 0.0 -> 0.0 power

Min path
io_oeb[23]
->vssd1 r=5
vssd* power 0.0 -> 0.0 power

Max path
io_oeb[23]
->vssd1 r=5
vssd* power 0.0 -> 0.0 power

Sim path
io_oeb[23]
->vssd1 r=5
vssd* power 0.0 -> 0.0 power

** Stage 7/7: Enter command ?> gn io_oeb[24]

> gn io_oeb[24]
Net io_oeb[24]: 32
 connections: gate 0 source 1 drain 0 bulk 0

Initial min path
io_oeb[24]
->vssd1
vssd* power 0.0 -> 0.0 power

Initial max path
io_oeb[24]
->vssd1
vssd* power 0.0 -> 0.0 power

Initial sim path
io_oeb[24]
->vssd1
vssd* power 0.0 -> 0.0 power

Min path
io_oeb[24]
->vssd1 r=5
vssd* power 0.0 -> 0.0 power

Max path
io_oeb[24]
->vssd1 r=5
vssd* power 0.0 -> 0.0 power

Sim path
io_oeb[24]
->vssd1 r=5
vssd* power 0.0 -> 0.0 power

** Stage 7/7: Enter command ?> gn io_oeb[25]

> gn io_oeb[25]
Net io_oeb[25]: 33
 connections: gate 0 source 1 drain 0 bulk 0

Initial min path
io_oeb[25]
->vssd1
vssd* power 0.0 -> 0.0 power

Initial max path
io_oeb[25]
->vssd1
vssd* power 0.0 -> 0.0 power

Initial sim path
io_oeb[25]
->vssd1
vssd* power 0.0 -> 0.0 power

Min path
io_oeb[25]
->vssd1 r=5
vssd* power 0.0 -> 0.0 power

Max path
io_oeb[25]
->vssd1 r=5
vssd* power 0.0 -> 0.0 power

Sim path
io_oeb[25]
->vssd1 r=5
vssd* power 0.0 -> 0.0 power

** Stage 7/7: Enter command ?> gn io_oeb[26]

> gn io_oeb[26]
Net io_oeb[26]: 34
 connections: gate 0 source 1 drain 0 bulk 0

Initial min path
io_oeb[26]
->vssd1
vssd* power 0.0 -> 0.0 power

Initial max path
io_oeb[26]
->vssd1
vssd* power 0.0 -> 0.0 power

Initial sim path
io_oeb[26]
->vssd1
vssd* power 0.0 -> 0.0 power

Min path
io_oeb[26]
->vssd1 r=5
vssd* power 0.0 -> 0.0 power

Max path
io_oeb[26]
->vssd1 r=5
vssd* power 0.0 -> 0.0 power

Sim path
io_oeb[26]
->vssd1 r=5
vssd* power 0.0 -> 0.0 power

** Stage 7/7: Enter command ?> gn io_oeb[27]

> gn io_oeb[27]
Net io_oeb[27]: 35
 connections: gate 0 source 1 drain 0 bulk 0

Initial min path
io_oeb[27]
->vssd1
vssd* power 0.0 -> 0.0 power

Initial max path
io_oeb[27]
->vssd1
vssd* power 0.0 -> 0.0 power

Initial sim path
io_oeb[27]
->vssd1
vssd* power 0.0 -> 0.0 power

Min path
io_oeb[27]
->vssd1 r=5
vssd* power 0.0 -> 0.0 power

Max path
io_oeb[27]
->vssd1 r=5
vssd* power 0.0 -> 0.0 power

Sim path
io_oeb[27]
->vssd1 r=5
vssd* power 0.0 -> 0.0 power

** Stage 7/7: Enter command ?> gn io_oeb[28]

> gn io_oeb[28]
Net io_oeb[28]: 36
 connections: gate 0 source 1 drain 0 bulk 0

Initial min path
io_oeb[28]
->vssd1
vssd* power 0.0 -> 0.0 power

Initial max path
io_oeb[28]
->vssd1
vssd* power 0.0 -> 0.0 power

Initial sim path
io_oeb[28]
->vssd1
vssd* power 0.0 -> 0.0 power

Min path
io_oeb[28]
->vssd1 r=5
vssd* power 0.0 -> 0.0 power

Max path
io_oeb[28]
->vssd1 r=5
vssd* power 0.0 -> 0.0 power

Sim path
io_oeb[28]
->vssd1 r=5
vssd* power 0.0 -> 0.0 power

** Stage 7/7: Enter command ?> gn io_oeb[29]

> gn io_oeb[29]
Net io_oeb[29]: 37
 connections: gate 0 source 1 drain 0 bulk 0

Initial min path
io_oeb[29]
->vssd1
vssd* power 0.0 -> 0.0 power

Initial max path
io_oeb[29]
->vssd1
vssd* power 0.0 -> 0.0 power

Initial sim path
io_oeb[29]
->vssd1
vssd* power 0.0 -> 0.0 power

Min path
io_oeb[29]
->vssd1 r=5
vssd* power 0.0 -> 0.0 power

Max path
io_oeb[29]
->vssd1 r=5
vssd* power 0.0 -> 0.0 power

Sim path
io_oeb[29]
->vssd1 r=5
vssd* power 0.0 -> 0.0 power

** Stage 7/7: Enter command ?> gn io_oeb[30]

> gn io_oeb[30]
Net io_oeb[30]: 70
 connections: gate 0 source 1 drain 0 bulk 0

Initial min path
io_oeb[30]
->vssd1
vssd* power 0.0 -> 0.0 power

Initial max path
io_oeb[30]
->vssd1
vssd* power 0.0 -> 0.0 power

Initial sim path
io_oeb[30]
->vssd1
vssd* power 0.0 -> 0.0 power

Min path
io_oeb[30]
->vssd1 r=5
vssd* power 0.0 -> 0.0 power

Max path
io_oeb[30]
->vssd1 r=5
vssd* power 0.0 -> 0.0 power

Sim path
io_oeb[30]
->vssd1 r=5
vssd* power 0.0 -> 0.0 power

** Stage 7/7: Enter command ?> gn io_oeb[31]

> gn io_oeb[31]
Net io_oeb[31]: 71
 connections: gate 0 source 1 drain 0 bulk 0

Initial min path
io_oeb[31]
->vssd1
vssd* power 0.0 -> 0.0 power

Initial max path
io_oeb[31]
->vssd1
vssd* power 0.0 -> 0.0 power

Initial sim path
io_oeb[31]
->vssd1
vssd* power 0.0 -> 0.0 power

Min path
io_oeb[31]
->vssd1 r=5
vssd* power 0.0 -> 0.0 power

Max path
io_oeb[31]
->vssd1 r=5
vssd* power 0.0 -> 0.0 power

Sim path
io_oeb[31]
->vssd1 r=5
vssd* power 0.0 -> 0.0 power

** Stage 7/7: Enter command ?> gn io_oeb[32]

> gn io_oeb[32]
Net io_oeb[32]: 79
 connections: gate 0 source 0 drain 1 bulk 0

Initial min path
io_oeb[32]
->vccd1
vccd* power 1.8 -> 1.8 power

Initial max path
io_oeb[32]
->vccd1
vccd* power 1.8 -> 1.8 power

Initial sim path
io_oeb[32]
->vccd1
vccd* power 1.8 -> 1.8 power

Min path
io_oeb[32]
->vccd1 r=5
vccd* power 1.8 -> 1.8 power

Max path
io_oeb[32]
->vccd1 r=5
vccd* power 1.8 -> 1.8 power

Sim path
io_oeb[32]
->vccd1 r=5
vccd* power 1.8 -> 1.8 power

** Stage 7/7: Enter command ?> gn io_oeb[33]

> gn io_oeb[33]
Net io_oeb[33]: 80
 connections: gate 0 source 0 drain 1 bulk 0

Initial min path
io_oeb[33]
->vccd1
vccd* power 1.8 -> 1.8 power

Initial max path
io_oeb[33]
->vccd1
vccd* power 1.8 -> 1.8 power

Initial sim path
io_oeb[33]
->vccd1
vccd* power 1.8 -> 1.8 power

Min path
io_oeb[33]
->vccd1 r=5
vccd* power 1.8 -> 1.8 power

Max path
io_oeb[33]
->vccd1 r=5
vccd* power 1.8 -> 1.8 power

Sim path
io_oeb[33]
->vccd1 r=5
vccd* power 1.8 -> 1.8 power

** Stage 7/7: Enter command ?> gn io_oeb[34]

> gn io_oeb[34]
Net io_oeb[34]: 54
 connections: gate 0 source 0 drain 1 bulk 0

Initial min path
io_oeb[34]
->vccd1
vccd* power 1.8 -> 1.8 power

Initial max path
io_oeb[34]
->vccd1
vccd* power 1.8 -> 1.8 power

Initial sim path
io_oeb[34]
->vccd1
vccd* power 1.8 -> 1.8 power

Min path
io_oeb[34]
->vccd1 r=5
vccd* power 1.8 -> 1.8 power

Max path
io_oeb[34]
->vccd1 r=5
vccd* power 1.8 -> 1.8 power

Sim path
io_oeb[34]
->vccd1 r=5
vccd* power 1.8 -> 1.8 power

** Stage 7/7: Enter command ?> gn io_oeb[35]

> gn io_oeb[35]
Net io_oeb[35]: 55
 connections: gate 0 source 0 drain 1 bulk 0

Initial min path
io_oeb[35]
->vccd1
vccd* power 1.8 -> 1.8 power

Initial max path
io_oeb[35]
->vccd1
vccd* power 1.8 -> 1.8 power

Initial sim path
io_oeb[35]
->vccd1
vccd* power 1.8 -> 1.8 power

Min path
io_oeb[35]
->vccd1 r=5
vccd* power 1.8 -> 1.8 power

Max path
io_oeb[35]
->vccd1 r=5
vccd* power 1.8 -> 1.8 power

Sim path
io_oeb[35]
->vccd1 r=5
vccd* power 1.8 -> 1.8 power

** Stage 7/7: Enter command ?> gn io_oeb[36]

> gn io_oeb[36]
Net io_oeb[36]: 56
 connections: gate 0 source 0 drain 1 bulk 0

Initial min path
io_oeb[36]
->vccd1
vccd* power 1.8 -> 1.8 power

Initial max path
io_oeb[36]
->vccd1
vccd* power 1.8 -> 1.8 power

Initial sim path
io_oeb[36]
->vccd1
vccd* power 1.8 -> 1.8 power

Min path
io_oeb[36]
->vccd1 r=5
vccd* power 1.8 -> 1.8 power

Max path
io_oeb[36]
->vccd1 r=5
vccd* power 1.8 -> 1.8 power

Sim path
io_oeb[36]
->vccd1 r=5
vccd* power 1.8 -> 1.8 power

** Stage 7/7: Enter command ?> gn io_oeb[37]

> gn io_oeb[37]
Net io_oeb[37]: 57
 connections: gate 0 source 0 drain 1 bulk 0

Initial min path
io_oeb[37]
->vccd1
vccd* power 1.8 -> 1.8 power

Initial max path
io_oeb[37]
->vccd1
vccd* power 1.8 -> 1.8 power

Initial sim path
io_oeb[37]
->vccd1
vccd* power 1.8 -> 1.8 power

Min path
io_oeb[37]
->vccd1 r=5
vccd* power 1.8 -> 1.8 power

Max path
io_oeb[37]
->vccd1 r=5
vccd* power 1.8 -> 1.8 power

Sim path
io_oeb[37]
->vccd1 r=5
vccd* power 1.8 -> 1.8 power

** Stage 7/7: Enter command ?> gn io_in[0]

> gn io_in[0]
Net io_in[0]: 85
 connections: gate 0 source 0 drain 0 bulk 0
 base definition io_in[*]
  default min unknown
  default sim unknown
  default max unknown
 defined as  input min@0.0 max@1.8 =>  min@0.0 max@1.8 input

** Stage 7/7: Enter command ?> gn io_in[1]

> gn io_in[1]
Net io_in[1]: 83
 connections: gate 0 source 0 drain 0 bulk 0
 base definition io_in[*]
  default min unknown
  default sim unknown
  default max unknown
 defined as  input min@0.0 max@1.8 =>  min@0.0 max@1.8 input

** Stage 7/7: Enter command ?> gn io_in[2]

> gn io_in[2]
Net io_in[2]: 105
 connections: gate 0 source 0 drain 0 bulk 0
 base definition io_in[*]
  default min unknown
  default sim unknown
  default max unknown
 defined as  input min@0.0 max@1.8 =>  min@0.0 max@1.8 input

** Stage 7/7: Enter command ?> gn io_in[3]

> gn io_in[3]
Net io_in[3]: 86
 connections: gate 0 source 0 drain 0 bulk 0
 base definition io_in[*]
  default min unknown
  default sim unknown
  default max unknown
 defined as  input min@0.0 max@1.8 =>  min@0.0 max@1.8 input

** Stage 7/7: Enter command ?> gn io_in[4]

> gn io_in[4]
Net io_in[4]: 87
 connections: gate 0 source 0 drain 0 bulk 0
 base definition io_in[*]
  default min unknown
  default sim unknown
  default max unknown
 defined as  input min@0.0 max@1.8 =>  min@0.0 max@1.8 input

** Stage 7/7: Enter command ?> gn io_in[5]

> gn io_in[5]
Net io_in[5]: 89
 connections: gate 0 source 0 drain 0 bulk 0
 base definition io_in[*]
  default min unknown
  default sim unknown
  default max unknown
 defined as  input min@0.0 max@1.8 =>  min@0.0 max@1.8 input

** Stage 7/7: Enter command ?> gn io_in[6]

> gn io_in[6]
Net io_in[6]: 90
 connections: gate 0 source 0 drain 0 bulk 0
 base definition io_in[*]
  default min unknown
  default sim unknown
  default max unknown
 defined as  input min@0.0 max@1.8 =>  min@0.0 max@1.8 input

** Stage 7/7: Enter command ?> gn io_in[7]

> gn io_in[7]
Net io_in[7]: 97
 connections: gate 0 source 0 drain 0 bulk 0
 base definition io_in[*]
  default min unknown
  default sim unknown
  default max unknown
 defined as  input min@0.0 max@1.8 =>  min@0.0 max@1.8 input

** Stage 7/7: Enter command ?> gn io_in[8]

> gn io_in[8]
Net io_in[8]: 0
 connections: gate 0 source 0 drain 0 bulk 0
 base definition io_in[*]
  default min unknown
  default sim unknown
  default max unknown
 defined as  input min@0.0 max@1.8 =>  min@0.0 max@1.8 input

** Stage 7/7: Enter command ?> gn io_in[9]

> gn io_in[9]
Net io_in[9]: 12
 connections: gate 0 source 0 drain 0 bulk 0
 base definition io_in[*]
  default min unknown
  default sim unknown
  default max unknown
 defined as  input min@0.0 max@1.8 =>  min@0.0 max@1.8 input

** Stage 7/7: Enter command ?> gn io_in[10]

> gn io_in[10]
Net io_in[10]: 6
 connections: gate 0 source 0 drain 0 bulk 0
 base definition io_in[*]
  default min unknown
  default sim unknown
  default max unknown
 defined as  input min@0.0 max@1.8 =>  min@0.0 max@1.8 input

** Stage 7/7: Enter command ?> gn io_in[11]

> gn io_in[11]
Net io_in[11]: 7
 connections: gate 0 source 0 drain 0 bulk 0
 base definition io_in[*]
  default min unknown
  default sim unknown
  default max unknown
 defined as  input min@0.0 max@1.8 =>  min@0.0 max@1.8 input

** Stage 7/7: Enter command ?> gn io_in[12]

> gn io_in[12]
Net io_in[12]: 8
 connections: gate 0 source 0 drain 0 bulk 0
 base definition io_in[*]
  default min unknown
  default sim unknown
  default max unknown
 defined as  input min@0.0 max@1.8 =>  min@0.0 max@1.8 input

** Stage 7/7: Enter command ?> gn io_in[13]

> gn io_in[13]
Net io_in[13]: 9
 connections: gate 0 source 0 drain 0 bulk 0
 base definition io_in[*]
  default min unknown
  default sim unknown
  default max unknown
 defined as  input min@0.0 max@1.8 =>  min@0.0 max@1.8 input

** Stage 7/7: Enter command ?> gn io_in[14]

> gn io_in[14]
Net io_in[14]: 10
 connections: gate 0 source 0 drain 0 bulk 0
 base definition io_in[*]
  default min unknown
  default sim unknown
  default max unknown
 defined as  input min@0.0 max@1.8 =>  min@0.0 max@1.8 input

** Stage 7/7: Enter command ?> gn io_in[15]

> gn io_in[15]
Net io_in[15]: 112
 connections: gate 0 source 0 drain 0 bulk 0
 base definition io_in[*]
  default min unknown
  default sim unknown
  default max unknown
 defined as  input min@0.0 max@1.8 =>  min@0.0 max@1.8 input

** Stage 7/7: Enter command ?> gn io_in[16]

> gn io_in[16]
Net io_in[16]: 113
 connections: gate 0 source 0 drain 0 bulk 0
 base definition io_in[*]
  default min unknown
  default sim unknown
  default max unknown
 defined as  input min@0.0 max@1.8 =>  min@0.0 max@1.8 input

** Stage 7/7: Enter command ?> gn io_in[17]

> gn io_in[17]
Net io_in[17]: 114
 connections: gate 0 source 0 drain 0 bulk 0
 base definition io_in[*]
  default min unknown
  default sim unknown
  default max unknown
 defined as  input min@0.0 max@1.8 =>  min@0.0 max@1.8 input

** Stage 7/7: Enter command ?> gn io_in[18]

> gn io_in[18]
Net io_in[18]: 115
 connections: gate 0 source 0 drain 0 bulk 0
 base definition io_in[*]
  default min unknown
  default sim unknown
  default max unknown
 defined as  input min@0.0 max@1.8 =>  min@0.0 max@1.8 input

** Stage 7/7: Enter command ?> gn io_in[19]

> gn io_in[19]
Net io_in[19]: 116
 connections: gate 0 source 0 drain 0 bulk 0
 base definition io_in[*]
  default min unknown
  default sim unknown
  default max unknown
 defined as  input min@0.0 max@1.8 =>  min@0.0 max@1.8 input

** Stage 7/7: Enter command ?> gn io_in[20]

> gn io_in[20]
Net io_in[20]: 134
 connections: gate 0 source 0 drain 0 bulk 0
 base definition io_in[*]
  default min unknown
  default sim unknown
  default max unknown
 defined as  input min@0.0 max@1.8 =>  min@0.0 max@1.8 input

** Stage 7/7: Enter command ?> gn io_in[21]

> gn io_in[21]
Net io_in[21]: 135
 connections: gate 0 source 0 drain 0 bulk 0
 base definition io_in[*]
  default min unknown
  default sim unknown
  default max unknown
 defined as  input min@0.0 max@1.8 =>  min@0.0 max@1.8 input

** Stage 7/7: Enter command ?> gn io_in[22]

> gn io_in[22]
Net io_in[22]: 136
 connections: gate 0 source 0 drain 0 bulk 0
 base definition io_in[*]
  default min unknown
  default sim unknown
  default max unknown
 defined as  input min@0.0 max@1.8 =>  min@0.0 max@1.8 input

** Stage 7/7: Enter command ?> gn io_in[23]

> gn io_in[23]
Net io_in[23]: 137
 connections: gate 0 source 0 drain 0 bulk 0
 base definition io_in[*]
  default min unknown
  default sim unknown
  default max unknown
 defined as  input min@0.0 max@1.8 =>  min@0.0 max@1.8 input

** Stage 7/7: Enter command ?> gn io_in[24]

> gn io_in[24]
Net io_in[24]: 38
 connections: gate 0 source 0 drain 0 bulk 0
 base definition io_in[*]
  default min unknown
  default sim unknown
  default max unknown
 defined as  input min@0.0 max@1.8 =>  min@0.0 max@1.8 input

** Stage 7/7: Enter command ?> gn io_in[25]

> gn io_in[25]
Net io_in[25]: 39
 connections: gate 0 source 0 drain 0 bulk 0
 base definition io_in[*]
  default min unknown
  default sim unknown
  default max unknown
 defined as  input min@0.0 max@1.8 =>  min@0.0 max@1.8 input

** Stage 7/7: Enter command ?> gn io_in[26]

> gn io_in[26]
Net io_in[26]: 40
 connections: gate 0 source 0 drain 0 bulk 0
 base definition io_in[*]
  default min unknown
  default sim unknown
  default max unknown
 defined as  input min@0.0 max@1.8 =>  min@0.0 max@1.8 input

** Stage 7/7: Enter command ?> gn io_in[27]

> gn io_in[27]
Net io_in[27]: 41
 connections: gate 0 source 0 drain 0 bulk 0
 base definition io_in[*]
  default min unknown
  default sim unknown
  default max unknown
 defined as  input min@0.0 max@1.8 =>  min@0.0 max@1.8 input

** Stage 7/7: Enter command ?> gn io_in[28]

> gn io_in[28]
Net io_in[28]: 42
 connections: gate 0 source 0 drain 0 bulk 0
 base definition io_in[*]
  default min unknown
  default sim unknown
  default max unknown
 defined as  input min@0.0 max@1.8 =>  min@0.0 max@1.8 input

** Stage 7/7: Enter command ?> gn io_in[29]

> gn io_in[29]
Net io_in[29]: 43
 connections: gate 0 source 0 drain 0 bulk 0
 base definition io_in[*]
  default min unknown
  default sim unknown
  default max unknown
 defined as  input min@0.0 max@1.8 =>  min@0.0 max@1.8 input

** Stage 7/7: Enter command ?> gn io_in[30]

> gn io_in[30]
Net io_in[30]: 44
 connections: gate 0 source 0 drain 0 bulk 0
 base definition io_in[*]
  default min unknown
  default sim unknown
  default max unknown
 defined as  input min@0.0 max@1.8 =>  min@0.0 max@1.8 input

** Stage 7/7: Enter command ?> gn io_in[31]

> gn io_in[31]
Net io_in[31]: 62
 connections: gate 0 source 0 drain 0 bulk 0
 base definition io_in[*]
  default min unknown
  default sim unknown
  default max unknown
 defined as  input min@0.0 max@1.8 =>  min@0.0 max@1.8 input

** Stage 7/7: Enter command ?> gn io_in[32]

> gn io_in[32]
Net io_in[32]: 63
 connections: gate 2 source 0 drain 0 bulk 0
 base definition io_in[*]
  default min unknown
  default sim unknown
  default max unknown
 defined as  input min@0.0 max@1.8 =>  min@0.0 max@1.8 input

** Stage 7/7: Enter command ?> gn io_in[33]

> gn io_in[33]
Net io_in[33]: 64
 connections: gate 0 source 0 drain 0 bulk 0
 base definition io_in[*]
  default min unknown
  default sim unknown
  default max unknown
 defined as  input min@0.0 max@1.8 =>  min@0.0 max@1.8 input

** Stage 7/7: Enter command ?> gn io_in[34]

> gn io_in[34]
Net io_in[34]: 65
 connections: gate 0 source 0 drain 0 bulk 0
 base definition io_in[*]
  default min unknown
  default sim unknown
  default max unknown
 defined as  input min@0.0 max@1.8 =>  min@0.0 max@1.8 input

** Stage 7/7: Enter command ?> gn io_in[35]

> gn io_in[35]
Net io_in[35]: 66
 connections: gate 0 source 0 drain 0 bulk 0
 base definition io_in[*]
  default min unknown
  default sim unknown
  default max unknown
 defined as  input min@0.0 max@1.8 =>  min@0.0 max@1.8 input

** Stage 7/7: Enter command ?> gn io_in[36]

> gn io_in[36]
Net io_in[36]: 67
 connections: gate 0 source 0 drain 0 bulk 0
 base definition io_in[*]
  default min unknown
  default sim unknown
  default max unknown
 defined as  input min@0.0 max@1.8 =>  min@0.0 max@1.8 input

** Stage 7/7: Enter command ?> gn io_in[37]

> gn io_in[37]
Net io_in[37]: 68
 connections: gate 0 source 0 drain 0 bulk 0
 base definition io_in[*]
  default min unknown
  default sim unknown
  default max unknown
 defined as  input min@0.0 max@1.8 =>  min@0.0 max@1.8 input

** Stage 7/7: Enter command ?> gn analog_io[0]

> gn analog_io[0]
Net analog_io[0]: 82
 connections: gate 0 source 0 drain 0 bulk 0

** Stage 7/7: Enter command ?> gn analog_io[1]

> gn analog_io[1]
Net analog_io[1]: 98
 connections: gate 0 source 0 drain 0 bulk 0

** Stage 7/7: Enter command ?> gn analog_io[2]

> gn analog_io[2]
Net analog_io[2]: 11
 connections: gate 0 source 0 drain 0 bulk 0

** Stage 7/7: Enter command ?> gn analog_io[3]

> gn analog_io[3]
Net analog_io[3]: 1
 connections: gate 0 source 0 drain 0 bulk 0

** Stage 7/7: Enter command ?> gn analog_io[4]

> gn analog_io[4]
Net analog_io[4]: 2
 connections: gate 0 source 0 drain 0 bulk 0

** Stage 7/7: Enter command ?> gn analog_io[5]

> gn analog_io[5]
Net analog_io[5]: 3
 connections: gate 0 source 0 drain 0 bulk 0

** Stage 7/7: Enter command ?> gn analog_io[6]

> gn analog_io[6]
Net analog_io[6]: 4
 connections: gate 0 source 0 drain 0 bulk 0

** Stage 7/7: Enter command ?> gn analog_io[7]

> gn analog_io[7]
Net analog_io[7]: 5
 connections: gate 0 source 0 drain 0 bulk 0

** Stage 7/7: Enter command ?> gn analog_io[8]

> gn analog_io[8]
Net analog_io[8]: 110
 connections: gate 0 source 0 drain 0 bulk 0

** Stage 7/7: Enter command ?> gn analog_io[9]

> gn analog_io[9]
Net analog_io[9]: 111
 connections: gate 0 source 0 drain 0 bulk 0

** Stage 7/7: Enter command ?> gn analog_io[10]

> gn analog_io[10]
Net analog_io[10]: 107
 connections: gate 0 source 0 drain 0 bulk 0

** Stage 7/7: Enter command ?> gn analog_io[11]

> gn analog_io[11]
Net analog_io[11]: 108
 connections: gate 0 source 0 drain 0 bulk 0

** Stage 7/7: Enter command ?> gn analog_io[12]

> gn analog_io[12]
Net analog_io[12]: 109
 connections: gate 0 source 0 drain 0 bulk 0

** Stage 7/7: Enter command ?> gn analog_io[13]

> gn analog_io[13]
Net analog_io[13]: 126
 connections: gate 0 source 0 drain 0 bulk 0

** Stage 7/7: Enter command ?> gn analog_io[14]

> gn analog_io[14]
Net analog_io[14]: 127
 connections: gate 0 source 0 drain 0 bulk 0

** Stage 7/7: Enter command ?> gn analog_io[15]

> gn analog_io[15]
Net analog_io[15]: 128
 connections: gate 0 source 0 drain 0 bulk 0

** Stage 7/7: Enter command ?> gn analog_io[16]

> gn analog_io[16]
Net analog_io[16]: 125
 connections: gate 0 source 0 drain 0 bulk 0

** Stage 7/7: Enter command ?> gn analog_io[17]

> gn analog_io[17]
Net analog_io[17]: 28
 connections: gate 0 source 0 drain 0 bulk 0

** Stage 7/7: Enter command ?> gn analog_io[18]

> gn analog_io[18]
Net analog_io[18]: 29
 connections: gate 0 source 0 drain 0 bulk 0

** Stage 7/7: Enter command ?> gn analog_io[19]

> gn analog_io[19]
Net analog_io[19]: 30
 connections: gate 0 source 0 drain 0 bulk 0

** Stage 7/7: Enter command ?> gn analog_io[20]

> gn analog_io[20]
Net analog_io[20]: 31
 connections: gate 0 source 0 drain 0 bulk 0

** Stage 7/7: Enter command ?> gn analog_io[21]

> gn analog_io[21]
Net analog_io[21]: 52
 connections: gate 0 source 0 drain 0 bulk 0

** Stage 7/7: Enter command ?> gn analog_io[22]

> gn analog_io[22]
Net analog_io[22]: 53
 connections: gate 0 source 0 drain 0 bulk 0

** Stage 7/7: Enter command ?> gn analog_io[23]

> gn analog_io[23]
Net analog_io[23]: 27
 connections: gate 0 source 0 drain 0 bulk 0

** Stage 7/7: Enter command ?> gn analog_io[24]

> gn analog_io[24]
Net analog_io[24]: 59
 connections: gate 0 source 0 drain 0 bulk 0

** Stage 7/7: Enter command ?> gn analog_io[25]

> gn analog_io[25]
Net analog_io[25]: 60
 connections: gate 0 source 0 drain 0 bulk 0

** Stage 7/7: Enter command ?> gn analog_io[26]

> gn analog_io[26]
Net analog_io[26]: 61
 connections: gate 0 source 0 drain 0 bulk 0

** Stage 7/7: Enter command ?> gn analog_io[27]

> gn analog_io[27]
Net analog_io[27]: 69
 connections: gate 0 source 0 drain 0 bulk 0

** Stage 7/7: Enter command ?> gn analog_io[28]

> gn analog_io[28]
Net analog_io[28]: 58
 connections: gate 0 source 0 drain 0 bulk 0

** Stage 7/7: Enter command ?> q

> q
 gpio/user/analog |   in   |   out  | analog |  oeb min/sim/max  | configuration
   0 /  0 /       |        |  vssd* |        | vccd*/vccd*/vccd* | FIXED_STD_INPUT_NOPULL 
   1 /  1 /       |        |  vssd* |        | vccd*/vccd*/vccd* | FIXED_STD_INPUT_NOPULL 
   2 /  2 /       |        |  vssd* |        | vccd*/vccd*/vccd* | FIXED_STD_INPUT_NOPULL 
   3 /  3 /       |        |  vssd* |        | vccd*/vccd*/vccd* | FIXED_STD_INPUT_PULLUP 
   4 /  4 /       |        |  vssd* |        | vccd*/vccd*/vccd* | FIXED_STD_INPUT_NOPULL 
   5 /  5 /       |        |  vssd* |        | vccd*/vccd*/vccd* | USER_STD_INPUT_NOPULL 1 warnings/errors
   6 /  6 /       |        |  vssd* |        | vccd*/vccd*/vccd* | USER_STD_INPUT_NOPULL 1 warnings/errors
   7 /  7 /   0   |        |  vssd* |        | vccd*/vccd*/vccd* | USER_STD_INPUT_NOPULL 1 warnings/errors
   8 /  8 /   1   |        |  vssd* |        | vssd*/vssd*/vssd* | USER_STD_BIDIRECTIONAL 2 warnings/errors
   9 /  9 /   2   |        |  vssd* |        | vssd*/vssd*/vssd* | USER_STD_BIDIRECTIONAL 2 warnings/errors
  10 / 10 /   3   |        |  vssd* |        | vssd*/vssd*/vssd* | USER_STD_BIDIRECTIONAL 2 warnings/errors
  11 / 11 /   4   |        |  vssd* |        | vssd*/vssd*/vssd* | USER_STD_BIDIRECTIONAL 2 warnings/errors
  12 / 12 /   5   |        |  vssd* |        | vssd*/vssd*/vssd* | USER_STD_BIDIRECTIONAL 2 warnings/errors
  13 / 13 /   6   |        |  vssd* |        | vssd*/vssd*/vssd* | USER_STD_BIDIRECTIONAL 2 warnings/errors
  14 / 14 /   7   |        |  vssd* |        | vssd*/vssd*/vssd* | USER_STD_BIDIRECTIONAL 2 warnings/errors
  15 / 15 /   8   |        |  vssd* |        | vssd*/vssd*/vssd* | USER_STD_BIDIRECTIONAL 2 warnings/errors
  16 / 16 /   9   |        |      2 |        | vssd*/vssd*/vssd* | USER_STD_OUTPUT 
  17 / 17 /  10   |        |      2 |        | vssd*/vssd*/vssd* | USER_STD_OUTPUT 
  18 / 18 /  11   |        |      2 |        | vssd*/vssd*/vssd* | USER_STD_OUTPUT 
  19 / 19 /  12   |        |      2 |        | vssd*/vssd*/vssd* | USER_STD_OUTPUT 
  20 / 20 /  13   |        |      2 |        | vssd*/vssd*/vssd* | USER_STD_OUTPUT 
  21 / 21 /  14   |        |      2 |        | vssd*/vssd*/vssd* | USER_STD_OUTPUT 
  22 / 22 /  15   |        |      2 |        | vssd*/vssd*/vssd* | USER_STD_OUTPUT 
  23 / 23 /  16   |        |      2 |        | vssd*/vssd*/vssd* | USER_STD_OUTPUT 
  24 / 24 /  17   |        |      2 |        | vssd*/vssd*/vssd* | USER_STD_OUTPUT 
  25 / 25 /  18   |        |      2 |        | vssd*/vssd*/vssd* | USER_STD_OUTPUT 
  26 / 26 /  19   |        |      2 |        | vssd*/vssd*/vssd* | USER_STD_OUTPUT 
  27 / 27 /  20   |        |      2 |        | vssd*/vssd*/vssd* | USER_STD_OUTPUT 
  28 / 28 /  21   |        |      2 |        | vssd*/vssd*/vssd* | USER_STD_OUTPUT 
  29 / 29 /  22   |        |      2 |        | vssd*/vssd*/vssd* | USER_STD_OUTPUT 
  30 / 30 /  23   |        |      2 |        | vssd*/vssd*/vssd* | USER_STD_OUTPUT 
  31 / 31 /  24   |        |      2 |        | vssd*/vssd*/vssd* | USER_STD_OUTPUT 
  32 / 32 /  25   |      4 |  vssd* |        | vccd*/vccd*/vccd* | USER_STD_INPUT_NOPULL 
  33 / 33 /  26   |        |  vssd* |        | vccd*/vccd*/vccd* | USER_STD_INPUT_NOPULL 1 warnings/errors
  34 / 34 /  27   |        |  vssd* |        | vccd*/vccd*/vccd* | USER_STD_INPUT_NOPULL 1 warnings/errors
  35 / 35 /  28   |        |  vssd* |        | vccd*/vccd*/vccd* | USER_STD_INPUT_NOPULL 1 warnings/errors
  36 / 36 /       |        |  vssd* |        | vccd*/vccd*/vccd* | USER_STD_INPUT_NOPULL 1 warnings/errors
  37 / 37 /       |        |  vssd* |        | vccd*/vccd*/vccd* | USER_STD_INPUT_NOPULL 1 warnings/errors

*** Detected the following warnings and/or errors: ***
GPIO  5: Warning: missing user input connection
GPIO  6: Warning: missing user input connection
GPIO  7: Warning: missing user input connection
GPIO  8: Warning: user output fixed at vssd*
GPIO  8: Warning: bidirectional user oeb is always low - always output mode
GPIO  9: Warning: user output fixed at vssd*
GPIO  9: Warning: bidirectional user oeb is always low - always output mode
GPIO 10: Warning: user output fixed at vssd*
GPIO 10: Warning: bidirectional user oeb is always low - always output mode
GPIO 11: Warning: user output fixed at vssd*
GPIO 11: Warning: bidirectional user oeb is always low - always output mode
GPIO 12: Warning: user output fixed at vssd*
GPIO 12: Warning: bidirectional user oeb is always low - always output mode
GPIO 13: Warning: user output fixed at vssd*
GPIO 13: Warning: bidirectional user oeb is always low - always output mode
GPIO 14: Warning: user output fixed at vssd*
GPIO 14: Warning: bidirectional user oeb is always low - always output mode
GPIO 15: Warning: user output fixed at vssd*
GPIO 15: Warning: bidirectional user oeb is always low - always output mode
GPIO 33: Warning: missing user input connection
GPIO 34: Warning: missing user input connection
GPIO 35: Warning: missing user input connection
GPIO 36: Warning: missing user input connection
GPIO 37: Warning: missing user input connection
