2026-05-02 05:05:31 [INFO] Extracting compressed files in: /tmp/tmpsmeuwa2c/repo
2026-05-02 05:05:31 [INFO] Project type: digital
2026-05-02 05:05:32 [INFO] GDS hash (user_project_wrapper): 58f3f5f1063ac575ac7e07fcfefc8987f8cb4d15
2026-05-02 05:05:32 [INFO] Tools: KLayout v0.29.2 | Magic v8.3.471
2026-05-02 05:05:32 [INFO] PDK: SKY130A unknown
2026-05-02 05:05:32 [INFO] Running 13 checks: [topcell_check, gpio_defines, xor, klayout_feol, klayout_beol, klayout_offgrid, klayout_met_min_ca_density, klayout_pin_label_purposes_overlapping_drawing, klayout_zeroarea, spike_check, illegal_cellname_check, lvs, oeb]
2026-05-02 05:05:37 [INFO] Single top cell 'user_project_wrapper' found
2026-05-02 05:05:37 [INFO] GPIO defines: parsing verilog/rtl/user_defines.v
2026-05-02 05:05:38 [INFO] GPIO defines report: /tmp/tmpsmeuwa2c/repo/precheck_results/02_MAY_2026___05_05_31/outputs/reports/gpio_defines.report
2026-05-02 05:06:10 [INFO] Total XOR differences: 161
2026-05-02 05:06:10 [INFO] Running: klayout -b -r /usr/local/lib/python3.9/site-packages/cf_precheck/drc_scripts/sky130A_mr.drc -rd input=/tmp/tmpsmeuwa2c/repo/gds/user_project_wrapper.gds -rd topcell=user_project_wrapper -rd report=/tmp/tmpsmeuwa2c/repo/precheck_results/02_MAY_2026___05_05_31/outputs/reports/klayout_feol_check.xml -rd thr=2 -rd feol=true
2026-05-02 05:18:27 [INFO] No DRC violations found
2026-05-02 05:18:27 [INFO] Running: klayout -b -r /usr/local/lib/python3.9/site-packages/cf_precheck/drc_scripts/sky130A_mr.drc -rd input=/tmp/tmpsmeuwa2c/repo/gds/user_project_wrapper.gds -rd topcell=user_project_wrapper -rd report=/tmp/tmpsmeuwa2c/repo/precheck_results/02_MAY_2026___05_05_31/outputs/reports/klayout_beol_check.xml -rd thr=2 -rd beol=true
2026-05-02 05:35:22 [ERROR] klayout_beol failed (stat=-9), see /tmp/tmpsmeuwa2c/repo/precheck_results/02_MAY_2026___05_05_31/logs/klayout_beol_check.log
2026-05-02 05:35:22 [INFO] Running: klayout -b -r /usr/local/lib/python3.9/site-packages/cf_precheck/drc_scripts/sky130A_mr.drc -rd input=/tmp/tmpsmeuwa2c/repo/gds/user_project_wrapper.gds -rd topcell=user_project_wrapper -rd report=/tmp/tmpsmeuwa2c/repo/precheck_results/02_MAY_2026___05_05_31/outputs/reports/klayout_offgrid_check.xml -rd thr=2 -rd offgrid=true
2026-05-02 05:42:47 [INFO] No DRC violations found
2026-05-02 05:42:47 [INFO] Running: klayout -b -r /usr/local/lib/python3.9/site-packages/cf_precheck/drc_scripts/met_min_ca_density.lydrc -rd input=/tmp/tmpsmeuwa2c/repo/gds/user_project_wrapper.gds -rd topcell=user_project_wrapper -rd report=/tmp/tmpsmeuwa2c/repo/precheck_results/02_MAY_2026___05_05_31/outputs/reports/klayout_met_min_ca_density_check.xml -rd thr=2
2026-05-02 05:44:43 [INFO] No DRC violations found
2026-05-02 05:44:43 [INFO] Running: klayout -b -r /usr/local/lib/python3.9/site-packages/cf_precheck/drc_scripts/pin_label_purposes_overlapping_drawing.rb.drc -rd input=/tmp/tmpsmeuwa2c/repo/gds/user_project_wrapper.gds -rd topcell=user_project_wrapper -rd report=/tmp/tmpsmeuwa2c/repo/precheck_results/02_MAY_2026___05_05_31/outputs/reports/klayout_pin_label_purposes_overlapping_drawing_check.xml -rd thr=2 -rd top_cell_name=user_project_wrapper
2026-05-02 05:46:08 [INFO] No DRC violations found
2026-05-02 05:46:08 [INFO] Running: klayout -b -r /usr/local/lib/python3.9/site-packages/cf_precheck/drc_scripts/zeroarea.rb.drc -rd input=/tmp/tmpsmeuwa2c/repo/gds/user_project_wrapper.gds -rd topcell=user_project_wrapper -rd report=/tmp/tmpsmeuwa2c/repo/precheck_results/02_MAY_2026___05_05_31/outputs/reports/klayout_zeroarea_check.xml -rd thr=2 -rd cleaned_output=/tmp/tmpsmeuwa2c/repo/precheck_results/02_MAY_2026___05_05_31/outputs/user_project_wrapper_no_zero_areas.gds
2026-05-02 05:46:27 [INFO] No DRC violations found
2026-05-02 05:46:27 [INFO] Running: bash /usr/local/lib/python3.9/site-packages/cf_precheck/drc_scripts/gdsArea0 -V -m /tmp/tmpsmeuwa2c/repo/precheck_results/02_MAY_2026___05_05_31/outputs/reports/spike_check.xml /tmp/tmpsmeuwa2c/repo/gds/user_project_wrapper.gds
2026-05-02 05:46:40 [INFO] No spikes found
2026-05-02 05:46:44 [INFO] Loading LVS environment from /tmp/tmpsmeuwa2c/repo/lvs/user_project_wrapper/lvs_config.json
2026-05-02 05:46:44 [WARNING] Missing LVS configuration variable EXTRACT_FLATGLOB
2026-05-02 05:46:44 [WARNING] Missing LVS configuration variable EXTRACT_ABSTRACT
2026-05-02 05:46:44 [WARNING] Missing LVS configuration variable EXTRACT_CREATE_SUBCUT
2026-05-02 05:46:44 [WARNING] Missing LVS configuration variable LVS_FLATTEN
2026-05-02 05:46:44 [WARNING] Missing LVS configuration variable LVS_NOFLATTEN
2026-05-02 05:46:44 [WARNING] Missing LVS configuration variable LVS_IGNORE
2026-05-02 05:46:44 [INFO] LVS_SPICE_FILES: 
2026-05-02 05:46:44 [INFO] LVS_VERILOG_FILES: verilog/gl/user_project_wrapper.v
2026-05-02 05:46:44 [INFO] LAYOUT_FILE: gds/user_project_wrapper.gds
2026-05-02 05:46:44 [INFO] Running: run_be_checks --nooeb
2026-05-02 05:46:44 [INFO] LVS output directory: /tmp/tmpsmeuwa2c/repo/precheck_results/02_MAY_2026___05_05_31
2026-05-02 05:46:44 [ERROR] LVS FAILED (stat=1), see /tmp/tmpsmeuwa2c/repo/precheck_results/02_MAY_2026___05_05_31/logs/LVS_check.log
2026-05-02 05:46:44 [INFO] Loading LVS environment from /tmp/tmpsmeuwa2c/repo/lvs/user_project_wrapper/lvs_config.json
2026-05-02 05:46:44 [WARNING] Missing LVS configuration variable EXTRACT_FLATGLOB
2026-05-02 05:46:44 [WARNING] Missing LVS configuration variable EXTRACT_ABSTRACT
2026-05-02 05:46:44 [WARNING] Missing LVS configuration variable EXTRACT_CREATE_SUBCUT
2026-05-02 05:46:44 [WARNING] Missing LVS configuration variable LVS_FLATTEN
2026-05-02 05:46:44 [WARNING] Missing LVS configuration variable LVS_NOFLATTEN
2026-05-02 05:46:44 [WARNING] Missing LVS configuration variable LVS_IGNORE
2026-05-02 05:46:44 [INFO] LVS_SPICE_FILES: 
2026-05-02 05:46:44 [INFO] LVS_VERILOG_FILES: verilog/gl/user_project_wrapper.v
2026-05-02 05:46:44 [INFO] LAYOUT_FILE: gds/user_project_wrapper.gds
2026-05-02 05:46:44 [INFO] Running: run_oeb_check 
2026-05-02 05:46:44 [INFO] OEB output directory: /tmp/tmpsmeuwa2c/repo/precheck_results/02_MAY_2026___05_05_31
2026-05-02 05:46:44 [ERROR] OEB FAILED (stat=1), see /tmp/tmpsmeuwa2c/repo/precheck_results/02_MAY_2026___05_05_31/logs/OEB_check.log
